Component: ARM Compiler 5.05 update 1 (build 106) Tool: armlink [4d0efa]

==============================================================================

Section Cross References

    system_stm32f4xx.o(i.SystemCoreClockUpdate) refers to system_stm32f4xx.o(.data) for .data
    system_stm32f4xx.o(i.SystemCoreClockUpdate) refers to system_stm32f4xx.o(.constdata) for .constdata
    stm32f4xx_hal_msp.o(i.HAL_MspInit) refers to stm32f4xx_hal_cortex.o(i.HAL_NVIC_SetPriorityGrouping) for HAL_NVIC_SetPriorityGrouping
    stm32f4xx_hal_msp.o(i.HAL_MspInit) refers to stm32f4xx_hal_cortex.o(i.HAL_NVIC_SetPriority) for HAL_NVIC_SetPriority
    main.o(i.HAL_TIM_PeriodElapsedCallback) refers to tim.o(.bss) for htim11
    main.o(i.HAL_TIM_PeriodElapsedCallback) refers to main.o(.data) for .data
    main.o(i.SystemClock_Config) refers to stm32f4xx_hal_rcc.o(i.HAL_RCC_OscConfig) for HAL_RCC_OscConfig
    main.o(i.SystemClock_Config) refers to stm32f4xx_hal_rcc.o(i.HAL_RCC_ClockConfig) for HAL_RCC_ClockConfig
    main.o(i.SystemClock_Config) refers to stm32f4xx_hal_rcc.o(i.HAL_RCC_GetHCLKFreq) for HAL_RCC_GetHCLKFreq
    main.o(i.SystemClock_Config) refers to stm32f4xx_hal_cortex.o(i.HAL_SYSTICK_Config) for HAL_SYSTICK_Config
    main.o(i.SystemClock_Config) refers to stm32f4xx_hal_cortex.o(i.HAL_SYSTICK_CLKSourceConfig) for HAL_SYSTICK_CLKSourceConfig
    main.o(i.SystemClock_Config) refers to stm32f4xx_hal_cortex.o(i.HAL_NVIC_SetPriority) for HAL_NVIC_SetPriority
    main.o(i.USER_UART_IDLECallback) refers to stm32f4xx_hal_dma.o(i.HAL_DMA_Abort_IT) for HAL_DMA_Abort_IT
    main.o(i.USER_UART_IDLECallback) refers to strchr.o(.text) for strchr
    main.o(i.USER_UART_IDLECallback) refers to strcpy.o(.text) for strcpy
    main.o(i.USER_UART_IDLECallback) refers to memseta.o(.text) for __aeabi_memclr4
    main.o(i.USER_UART_IDLECallback) refers to stm32f4xx_hal_uart.o(i.HAL_UART_Receive_DMA) for HAL_UART_Receive_DMA
    main.o(i.USER_UART_IDLECallback) refers to usart.o(.bss) for huart2
    main.o(i.USER_UART_IDLECallback) refers to main.o(.bss) for .bss
    main.o(i.main) refers to scanf_fp.o(.text) for _scanf_real
    main.o(i.main) refers to memseta.o(.text) for __aeabi_memclr4
    main.o(i.main) refers to stm32f4xx_hal.o(i.HAL_Init) for HAL_Init
    main.o(i.main) refers to main.o(i.SystemClock_Config) for SystemClock_Config
    main.o(i.main) refers to gpio.o(i.MX_GPIO_Init) for MX_GPIO_Init
    main.o(i.main) refers to dma.o(i.MX_DMA_Init) for MX_DMA_Init
    main.o(i.main) refers to i2c.o(i.MX_I2C1_Init) for MX_I2C1_Init
    main.o(i.main) refers to tim.o(i.MX_TIM2_Init) for MX_TIM2_Init
    main.o(i.main) refers to usart.o(i.MX_USART2_UART_Init) for MX_USART2_UART_Init
    main.o(i.main) refers to tim.o(i.MX_TIM3_Init) for MX_TIM3_Init
    main.o(i.main) refers to tim.o(i.MX_TIM11_Init) for MX_TIM11_Init
    main.o(i.main) refers to tim.o(i.MX_TIM1_Init) for MX_TIM1_Init
    main.o(i.main) refers to i2c.o(i.MX_I2C3_Init) for MX_I2C3_Init
    main.o(i.main) refers to stm32f4xx_hal_tim.o(i.HAL_TIM_PWM_Start) for HAL_TIM_PWM_Start
    main.o(i.main) refers to mpu6050.o(i.MPU6050) for MPU6050
    main.o(i.main) refers to mpu6050.o(i.MPUinitialize) for MPUinitialize
    main.o(i.main) refers to mpu6050.o(i.MPUtestConnection) for MPUtestConnection
    main.o(i.main) refers to printfa.o(i.__0printf) for __2printf
    main.o(i.main) refers to mpu6050_6axis_motionapps20.o(i.MPUdmpInitialize) for MPUdmpInitialize
    main.o(i.main) refers to mpu6050.o(i.MPUsetDMPEnabled) for MPUsetDMPEnabled
    main.o(i.main) refers to mpu6050.o(i.MPUgetIntStatus) for MPUgetIntStatus
    main.o(i.main) refers to mpu6050_6axis_motionapps20.o(i.MPUdmpGetFIFOPacketSize) for MPUdmpGetFIFOPacketSize
    main.o(i.main) refers to stm32f4xx_hal.o(i.HAL_Delay) for HAL_Delay
    main.o(i.main) refers to stm32f4xx_hal_tim.o(i.HAL_TIM_Base_Start_IT) for HAL_TIM_Base_Start_IT
    main.o(i.main) refers to stm32f4xx_hal_uart.o(i.HAL_UART_Receive_IT) for HAL_UART_Receive_IT
    main.o(i.main) refers to stm32f4xx_hal_gpio.o(i.HAL_GPIO_ReadPin) for HAL_GPIO_ReadPin
    main.o(i.main) refers to stm32f4xx_hal_gpio.o(i.HAL_GPIO_TogglePin) for HAL_GPIO_TogglePin
    main.o(i.main) refers to f2d.o(.text) for __aeabi_f2d
    main.o(i.main) refers to printfa.o(i.__0sprintf) for __2sprintf
    main.o(i.main) refers to strlen.o(.text) for strlen
    main.o(i.main) refers to stm32f4xx_hal_uart.o(i.HAL_UART_Transmit_DMA) for HAL_UART_Transmit_DMA
    main.o(i.main) refers to __0sscanf.o(.text) for __0sscanf
    main.o(i.main) refers to mpu6050.o(i.MPUresetFIFO) for MPUresetFIFO
    main.o(i.main) refers to mpu6050.o(i.MPUgetFIFOBytes) for MPUgetFIFOBytes
    main.o(i.main) refers to mpu6050_6axis_motionapps20.o(i.MPUdmpGetQuaternion) for MPUdmpGetQuaternion
    main.o(i.main) refers to mpu6050_6axis_motionapps20.o(i.MPUdmpGetEuler) for MPUdmpGetEuler
    main.o(i.main) refers to tim.o(.bss) for htim2
    main.o(i.main) refers to main.o(.data) for .data
[...]
    I2C_DMAAbort                             0x08003949   Thumb Code    78  stm32f4xx_hal_i2c.o(i.I2C_DMAAbort)
    i.I2C_ITError                            0x08003998   Section        0  stm32f4xx_hal_i2c.o(i.I2C_ITError)
    I2C_ITError                              0x08003999   Thumb Code   300  stm32f4xx_hal_i2c.o(i.I2C_ITError)
    i.I2C_RequestMemoryRead                  0x08003acc   Section        0  stm32f4xx_hal_i2c.o(i.I2C_RequestMemoryRead)
    I2C_RequestMemoryRead                    0x08003acd   Thumb Code   268  stm32f4xx_hal_i2c.o(i.I2C_RequestMemoryRead)
    i.I2C_RequestMemoryWrite                 0x08003bdc   Section        0  stm32f4xx_hal_i2c.o(i.I2C_RequestMemoryWrite)
    I2C_RequestMemoryWrite                   0x08003bdd   Thumb Code   174  stm32f4xx_hal_i2c.o(i.I2C_RequestMemoryWrite)
    i.I2C_WaitOnBTFFlagUntilTimeout          0x08003c90   Section        0  stm32f4xx_hal_i2c.o(i.I2C_WaitOnBTFFlagUntilTimeout)
    I2C_WaitOnBTFFlagUntilTimeout            0x08003c91   Thumb Code   124  stm32f4xx_hal_i2c.o(i.I2C_WaitOnBTFFlagUntilTimeout)
    i.I2C_WaitOnFlagUntilTimeout             0x08003d0c   Section        0  stm32f4xx_hal_i2c.o(i.I2C_WaitOnFlagUntilTimeout)
    I2C_WaitOnFlagUntilTimeout               0x08003d0d   Thumb Code   162  stm32f4xx_hal_i2c.o(i.I2C_WaitOnFlagUntilTimeout)
    i.I2C_WaitOnMasterAddressFlagUntilTimeout 0x08003dae   Section        0  stm32f4xx_hal_i2c.o(i.I2C_WaitOnMasterAddressFlagUntilTimeout)
    I2C_WaitOnMasterAddressFlagUntilTimeout  0x08003daf   Thumb Code   184  stm32f4xx_hal_i2c.o(i.I2C_WaitOnMasterAddressFlagUntilTimeout)
    i.I2C_WaitOnRXNEFlagUntilTimeout         0x08003e66   Section        0  stm32f4xx_hal_i2c.o(i.I2C_WaitOnRXNEFlagUntilTimeout)
    I2C_WaitOnRXNEFlagUntilTimeout           0x08003e67   Thumb Code   114  stm32f4xx_hal_i2c.o(i.I2C_WaitOnRXNEFlagUntilTimeout)
    i.I2C_WaitOnTXEFlagUntilTimeout          0x08003ed8   Section        0  stm32f4xx_hal_i2c.o(i.I2C_WaitOnTXEFlagUntilTimeout)
    I2C_WaitOnTXEFlagUntilTimeout            0x08003ed9   Thumb Code   124  stm32f4xx_hal_i2c.o(i.I2C_WaitOnTXEFlagUntilTimeout)
    i.I2C_readBit                            0x08003f54   Section        0  i2c.o(i.I2C_readBit)
    i.I2C_readBits                           0x08003f8c   Section        0  i2c.o(i.I2C_readBits)
    i.I2C_readByte                           0x08003fd8   Section        0  i2c.o(i.I2C_readByte)
    i.I2C_readBytes                          0x08003ffc   Section        0  i2c.o(i.I2C_readBytes)
    i.I2C_writeBit                           0x08004020   Section        0  i2c.o(i.I2C_writeBit)
    i.I2C_writeBits                          0x08004088   Section        0  i2c.o(i.I2C_writeBits)
    i.I2C_writeByte                          0x08004104   Section        0  i2c.o(i.I2C_writeByte)
    i.I2C_writeBytes                         0x08004134   Section        0  i2c.o(i.I2C_writeBytes)
    i.I2C_writeWord                          0x08004158   Section        0  i2c.o(i.I2C_writeWord)
    i.MPU6050                                0x08004190   Section        0  mpu6050.o(i.MPU6050)
    i.MPUdmpGetEuler                         0x0800419c   Section        0  mpu6050_6axis_motionapps20.o(i.MPUdmpGetEuler)
    i.MPUdmpGetFIFOPacketSize                0x080042b2   Section        0  mpu6050_6axis_motionapps20.o(i.MPUdmpGetFIFOPacketSize)
    i.MPUdmpGetQuaternion                    0x080042b8   Section        0  mpu6050_6axis_motionapps20.o(i.MPUdmpGetQuaternion)
    i.MPUdmpInitialize                       0x08004358   Section        0  mpu6050_6axis_motionapps20.o(i.MPUdmpInitialize)
    i.MPUgetFIFOBytes                        0x08005130   Section        0  mpu6050.o(i.MPUgetFIFOBytes)
    i.MPUgetFIFOCount                        0x08005144   Section        0  mpu6050.o(i.MPUgetFIFOCount)
    i.MPUgetIntStatus                        0x08005164   Section        0  mpu6050.o(i.MPUgetIntStatus)
    i.MPUgetOTPBankValid                     0x08005180   Section        0  mpu6050.o(i.MPUgetOTPBankValid)
    i.MPUgetXGyroOffset                      0x080051a0   Section        0  mpu6050.o(i.MPUgetXGyroOffset)
    i.MPUgetYGyroOffset                      0x080051c4   Section        0  mpu6050.o(i.MPUgetYGyroOffset)
    i.MPUgetZGyroOffset                      0x080051e8   Section        0  mpu6050.o(i.MPUgetZGyroOffset)
    i.MPUinitialize                          0x0800520c   Section        0  mpu6050.o(i.MPUinitialize)
    i.MPUreadMemoryBlock                     0x08005258   Section        0  mpu6050.o(i.MPUreadMemoryBlock)
    i.MPUreadMemoryByte                      0x080052f0   Section        0  mpu6050.o(i.MPUreadMemoryByte)
    i.MPUreset                               0x0800530c   Section        0  mpu6050.o(i.MPUreset)
    i.MPUresetDMP                            0x08005320   Section        0  mpu6050.o(i.MPUresetDMP)
    i.MPUresetFIFO                           0x08005334   Section        0  mpu6050.o(i.MPUresetFIFO)
    i.MPUresetI2CMaster                      0x08005348   Section        0  mpu6050.o(i.MPUresetI2CMaster)
    i.MPUsetClockSource                      0x0800535c   Section        0  mpu6050.o(i.MPUsetClockSource)
    i.MPUsetDLPFMode                         0x08005374   Section        0  mpu6050.o(i.MPUsetDLPFMode)
    i.MPUsetDMPConfig1                       0x0800538c   Section        0  mpu6050.o(i.MPUsetDMPConfig1)
    i.MPUsetDMPConfig2                       0x0800539c   Section        0  mpu6050.o(i.MPUsetDMPConfig2)
    i.MPUsetDMPEnabled                       0x080053ac   Section        0  mpu6050.o(i.MPUsetDMPEnabled)
    i.MPUsetExternalFrameSync                0x080053c0   Section        0  mpu6050.o(i.MPUsetExternalFrameSync)
    i.MPUsetFIFOEnabled                      0x080053d8   Section        0  mpu6050.o(i.MPUsetFIFOEnabled)
    i.MPUsetFullScaleGyroRange               0x080053ec   Section        0  mpu6050.o(i.MPUsetFullScaleGyroRange)
    i.MPUsetI2CMasterModeEnabled             0x08005404   Section        0  mpu6050.o(i.MPUsetI2CMasterModeEnabled)
    i.MPUsetIntEnabled                       0x08005418   Section        0  mpu6050.o(i.MPUsetIntEnabled)
    i.MPUsetMemoryBank                       0x08005428   Section        0  mpu6050.o(i.MPUsetMemoryBank)
    i.MPUsetMemoryStartAddress               0x0800544c   Section        0  mpu6050.o(i.MPUsetMemoryStartAddress)
    i.MPUsetMotionDetectionDuration          0x0800545c   Section        0  mpu6050.o(i.MPUsetMotionDetectionDuration)
    i.MPUsetMotionDetectionThreshold         0x0800546c   Section        0  mpu6050.o(i.MPUsetMotionDetectionThreshold)
    i.MPUsetOTPBankValid                     0x0800547c   Section        0  mpu6050.o(i.MPUsetOTPBankValid)
    i.MPUsetRate                             0x08005490   Section        0  mpu6050.o(i.MPUsetRate)
    i.MPUsetSlaveAddress                     0x080054a0   Section        0  mpu6050.o(i.MPUsetSlaveAddress)
    i.MPUsetSleepEnabled                     0x080054bc   Section        0  mpu6050.o(i.MPUsetSleepEnabled)
    i.MPUsetXGyroOffset                      0x080054d0   Section        0  mpu6050.o(i.MPUsetXGyroOffset)
    i.MPUsetXGyroOffsetUser                  0x080054ec   Section        0  mpu6050.o(i.MPUsetXGyroOffsetUser)
    i.MPUsetYGyroOffset                      0x080054fc   Section        0  mpu6050.o(i.MPUsetYGyroOffset)
    i.MPUsetYGyroOffsetUser                  0x08005518   Section        0  mpu6050.o(i.MPUsetYGyroOffsetUser)
    i.MPUsetZGyroOffset                      0x08005528   Section        0  mpu6050.o(i.MPUsetZGyroOffset)
    i.MPUsetZGyroOffsetUser                  0x08005544   Section        0  mpu6050.o(i.MPUsetZGyroOffsetUser)
    i.MPUsetZeroMotionDetectionDuration      0x08005554   Section        0  mpu6050.o(i.MPUsetZeroMotionDetectionDuration)
    i.MPUsetZeroMotionDetectionThreshold     0x08005564   Section        0  mpu6050.o(i.MPUsetZeroMotionDetectionThreshold)
    i.MPUtestConnection                      0x08005574   Section        0  mpu6050.o(i.MPUtestConnection)
    i.MPUwriteDMPConfigurationSet            0x0800559c   Section        0  mpu6050.o(i.MPUwriteDMPConfigurationSet)
    i.MPUwriteMemoryBlock                    0x0800560c   Section        0  mpu6050.o(i.MPUwriteMemoryBlock)
    i.MPUwriteProgDMPConfigurationSet        0x080056f0   Section        0  mpu6050.o(i.MPUwriteProgDMPConfigurationSet)
    i.MPUwriteProgMemoryBlock                0x080056f6   Section        0  mpu6050.o(i.MPUwriteProgMemoryBlock)
    i.MX_DMA_Init                            0x0800570c   Section        0  dma.o(i.MX_DMA_Init)
    i.MX_GPIO_Init                           0x08005758   Section        0  gpio.o(i.MX_GPIO_Init)
    i.MX_I2C1_Init                           0x0800585c   Section        0  i2c.o(i.MX_I2C1_Init)
    i.MX_I2C3_Init                           0x0800589c   Section        0  i2c.o(i.MX_I2C3_Init)
    i.MX_TIM11_Init                          0x080058dc   Section        0  tim.o(i.MX_TIM11_Init)
    i.MX_TIM1_Init                           0x08005910   Section        0  tim.o(i.MX_TIM1_Init)
    i.MX_TIM2_Init                           0x08005970   Section        0  tim.o(i.MX_TIM2_Init)
    i.MX_TIM3_Init                           0x080059e8   Section        0  tim.o(i.MX_TIM3_Init)
    i.MX_USART2_UART_Init                    0x08005a64   Section        0  usart.o(i.MX_USART2_UART_Init)
    i.SysTick_Handler                        0x08005a9c   Section        0  stm32f4xx_it.o(i.SysTick_Handler)
    i.SystemClock_Config                     0x08005aac   Section        0  main.o(i.SystemClock_Config)
    i.SystemInit                             0x08005b4c   Section        0  system_stm32f4xx.o(i.SystemInit)
    i.TIM1_TRG_COM_TIM11_IRQHandler          0x08005ba4   Section        0  stm32f4xx_it.o(i.TIM1_TRG_COM_TIM11_IRQHandler)
    i.TIM2_IRQHandler                        0x08005bc0   Section        0  stm32f4xx_it.o(i.TIM2_IRQHandler)
    i.TIM3_IRQHandler                        0x08005bcc   Section        0  stm32f4xx_it.o(i.TIM3_IRQHandler)
    i.TIM_Base_SetConfig                     0x08005bd8   Section        0  stm32f4xx_hal_tim.o(i.TIM_Base_SetConfig)
    i.TIM_CCxChannelCmd                      0x08005c6c   Section        0  stm32f4xx_hal_tim.o(i.TIM_CCxChannelCmd)
    i.TIM_OC1_SetConfig                      0x08005c86   Section        0  stm32f4xx_hal_tim.o(i.TIM_OC1_SetConfig)
    TIM_OC1_SetConfig                        0x08005c87   Thumb Code    86  stm32f4xx_hal_tim.o(i.TIM_OC1_SetConfig)
    i.TIM_OC2_SetConfig                      0x08005cdc   Section        0  stm32f4xx_hal_tim.o(i.TIM_OC2_SetConfig)
    i.UART_DMAAbortOnError                   0x08005d3a   Section        0  stm32f4xx_hal_uart.o(i.UART_DMAAbortOnError)
    UART_DMAAbortOnError                     0x08005d3b   Thumb Code    16  stm32f4xx_hal_uart.o(i.UART_DMAAbortOnError)
    i.UART_DMAError                          0x08005d4a   Section        0  stm32f4xx_hal_uart.o(i.UART_DMAError)
    UART_DMAError                            0x08005d4b   Thumb Code   100  stm32f4xx_hal_uart.o(i.UART_DMAError)
    i.UART_DMAReceiveCplt                    0x08005dae   Section        0  stm32f4xx_hal_uart.o(i.UART_DMAReceiveCplt)
    UART_DMAReceiveCplt                      0x08005daf   Thumb Code    62  stm32f4xx_hal_uart.o(i.UART_DMAReceiveCplt)
    i.UART_DMARxHalfCplt                     0x08005dec   Section        0  stm32f4xx_hal_uart.o(i.UART_DMARxHalfCplt)
    UART_DMARxHalfCplt                       0x08005ded   Thumb Code    10  stm32f4xx_hal_uart.o(i.UART_DMARxHalfCplt)
    i.UART_DMATransmitCplt                   0x08005df6   Section        0  stm32f4xx_hal_uart.o(i.UART_DMATransmitCplt)
    UART_DMATransmitCplt                     0x08005df7   Thumb Code    48  stm32f4xx_hal_uart.o(i.UART_DMATransmitCplt)
    i.UART_DMATxHalfCplt                     0x08005e26   Section        0  stm32f4xx_hal_uart.o(i.UART_DMATxHalfCplt)
    UART_DMATxHalfCplt                       0x08005e27   Thumb Code    10  stm32f4xx_hal_uart.o(i.UART_DMATxHalfCplt)
    i.UART_Receive_IT                        0x08005e30   Section        0  stm32f4xx_hal_uart.o(i.UART_Receive_IT)
    UART_Receive_IT                          0x08005e31   Thumb Code   138  stm32f4xx_hal_uart.o(i.UART_Receive_IT)
    i.UART_SetConfig                         0x08005ebc   Section        0  stm32f4xx_hal_uart.o(i.UART_SetConfig)
    UART_SetConfig                           0x08005ebd   Thumb Code   820  stm32f4xx_hal_uart.o(i.UART_SetConfig)
    i.UART_WaitOnFlagUntilTimeout            0x080061fc   Section        0  stm32f4xx_hal_uart.o(i.UART_WaitOnFlagUntilTimeout)
    UART_WaitOnFlagUntilTimeout              0x080061fd   Thumb Code   116  stm32f4xx_hal_uart.o(i.UART_WaitOnFlagUntilTimeout)
    i.USART2_IRQHandler                      0x08006270   Section        0  stm32f4xx_it.o(i.USART2_IRQHandler)
    i.USER_UART_IDLECallback                 0x0800629c   Section        0  main.o(i.USER_UART_IDLECallback)
    i.__0printf                              0x080062f4   Section        0  printfa.o(i.__0printf)
    i.__0sprintf                             0x08006314   Section        0  printfa.o(i.__0sprintf)
    i.__ARM_fpclassify                       0x0800633c   Section        0  fpclassify.o(i.__ARM_fpclassify)
    i.__hardfp_asin                          0x08006370   Section        0  asin.o(i.__hardfp_asin)
    i.__hardfp_atan                          0x080066d0   Section        0  atan.o(i.__hardfp_atan)
    i.__hardfp_atan2                         0x080069a8   Section        0  atan2.o(i.__hardfp_atan2)
    i.__kernel_poly                          0x08006b98   Section        0  poly.o(i.__kernel_poly)
    i.__mathlib_dbl_infnan                   0x08006c90   Section        0  dunder.o(i.__mathlib_dbl_infnan)
    i.__mathlib_dbl_infnan2                  0x08006ca4   Section        0  dunder.o(i.__mathlib_dbl_infnan2)
    i.__mathlib_dbl_invalid                  0x08006cb8   Section        0  dunder.o(i.__mathlib_dbl_invalid)
    i.__mathlib_dbl_underflow                0x08006cd8   Section        0  dunder.o(i.__mathlib_dbl_underflow)
    i.__scatterload_copy                     0x08006cf8   Section       14  handlers.o(i.__scatterload_copy)
    i.__scatterload_null                     0x08006d06   Section        2  handlers.o(i.__scatterload_null)
    i.__scatterload_zeroinit                 0x08006d08   Section       14  handlers.o(i.__scatterload_zeroinit)
    i.__set_errno                            0x08006d18   Section        0  errno.o(i.__set_errno)
    i._fp_digits                             0x08006d24   Section        0  printfa.o(i._fp_digits)
    _fp_digits                               0x08006d25   Thumb Code   334  printfa.o(i._fp_digits)
    i._is_digit                              0x08006e88   Section        0  scanf_fp.o(i._is_digit)
    i._printf_core                           0x08006e98   Section        0  printfa.o(i._printf_core)
    _printf_core                             0x08006e99   Thumb Code  1744  printfa.o(i._printf_core)
    i._printf_post_padding                   0x08007574   Section        0  printfa.o(i._printf_post_padding)
    _printf_post_padding                     0x08007575   Thumb Code    36  printfa.o(i._printf_post_padding)
    i._printf_pre_padding                    0x08007598   Section        0  printfa.o(i._printf_pre_padding)
    _printf_pre_padding                      0x08007599   Thumb Code    46  printfa.o(i._printf_pre_padding)
    i._sputc                                 0x080075c6   Section        0  printfa.o(i._sputc)
    _sputc                                   0x080075c7   Thumb Code    10  printfa.o(i._sputc)
    i.atan                                   0x080075d0   Section        0  atan.o(i.atan)
    i.fabs                                   0x080075e0   Section        0  fabs.o(i.fabs)
    i.fputc                                  0x080075f8   Section        0  usart.o(i.fputc)
    i.main                                   0x08007614   Section        0  main.o(i.main)
    i.sqrt                                   0x080078f0   Section        0  sqrt.o(i.sqrt)
    .constdata                               0x0800795e   Section     2168  mpu6050_6axis_motionapps20.o(.constdata)
    .constdata                               0x080081d6   Section        8  stm32f4xx_hal_dma.o(.constdata)
    flagBitshiftOffset                       0x080081d6   Data           8  stm32f4xx_hal_dma.o(.constdata)
    .constdata                               0x080081de   Section       16  stm32f4xx_hal_rcc.o(.constdata)
    .constdata                               0x080081f0   Section       80  asin.o(.constdata)
    pS                                       0x080081f0   Data          48  asin.o(.constdata)
    qS                                       0x08008220   Data          32  asin.o(.constdata)
    .constdata                               0x08008240   Section      152  atan.o(.constdata)
    atanhi                                   0x08008240   Data          32  atan.o(.constdata)
    atanlo                                   0x08008260   Data          32  atan.o(.constdata)
    aTodd                                    0x08008280   Data          40  atan.o(.constdata)
    aTeven                                   0x080082a8   Data          48  atan.o(.constdata)
    .constdata                               0x080082d8   Section        8  qnan.o(.constdata)
    .constdata                               0x080082e0   Section       64  ctype_c.o(.constdata)
    .conststring                             0x08008320   Section       80  main.o(.conststring)
    .data                                    0x20000000   Section        4  system_stm32f4xx.o(.data)
    .data                                    0x20000004   Section       28  main.o(.data)
    .data                                    0x20000020   Section        1  mpu6050.o(.data)
    .data                                    0x20000024   Section        4  mpu6050_6axis_motionapps20.o(.data)
    .data                                    0x20000028   Section        4  stm32f4xx_hal.o(.data)
    .data                                    0x2000002c   Section        4  stdout.o(.data)
    .data                                    0x20000030   Section        4  errno.o(.data)
    _errno                                   0x20000030   Data           4  errno.o(.data)
    .bss                                     0x20000034   Section      628  main.o(.bss)
    .bss                                     0x200002a8   Section      264  i2c.o(.bss)
    .bss                                     0x200003b0   Section      240  tim.o(.bss)
    .bss                                     0x200004a0   Section      256  usart.o(.bss)
    .bss                                     0x200005a0   Section       30  mpu6050.o(.bss)
    MPUverifyBuffer                          0x200005a0   Data          16  mpu6050.o(.bss)
    STACK                                    0x200005c0   Section     1024  startup_stm32f401xe.o(STACK)

    Global Symbols

    Symbol Name                              Value     Ov Type        Size  Object(Section)

    BuildAttributes$$THM_ISAv4$E$P$D$K$B$S$7EM$VFPi3$EXTD16$VFPS$VFMA$PE$A:L22UL41UL21$X:L11$S22US41US21$IEEE1$IW$USESV6$~STKCKD$USESV7$~SHL$OTIME$ROPI$IEEEX$EBA8$MICROLIB$REQ8$PRES8$EABIv2 0x00000000   Number         0  anon$$obj.o ABSOLUTE
    __ARM_use_no_argv                        0x00000000   Number         0  main.o ABSOLUTE
    _printf_a                                0x00000000   Number         0  stubs.o ABSOLUTE
    _printf_c                                0x00000000   Number         0  stubs.o ABSOLUTE
    _printf_charcount                        0x00000000   Number         0  stubs.o ABSOLUTE
    _printf_d                                0x00000000   Number         0  stubs.o ABSOLUTE
    _printf_e                                0x00000000   Number         0  stubs.o ABSOLUTE
    _printf_f                                0x00000000   Number         0  stubs.o ABSOLUTE
    _printf_flags                            0x00000000   Number         0  stubs.o ABSOLUTE
    _printf_fp_dec                           0x00000000   Number         0  stubs.o ABSOLUTE
    _printf_fp_hex                           0x00000000   Number         0  stubs.o ABSOLUTE
    _printf_g                                0x00000000   Number         0  stubs.o ABSOLUTE
    _printf_i                                0x00000000   Number         0  stubs.o ABSOLUTE
    _printf_int_dec                          0x00000000   Number         0  stubs.o ABSOLUTE
    _printf_l                                0x00000000   Number         0  stubs.o ABSOLUTE
    _printf_lc                               0x00000000   Number         0  stubs.o ABSOLUTE
    _printf_ll                               0x00000000   Number         0  stubs.o ABSOLUTE
    _printf_lld                              0x00000000   Number         0  stubs.o ABSOLUTE
    _printf_lli                              0x00000000   Number         0  stubs.o ABSOLUTE
    _printf_llo                              0x00000000   Number         0  stubs.o ABSOLUTE
    _printf_llu                              0x00000000   Number         0  stubs.o ABSOLUTE
    _printf_llx                              0x00000000   Number         0  stubs.o ABSOLUTE
    _printf_longlong_dec                     0x00000000   Number         0  stubs.o ABSOLUTE
    _printf_longlong_hex                     0x00000000   Number         0  stubs.o ABSOLUTE
    _printf_longlong_oct                     0x00000000   Number         0  stubs.o ABSOLUTE
    _printf_ls                               0x00000000   Number         0  stubs.o ABSOLUTE
    _printf_mbtowc                           0x00000000   Number         0  stubs.o ABSOLUTE
    _printf_n                                0x00000000   Number         0  stubs.o ABSOLUTE
    _printf_o                                0x00000000   Number         0  stubs.o ABSOLUTE
    _printf_p                                0x00000000   Number         0  stubs.o ABSOLUTE
    _printf_percent                          0x00000000   Number         0  stubs.o ABSOLUTE
    _printf_pre_padding                      0x00000000   Number         0  stubs.o ABSOLUTE
    _printf_return_value                     0x00000000   Number         0  stubs.o ABSOLUTE
    _printf_s                                0x00000000   Number         0  stubs.o ABSOLUTE
    _printf_sizespec                         0x00000000   Number         0  stubs.o ABSOLUTE
    _printf_str                              0x00000000   Number         0  stubs.o ABSOLUTE
    _printf_truncate_signed                  0x00000000   Number         0  stubs.o ABSOLUTE
    _printf_truncate_unsigned                0x00000000   Number         0  stubs.o ABSOLUTE
    _printf_u                                0x00000000   Number         0  stubs.o ABSOLUTE
    _printf_wc                               0x00000000   Number         0  stubs.o ABSOLUTE
    _printf_wctomb                           0x00000000   Number         0  stubs.o ABSOLUTE
    _printf_widthprec                        0x00000000   Number         0  stubs.o ABSOLUTE
    _printf_x                                0x00000000   Number         0  stubs.o ABSOLUTE
    __cpp_initialize__aeabi_                  - Undefined Weak Reference
    __cxa_finalize                            - Undefined Weak Reference
    __decompress                              - Undefined Weak Reference
    _clock_init                               - Undefined Weak Reference
    _microlib_exit                            - Undefined Weak Reference
    _scanf_int                                - Undefined Weak Reference
    _scanf_longlong                           - Undefined Weak Reference
    _scanf_string                             - Undefined Weak Reference
    __Vectors_Size                           0x00000194   Number         0  startup_stm32f401xe.o ABSOLUTE
    __Vectors                                0x08000000   Data           4  startup_stm32f401xe.o(RESET)
    __Vectors_End                            0x08000194   Data           0  startup_stm32f401xe.o(RESET)
    __main                                   0x08000195   Thumb Code     0  entry.o(.ARM.Collect$$$$00000000)
    _main_stk                                0x08000195   Thumb Code     0  entry2.o(.ARM.Collect$$$$00000001)
    _main_scatterload                        0x08000199   Thumb Code     0  entry5.o(.ARM.Collect$$$$00000004)
    __main_after_scatterload                 0x0800019d   Thumb Code     0  entry5.o(.ARM.Collect$$$$00000004)
    _main_clock                              0x0800019d   Thumb Code     0  entry7b.o(.ARM.Collect$$$$00000008)
    _main_cpp_init                           0x0800019d   Thumb Code     0  entry8b.o(.ARM.Collect$$$$0000000A)
    _main_init                               0x0800019d   Thumb Code     0  entry9a.o(.ARM.Collect$$$$0000000B)
    __rt_final_cpp                           0x080001a5   Thumb Code     0  entry10a.o(.ARM.Collect$$$$0000000D)
    __rt_final_exit                          0x080001a5   Thumb Code     0  entry11a.o(.ARM.Collect$$$$0000000F)
    Reset_Handler                            0x080001a9   Thumb Code     8  startup_stm32f401xe.o(.text)
    NMI_Handler                              0x080001b1   Thumb Code     2  startup_stm32f401xe.o(.text)
    HardFault_Handler                        0x080001b3   Thumb Code     2  startup_stm32f401xe.o(.text)
    MemManage_Handler                        0x080001b5   Thumb Code     2  startup_stm32f401xe.o(.text)
    BusFault_Handler                         0x080001b7   Thumb Code     2  startup_stm32f401xe.o(.text)
    UsageFault_Handler                       0x080001b9   Thumb Code     2  startup_stm32f401xe.o(.text)
    SVC_Handler                              0x080001bb   Thumb Code     2  startup_stm32f401xe.o(.text)
    DebugMon_Handler                         0x080001bd   Thumb Code     2  startup_stm32f401xe.o(.text)
    PendSV_Handler                           0x080001bf   Thumb Code     2  startup_stm32f401xe.o(.text)
    ADC_IRQHandler                           0x080001c3   Thumb Code     0  startup_stm32f401xe.o(.text)
    DMA1_Stream0_IRQHandler                  0x080001c3   Thumb Code     0  startup_stm32f401xe.o(.text)
    DMA1_Stream1_IRQHandler                  0x080001c3   Thumb Code     0  startup_stm32f401xe.o(.text)
    DMA1_Stream2_IRQHandler                  0x080001c3   Thumb Code     0  startup_stm32f401xe.o(.text)
    DMA1_Stream3_IRQHandler                  0x080001c3   Thumb Code     0  startup_stm32f401xe.o(.text)
    DMA1_Stream7_IRQHandler                  0x080001c3   Thumb Code     0  startup_stm32f401xe.o(.text)
    DMA2_Stream0_IRQHandler                  0x080001c3   Thumb Code     0  startup_stm32f401xe.o(.text)
    DMA2_Stream1_IRQHandler                  0x080001c3   Thumb Code     0  startup_stm32f401xe.o(.text)
    DMA2_Stream2_IRQHandler                  0x080001c3   Thumb Code     0  startup_stm32f401xe.o(.text)
    DMA2_Stream3_IRQHandler                  0x080001c3   Thumb Code     0  startup_stm32f401xe.o(.text)
    DMA2_Stream4_IRQHandler                  0x080001c3   Thumb Code     0  startup_stm32f401xe.o(.text)
    DMA2_Stream5_IRQHandler                  0x080001c3   Thumb Code     0  startup_stm32f401xe.o(.text)
    DMA2_Stream6_IRQHandler                  0x080001c3   Thumb Code     0  startup_stm32f401xe.o(.text)
    DMA2_Stream7_IRQHandler                  0x080001c3   Thumb Code     0  startup_stm32f401xe.o(.text)
    EXTI0_IRQHandler                         0x080001c3   Thumb Code     0  startup_stm32f401xe.o(.text)
    EXTI15_10_IRQHandler                     0x080001c3   Thumb Code     0  startup_stm32f401xe.o(.text)
    EXTI1_IRQHandler                         0x080001c3   Thumb Code     0  startup_stm32f401xe.o(.text)
    EXTI2_IRQHandler                         0x080001c3   Thumb Code     0  startup_stm32f401xe.o(.text)
    EXTI3_IRQHandler                         0x080001c3   Thumb Code     0  startup_stm32f401xe.o(.text)
    EXTI4_IRQHandler                         0x080001c3   Thumb Code     0  startup_stm32f401xe.o(.text)
    EXTI9_5_IRQHandler                       0x080001c3   Thumb Code     0  startup_stm32f401xe.o(.text)
    FLASH_IRQHandler                         0x080001c3   Thumb Code     0  startup_stm32f401xe.o(.text)
    FPU_IRQHandler                           0x080001c3   Thumb Code     0  startup_stm32f401xe.o(.text)
    I2C2_ER_IRQHandler                       0x080001c3   Thumb Code     0  startup_stm32f401xe.o(.text)
    I2C2_EV_IRQHandler                       0x080001c3   Thumb Code     0  startup_stm32f401xe.o(.text)
    OTG_FS_IRQHandler                        0x080001c3   Thumb Code     0  startup_stm32f401xe.o(.text)
    OTG_FS_WKUP_IRQHandler                   0x080001c3   Thumb Code     0  startup_stm32f401xe.o(.text)
    PVD_IRQHandler                           0x080001c3   Thumb Code     0  startup_stm32f401xe.o(.text)
    RCC_IRQHandler                           0x080001c3   Thumb Code     0  startup_stm32f401xe.o(.text)
    RTC_Alarm_IRQHandler                     0x080001c3   Thumb Code     0  startup_stm32f401xe.o(.text)
    RTC_WKUP_IRQHandler                      0x080001c3   Thumb Code     0  startup_stm32f401xe.o(.text)
    SDIO_IRQHandler                          0x080001c3   Thumb Code     0  startup_stm32f401xe.o(.text)
    SPI1_IRQHandler                          0x080001c3   Thumb Code     0  startup_stm32f401xe.o(.text)
    SPI2_IRQHandler                          0x080001c3   Thumb Code     0  startup_stm32f401xe.o(.text)
    SPI3_IRQHandler                          0x080001c3   Thumb Code     0  startup_stm32f401xe.o(.text)
    SPI4_IRQHandler                          0x080001c3   Thumb Code     0  startup_stm32f401xe.o(.text)
    TAMP_STAMP_IRQHandler                    0x080001c3   Thumb Code     0  startup_stm32f401xe.o(.text)
    TIM1_BRK_TIM9_IRQHandler                 0x080001c3   Thumb Code     0  startup_stm32f401xe.o(.text)
    TIM1_CC_IRQHandler                       0x080001c3   Thumb Code     0  startup_stm32f401xe.o(.text)
    TIM1_UP_TIM10_IRQHandler                 0x080001c3   Thumb Code     0  startup_stm32f401xe.o(.text)
    TIM4_IRQHandler                          0x080001c3   Thumb Code     0  startup_stm32f401xe.o(.text)
    TIM5_IRQHandler                          0x080001c3   Thumb Code     0  startup_stm32f401xe.o(.text)
    USART1_IRQHandler                        0x080001c3   Thumb Code     0  startup_stm32f401xe.o(.text)
    USART6_IRQHandler                        0x080001c3   Thumb Code     0  startup_stm32f401xe.o(.text)
    WWDG_IRQHandler                          0x080001c3   Thumb Code     0  startup_stm32f401xe.o(.text)
    __aeabi_memset                           0x080001cd   Thumb Code    14  memseta.o(.text)
    __aeabi_memset4                          0x080001cd   Thumb Code     0  memseta.o(.text)
    __aeabi_memset8                          0x080001cd   Thumb Code     0  memseta.o(.text)
    __aeabi_memclr                           0x080001db   Thumb Code     4  memseta.o(.text)
    __aeabi_memclr4                          0x080001db   Thumb Code     0  memseta.o(.text)
    __aeabi_memclr8                          0x080001db   Thumb Code     0  memseta.o(.text)
    _memset$wrapper                          0x080001df   Thumb Code    18  memseta.o(.text)
    strchr                                   0x080001f1   Thumb Code    20  strchr.o(.text)
    strlen                                   0x08000205   Thumb Code    14  strlen.o(.text)
    memcmp                                   0x08000213   Thumb Code    26  memcmp.o(.text)
    strcpy                                   0x0800022d   Thumb Code    18  strcpy.o(.text)
    __0sscanf                                0x08000241   Thumb Code    48  __0sscanf.o(.text)
    _scanf_real                              0x08000379   Thumb Code     0  scanf_fp.o(.text)
    _scanf_really_real                       0x08000379   Thumb Code   556  scanf_fp.o(.text)
    __aeabi_f2d                              0x080005b1   Thumb Code    38  f2d.o(.text)
    __aeabi_d2f                              0x080005d7   Thumb Code    56  d2f.o(.text)
    __aeabi_uidiv                            0x0800060f   Thumb Code     0  uidiv.o(.text)
    __aeabi_uidivmod                         0x0800060f   Thumb Code    44  uidiv.o(.text)
    __aeabi_uldivmod                         0x0800063b   Thumb Code    98  uldiv.o(.text)
    __vfscanf_char                           0x080006a9   Thumb Code    20  scanf_char.o(.text)
    _sgetc                                   0x080006c5   Thumb Code    30  _sgetc.o(.text)
    _sbackspace                              0x080006e3   Thumb Code    34  _sgetc.o(.text)
    __I$use$fp                               0x08000705   Thumb Code     0  iusefp.o(.text)
    _float_round                             0x08000705   Thumb Code    18  fepilogue.o(.text)
    _float_epilogue                          0x08000717   Thumb Code    92  fepilogue.o(.text)
    __aeabi_dadd                             0x08000773   Thumb Code   322  dadd.o(.text)
    __aeabi_dsub                             0x080008b5   Thumb Code     6  dadd.o(.text)
    __aeabi_drsub                            0x080008bb   Thumb Code     6  dadd.o(.text)
    __aeabi_dmul                             0x080008c1   Thumb Code   228  dmul.o(.text)
    __aeabi_ddiv                             0x080009a5   Thumb Code   222  ddiv.o(.text)
    __aeabi_ul2d                             0x08000a83   Thumb Code    24  dfltul.o(.text)
    __aeabi_d2ulz                            0x08000a9b   Thumb Code    48  dfixul.o(.text)
    __aeabi_cdrcmple                         0x08000acd   Thumb Code    48  cdrcmple.o(.text)
    __scatterload                            0x08000afd   Thumb Code    28  init.o(.text)
    __scatterload_rt2                        0x08000afd   Thumb Code     0  init.o(.text)
    __aeabi_llsl                             0x08000b21   Thumb Code    30  llshl.o(.text)
    _ll_shift_l                              0x08000b21   Thumb Code     0  llshl.o(.text)
    __aeabi_llsr                             0x08000b3f   Thumb Code    32  llushr.o(.text)
    _ll_ushift_r                             0x08000b3f   Thumb Code     0  llushr.o(.text)
    __aeabi_lasr                             0x08000b5f   Thumb Code    36  llsshr.o(.text)
    _ll_sshift_r                             0x08000b5f   Thumb Code     0  llsshr.o(.text)
    isspace                                  0x08000b83   Thumb Code    10  isspace_c.o(.text)
    __vfscanf                                0x08000b8d   Thumb Code   808  _scanf.o(.text)
    _double_round                            0x08000eb9   Thumb Code    30  depilogue.o(.text)
    _double_epilogue                         0x08000ed7   Thumb Code   156  depilogue.o(.text)
    _dsqrt                                   0x08000f73   Thumb Code   162  dsqrt.o(.text)
    __ctype_lookup                           0x08001015   Thumb Code    34  ctype_c.o(.text)
    DMA1_Stream4_IRQHandler                  0x0800103d   Thumb Code     6  stm32f4xx_it.o(i.DMA1_Stream4_IRQHandler)
    DMA1_Stream5_IRQHandler                  0x08001049   Thumb Code     6  stm32f4xx_it.o(i.DMA1_Stream5_IRQHandler)
    DMA1_Stream6_IRQHandler                  0x08001055   Thumb Code     6  stm32f4xx_it.o(i.DMA1_Stream6_IRQHandler)
    Error_Handler                            0x08001061   Thumb Code     2  main.o(i.Error_Handler)
    HAL_DMA_Abort_IT                         0x08001063   Thumb Code    36  stm32f4xx_hal_dma.o(i.HAL_DMA_Abort_IT)
    HAL_DMA_IRQHandler                       0x08001089   Thumb Code   468  stm32f4xx_hal_dma.o(i.HAL_DMA_IRQHandler)
    HAL_DMA_Init                             0x08001269   Thumb Code   336  stm32f4xx_hal_dma.o(i.HAL_DMA_Init)
    HAL_DMA_Start_IT                         0x080013c5   Thumb Code   170  stm32f4xx_hal_dma.o(i.HAL_DMA_Start_IT)
    HAL_Delay                                0x0800146f   Thumb Code    22  stm32f4xx_hal.o(i.HAL_Delay)
    HAL_GPIO_Init                            0x08001485   Thumb Code   462  stm32f4xx_hal_gpio.o(i.HAL_GPIO_Init)
    HAL_GPIO_ReadPin                         0x08001665   Thumb Code    10  stm32f4xx_hal_gpio.o(i.HAL_GPIO_ReadPin)
    HAL_GPIO_TogglePin                       0x0800166f   Thumb Code     8  stm32f4xx_hal_gpio.o(i.HAL_GPIO_TogglePin)
    HAL_GPIO_WritePin                        0x08001677   Thumb Code    10  stm32f4xx_hal_gpio.o(i.HAL_GPIO_WritePin)
    HAL_GetTick                              0x08001681   Thumb Code     6  stm32f4xx_hal.o(i.HAL_GetTick)
    HAL_I2C_AbortCpltCallback                0x0800168d   Thumb Code     2  stm32f4xx_hal_i2c.o(i.HAL_I2C_AbortCpltCallback)
    HAL_I2C_AddrCallback                     0x0800168f   Thumb Code     2  stm32f4xx_hal_i2c.o(i.HAL_I2C_AddrCallback)
    HAL_I2C_ER_IRQHandler                    0x08001691   Thumb Code   328  stm32f4xx_hal_i2c.o(i.HAL_I2C_ER_IRQHandler)
    HAL_I2C_EV_IRQHandler                    0x080017e1   Thumb Code  1714  stm32f4xx_hal_i2c.o(i.HAL_I2C_EV_IRQHandler)
    HAL_I2C_ErrorCallback                    0x08001ea1   Thumb Code     2  stm32f4xx_hal_i2c.o(i.HAL_I2C_ErrorCallback)
    HAL_I2C_Init                             0x08001ea5   Thumb Code   254  stm32f4xx_hal_i2c.o(i.HAL_I2C_Init)
    HAL_I2C_ListenCpltCallback               0x08001fad   Thumb Code     2  stm32f4xx_hal_i2c.o(i.HAL_I2C_ListenCpltCallback)
    HAL_I2C_MasterRxCpltCallback             0x08001faf   Thumb Code     2  stm32f4xx_hal_i2c.o(i.HAL_I2C_MasterRxCpltCallback)
    HAL_I2C_MasterTxCpltCallback             0x08001fb1   Thumb Code     2  stm32f4xx_hal_i2c.o(i.HAL_I2C_MasterTxCpltCallback)
    HAL_I2C_MemRxCpltCallback                0x08001fb3   Thumb Code     2  stm32f4xx_hal_i2c.o(i.HAL_I2C_MemRxCpltCallback)
    HAL_I2C_MemTxCpltCallback                0x08001fb5   Thumb Code     2  stm32f4xx_hal_i2c.o(i.HAL_I2C_MemTxCpltCallback)
    HAL_I2C_Mem_Read                         0x08001fb9   Thumb Code   546  stm32f4xx_hal_i2c.o(i.HAL_I2C_Mem_Read)
    HAL_I2C_Mem_Write                        0x080021e9   Thumb Code   340  stm32f4xx_hal_i2c.o(i.HAL_I2C_Mem_Write)
    HAL_I2C_MspInit                          0x08002345   Thumb Code   278  i2c.o(i.HAL_I2C_MspInit)
    HAL_I2C_SlaveRxCpltCallback              0x08002475   Thumb Code     2  stm32f4xx_hal_i2c.o(i.HAL_I2C_SlaveRxCpltCallback)
    HAL_I2C_SlaveTxCpltCallback              0x08002477   Thumb Code     2  stm32f4xx_hal_i2c.o(i.HAL_I2C_SlaveTxCpltCallback)
    HAL_IncTick                              0x08002479   Thumb Code    10  stm32f4xx_hal.o(i.HAL_IncTick)
    HAL_Init                                 0x08002489   Thumb Code    48  stm32f4xx_hal.o(i.HAL_Init)
    HAL_InitTick                             0x080024bd   Thumb Code    34  stm32f4xx_hal.o(i.HAL_InitTick)
    HAL_MspInit                              0x080024e5   Thumb Code    88  stm32f4xx_hal_msp.o(i.HAL_MspInit)
    HAL_NVIC_EnableIRQ                       0x0800253d   Thumb Code    24  stm32f4xx_hal_cortex.o(i.HAL_NVIC_EnableIRQ)
    HAL_NVIC_SetPriority                     0x08002555   Thumb Code    96  stm32f4xx_hal_cortex.o(i.HAL_NVIC_SetPriority)
    HAL_NVIC_SetPriorityGrouping             0x080025b9   Thumb Code    30  stm32f4xx_hal_cortex.o(i.HAL_NVIC_SetPriorityGrouping)
    HAL_RCC_ClockConfig                      0x080025dd   Thumb Code   428  stm32f4xx_hal_rcc.o(i.HAL_RCC_ClockConfig)
    HAL_RCC_GetHCLKFreq                      0x0800279d   Thumb Code     6  stm32f4xx_hal_rcc.o(i.HAL_RCC_GetHCLKFreq)
    HAL_RCC_GetPCLK1Freq                     0x080027a9   Thumb Code    34  stm32f4xx_hal_rcc.o(i.HAL_RCC_GetPCLK1Freq)
    HAL_RCC_GetPCLK2Freq                     0x080027d9   Thumb Code    34  stm32f4xx_hal_rcc.o(i.HAL_RCC_GetPCLK2Freq)
    HAL_RCC_GetSysClockFreq                  0x08002809   Thumb Code   128  stm32f4xx_hal_rcc.o(i.HAL_RCC_GetSysClockFreq)
    HAL_RCC_OscConfig                        0x08002899   Thumb Code   942  stm32f4xx_hal_rcc.o(i.HAL_RCC_OscConfig)
    HAL_SYSTICK_CLKSourceConfig              0x08002c65   Thumb Code    22  stm32f4xx_hal_cortex.o(i.HAL_SYSTICK_CLKSourceConfig)
    HAL_SYSTICK_Callback                     0x08002c7b   Thumb Code     2  stm32f4xx_hal_cortex.o(i.HAL_SYSTICK_Callback)
    HAL_SYSTICK_Config                       0x08002c7d   Thumb Code    38  stm32f4xx_hal_cortex.o(i.HAL_SYSTICK_Config)
    HAL_SYSTICK_IRQHandler                   0x08002ca9   Thumb Code     8  stm32f4xx_hal_cortex.o(i.HAL_SYSTICK_IRQHandler)
    HAL_TIMEx_BreakCallback                  0x08002cb1   Thumb Code     2  stm32f4xx_hal_tim_ex.o(i.HAL_TIMEx_BreakCallback)
    HAL_TIMEx_CommutationCallback            0x08002cb3   Thumb Code     2  stm32f4xx_hal_tim_ex.o(i.HAL_TIMEx_CommutationCallback)
    HAL_TIMEx_MasterConfigSynchronization    0x08002cb5   Thumb Code   100  stm32f4xx_hal_tim_ex.o(i.HAL_TIMEx_MasterConfigSynchronization)
    HAL_TIM_Base_Init                        0x08002d19   Thumb Code    54  stm32f4xx_hal_tim.o(i.HAL_TIM_Base_Init)
    HAL_TIM_Base_MspInit                     0x08002d51   Thumb Code   128  tim.o(i.HAL_TIM_Base_MspInit)
    HAL_TIM_Base_Start_IT                    0x08002dd9   Thumb Code    24  stm32f4xx_hal_tim.o(i.HAL_TIM_Base_Start_IT)
    HAL_TIM_ConfigClockSource                0x08002df1   Thumb Code   440  stm32f4xx_hal_tim.o(i.HAL_TIM_ConfigClockSource)
    HAL_TIM_IC_CaptureCallback               0x08002fa9   Thumb Code     2  stm32f4xx_hal_tim.o(i.HAL_TIM_IC_CaptureCallback)
    HAL_TIM_IRQHandler                       0x08002fab   Thumb Code   364  stm32f4xx_hal_tim.o(i.HAL_TIM_IRQHandler)
    HAL_TIM_MspPostInit                      0x08003119   Thumb Code    74  tim.o(i.HAL_TIM_MspPostInit)
    HAL_TIM_OC_DelayElapsedCallback          0x08003169   Thumb Code     2  stm32f4xx_hal_tim.o(i.HAL_TIM_OC_DelayElapsedCallback)
    HAL_TIM_PWM_ConfigChannel                0x0800316d   Thumb Code   352  stm32f4xx_hal_tim.o(i.HAL_TIM_PWM_ConfigChannel)
    HAL_TIM_PWM_Init                         0x080032d1   Thumb Code    54  stm32f4xx_hal_tim.o(i.HAL_TIM_PWM_Init)
    HAL_TIM_PWM_MspInit                      0x08003309   Thumb Code   122  tim.o(i.HAL_TIM_PWM_MspInit)
    HAL_TIM_PWM_PulseFinishedCallback        0x0800338d   Thumb Code     2  stm32f4xx_hal_tim.o(i.HAL_TIM_PWM_PulseFinishedCallback)
    HAL_TIM_PWM_Start                        0x0800338f   Thumb Code    46  stm32f4xx_hal_tim.o(i.HAL_TIM_PWM_Start)
    HAL_TIM_PeriodElapsedCallback            0x080033bd   Thumb Code    40  main.o(i.HAL_TIM_PeriodElapsedCallback)
    HAL_TIM_TriggerCallback                  0x080033ed   Thumb Code     2  stm32f4xx_hal_tim.o(i.HAL_TIM_TriggerCallback)
    HAL_UART_ErrorCallback                   0x080033ef   Thumb Code     2  stm32f4xx_hal_uart.o(i.HAL_UART_ErrorCallback)
    HAL_UART_IRQHandler                      0x080033f1   Thumb Code   406  stm32f4xx_hal_uart.o(i.HAL_UART_IRQHandler)
    HAL_UART_Init                            0x0800358d   Thumb Code   108  stm32f4xx_hal_uart.o(i.HAL_UART_Init)
    HAL_UART_MspInit                         0x080035f9   Thumb Code   206  usart.o(i.HAL_UART_MspInit)
    HAL_UART_Receive_DMA                     0x080036e1   Thumb Code   134  stm32f4xx_hal_uart.o(i.HAL_UART_Receive_DMA)
    HAL_UART_Receive_IT                      0x08003775   Thumb Code    74  stm32f4xx_hal_uart.o(i.HAL_UART_Receive_IT)
    HAL_UART_RxCpltCallback                  0x080037bf   Thumb Code     2  stm32f4xx_hal_uart.o(i.HAL_UART_RxCpltCallback)
    HAL_UART_RxHalfCpltCallback              0x080037c1   Thumb Code     2  stm32f4xx_hal_uart.o(i.HAL_UART_RxHalfCpltCallback)
    HAL_UART_Transmit                        0x080037c3   Thumb Code   198  stm32f4xx_hal_uart.o(i.HAL_UART_Transmit)
    HAL_UART_Transmit_DMA                    0x08003889   Thumb Code   128  stm32f4xx_hal_uart.o(i.HAL_UART_Transmit_DMA)
    HAL_UART_TxCpltCallback                  0x08003915   Thumb Code     2  stm32f4xx_hal_uart.o(i.HAL_UART_TxCpltCallback)
    HAL_UART_TxHalfCpltCallback              0x08003917   Thumb Code     2  stm32f4xx_hal_uart.o(i.HAL_UART_TxHalfCpltCallback)
    I2C1_ER_IRQHandler                       0x08003919   Thumb Code     6  stm32f4xx_it.o(i.I2C1_ER_IRQHandler)
    I2C1_EV_IRQHandler                       0x08003925   Thumb Code     6  stm32f4xx_it.o(i.I2C1_EV_IRQHandler)
    I2C3_ER_IRQHandler                       0x08003931   Thumb Code     6  stm32f4xx_it.o(i.I2C3_ER_IRQHandler)
    I2C3_EV_IRQHandler                       0x0800393d   Thumb Code     6  stm32f4xx_it.o(i.I2C3_EV_IRQHandler)
    I2C_readBit                              0x08003f55   Thumb Code    52  i2c.o(i.I2C_readBit)
    I2C_readBits                             0x08003f8d   Thumb Code    72  i2c.o(i.I2C_readBits)
    I2C_readByte                             0x08003fd9   Thumb Code    32  i2c.o(i.I2C_readByte)
    I2C_readBytes                            0x08003ffd   Thumb Code    32  i2c.o(i.I2C_readBytes)
    I2C_writeBit                             0x08004021   Thumb Code   100  i2c.o(i.I2C_writeBit)
    I2C_writeBits                            0x08004089   Thumb Code   118  i2c.o(i.I2C_writeBits)
    I2C_writeByte                            0x08004105   Thumb Code    44  i2c.o(i.I2C_writeByte)
    I2C_writeBytes                           0x08004135   Thumb Code    32  i2c.o(i.I2C_writeBytes)
    I2C_writeWord                            0x08004159   Thumb Code    50  i2c.o(i.I2C_writeWord)
    MPU6050                                  0x08004191   Thumb Code     6  mpu6050.o(i.MPU6050)
    MPUdmpGetEuler                           0x0800419d   Thumb Code   278  mpu6050_6axis_motionapps20.o(i.MPUdmpGetEuler)
    MPUdmpGetFIFOPacketSize                  0x080042b3   Thumb Code     4  mpu6050_6axis_motionapps20.o(i.MPUdmpGetFIFOPacketSize)
    MPUdmpGetQuaternion                      0x080042b9   Thumb Code   150  mpu6050_6axis_motionapps20.o(i.MPUdmpGetQuaternion)
    MPUdmpInitialize                         0x08004359   Thumb Code  3202  mpu6050_6axis_motionapps20.o(i.MPUdmpInitialize)
    MPUgetFIFOBytes                          0x08005131   Thumb Code    14  mpu6050.o(i.MPUgetFIFOBytes)
    MPUgetFIFOCount                          0x08005145   Thumb Code    24  mpu6050.o(i.MPUgetFIFOCount)
    MPUgetIntStatus                          0x08005165   Thumb Code    20  mpu6050.o(i.MPUgetIntStatus)
    MPUgetOTPBankValid                       0x08005181   Thumb Code    22  mpu6050.o(i.MPUgetOTPBankValid)
    MPUgetXGyroOffset                        0x080051a1   Thumb Code    26  mpu6050.o(i.MPUgetXGyroOffset)
    MPUgetYGyroOffset                        0x080051c5   Thumb Code    26  mpu6050.o(i.MPUgetYGyroOffset)
    MPUgetZGyroOffset                        0x080051e9   Thumb Code    26  mpu6050.o(i.MPUgetZGyroOffset)
    MPUinitialize                            0x0800520d   Thumb Code    70  mpu6050.o(i.MPUinitialize)
    MPUreadMemoryBlock                       0x08005259   Thumb Code   146  mpu6050.o(i.MPUreadMemoryBlock)
    MPUreadMemoryByte                        0x080052f1   Thumb Code    20  mpu6050.o(i.MPUreadMemoryByte)
    MPUreset                                 0x0800530d   Thumb Code    14  mpu6050.o(i.MPUreset)
    MPUresetDMP                              0x08005321   Thumb Code    14  mpu6050.o(i.MPUresetDMP)
    MPUresetFIFO                             0x08005335   Thumb Code    14  mpu6050.o(i.MPUresetFIFO)
    MPUresetI2CMaster                        0x08005349   Thumb Code    14  mpu6050.o(i.MPUresetI2CMaster)
    MPUsetClockSource                        0x0800535d   Thumb Code    20  mpu6050.o(i.MPUsetClockSource)
    MPUsetDLPFMode                           0x08005375   Thumb Code    20  mpu6050.o(i.MPUsetDLPFMode)
    MPUsetDMPConfig1                         0x0800538d   Thumb Code    12  mpu6050.o(i.MPUsetDMPConfig1)
    MPUsetDMPConfig2                         0x0800539d   Thumb Code    12  mpu6050.o(i.MPUsetDMPConfig2)
    MPUsetDMPEnabled                         0x080053ad   Thumb Code    14  mpu6050.o(i.MPUsetDMPEnabled)
    MPUsetExternalFrameSync                  0x080053c1   Thumb Code    20  mpu6050.o(i.MPUsetExternalFrameSync)
    MPUsetFIFOEnabled                        0x080053d9   Thumb Code    14  mpu6050.o(i.MPUsetFIFOEnabled)
    MPUsetFullScaleGyroRange                 0x080053ed   Thumb Code    20  mpu6050.o(i.MPUsetFullScaleGyroRange)
    MPUsetI2CMasterModeEnabled               0x08005405   Thumb Code    14  mpu6050.o(i.MPUsetI2CMasterModeEnabled)
    MPUsetIntEnabled                         0x08005419   Thumb Code    12  mpu6050.o(i.MPUsetIntEnabled)
    MPUsetMemoryBank                         0x08005429   Thumb Code    30  mpu6050.o(i.MPUsetMemoryBank)
    MPUsetMemoryStartAddress                 0x0800544d   Thumb Code    12  mpu6050.o(i.MPUsetMemoryStartAddress)
    MPUsetMotionDetectionDuration            0x0800545d   Thumb Code    12  mpu6050.o(i.MPUsetMotionDetectionDuration)
    MPUsetMotionDetectionThreshold           0x0800546d   Thumb Code    12  mpu6050.o(i.MPUsetMotionDetectionThreshold)
    MPUsetOTPBankValid                       0x0800547d   Thumb Code    14  mpu6050.o(i.MPUsetOTPBankValid)
    MPUsetRate                               0x08005491   Thumb Code    12  mpu6050.o(i.MPUsetRate)
    MPUsetSlaveAddress                       0x080054a1   Thumb Code    24  mpu6050.o(i.MPUsetSlaveAddress)
    MPUsetSleepEnabled                       0x080054bd   Thumb Code    14  mpu6050.o(i.MPUsetSleepEnabled)
    MPUsetXGyroOffset                        0x080054d1   Thumb Code    22  mpu6050.o(i.MPUsetXGyroOffset)
    MPUsetXGyroOffsetUser                    0x080054ed   Thumb Code    12  mpu6050.o(i.MPUsetXGyroOffsetUser)
    MPUsetYGyroOffset                        0x080054fd   Thumb Code    22  mpu6050.o(i.MPUsetYGyroOffset)
    MPUsetYGyroOffsetUser                    0x08005519   Thumb Code    12  mpu6050.o(i.MPUsetYGyroOffsetUser)
    MPUsetZGyroOffset                        0x08005529   Thumb Code    22  mpu6050.o(i.MPUsetZGyroOffset)
    MPUsetZGyroOffsetUser                    0x08005545   Thumb Code    12  mpu6050.o(i.MPUsetZGyroOffsetUser)
    MPUsetZeroMotionDetectionDuration        0x08005555   Thumb Code    12  mpu6050.o(i.MPUsetZeroMotionDetectionDuration)
    MPUsetZeroMotionDetectionThreshold       0x08005565   Thumb Code    12  mpu6050.o(i.MPUsetZeroMotionDetectionThreshold)
    MPUtestConnection                        0x08005575   Thumb Code    32  mpu6050.o(i.MPUtestConnection)
    MPUwriteDMPConfigurationSet              0x0800559d   Thumb Code   108  mpu6050.o(i.MPUwriteDMPConfigurationSet)
    MPUwriteMemoryBlock                      0x0800560d   Thumb Code   218  mpu6050.o(i.MPUwriteMemoryBlock)
    MPUwriteProgDMPConfigurationSet          0x080056f1   Thumb Code     6  mpu6050.o(i.MPUwriteProgDMPConfigurationSet)
    MPUwriteProgMemoryBlock                  0x080056f7   Thumb Code    22  mpu6050.o(i.MPUwriteProgMemoryBlock)
    MX_DMA_Init                              0x0800570d   Thumb Code    72  dma.o(i.MX_DMA_Init)
    MX_GPIO_Init                             0x08005759   Thumb Code   240  gpio.o(i.MX_GPIO_Init)
    MX_I2C1_Init                             0x0800585d   Thumb Code    50  i2c.o(i.MX_I2C1_Init)
    MX_I2C3_Init                             0x0800589d   Thumb Code    50  i2c.o(i.MX_I2C3_Init)
    MX_TIM11_Init                            0x080058dd   Thumb Code    42  tim.o(i.MX_TIM11_Init)
    MX_TIM1_Init                             0x08005911   Thumb Code    86  tim.o(i.MX_TIM1_Init)
    MX_TIM2_Init                             0x08005971   Thumb Code   116  tim.o(i.MX_TIM2_Init)
    MX_TIM3_Init                             0x080059e9   Thumb Code   114  tim.o(i.MX_TIM3_Init)
    MX_USART2_UART_Init                      0x08005a65   Thumb Code    48  usart.o(i.MX_USART2_UART_Init)
    SysTick_Handler                          0x08005a9d   Thumb Code    14  stm32f4xx_it.o(i.SysTick_Handler)
    SystemClock_Config                       0x08005aad   Thumb Code   152  main.o(i.SystemClock_Config)
    SystemInit                               0x08005b4d   Thumb Code    64  system_stm32f4xx.o(i.SystemInit)
    TIM1_TRG_COM_TIM11_IRQHandler            0x08005ba5   Thumb Code    18  stm32f4xx_it.o(i.TIM1_TRG_COM_TIM11_IRQHandler)
    TIM2_IRQHandler                          0x08005bc1   Thumb Code     6  stm32f4xx_it.o(i.TIM2_IRQHandler)
    TIM3_IRQHandler                          0x08005bcd   Thumb Code     6  stm32f4xx_it.o(i.TIM3_IRQHandler)
    TIM_Base_SetConfig                       0x08005bd9   Thumb Code   132  stm32f4xx_hal_tim.o(i.TIM_Base_SetConfig)
    TIM_CCxChannelCmd                        0x08005c6d   Thumb Code    26  stm32f4xx_hal_tim.o(i.TIM_CCxChannelCmd)
    TIM_OC2_SetConfig                        0x08005cdd   Thumb Code    94  stm32f4xx_hal_tim.o(i.TIM_OC2_SetConfig)
    USART2_IRQHandler                        0x08006271   Thumb Code    38  stm32f4xx_it.o(i.USART2_IRQHandler)
    USER_UART_IDLECallback                   0x0800629d   Thumb Code    76  main.o(i.USER_UART_IDLECallback)
    __0printf                                0x080062f5   Thumb Code    22  printfa.o(i.__0printf)
    __1printf                                0x080062f5   Thumb Code     0  printfa.o(i.__0printf)
    __2printf                                0x080062f5   Thumb Code     0  printfa.o(i.__0printf)
    __c89printf                              0x080062f5   Thumb Code     0  printfa.o(i.__0printf)
    printf                                   0x080062f5   Thumb Code     0  printfa.o(i.__0printf)
    __0sprintf                               0x08006315   Thumb Code    34  printfa.o(i.__0sprintf)
    __1sprintf                               0x08006315   Thumb Code     0  printfa.o(i.__0sprintf)
    __2sprintf                               0x08006315   Thumb Code     0  printfa.o(i.__0sprintf)
    __c89sprintf                             0x08006315   Thumb Code     0  printfa.o(i.__0sprintf)
    sprintf                                  0x08006315   Thumb Code     0  printfa.o(i.__0sprintf)
    __ARM_fpclassify                         0x0800633d   Thumb Code    48  fpclassify.o(i.__ARM_fpclassify)
    __hardfp_asin                            0x08006371   Thumb Code   770  asin.o(i.__hardfp_asin)
    __hardfp_atan                            0x080066d1   Thumb Code   622  atan.o(i.__hardfp_atan)
    __hardfp_atan2                           0x080069a9   Thumb Code   432  atan2.o(i.__hardfp_atan2)
    __kernel_poly                            0x08006b99   Thumb Code   248  poly.o(i.__kernel_poly)
    __mathlib_dbl_infnan                     0x08006c91   Thumb Code    20  dunder.o(i.__mathlib_dbl_infnan)
    __mathlib_dbl_infnan2                    0x08006ca5   Thumb Code    20  dunder.o(i.__mathlib_dbl_infnan2)
    __mathlib_dbl_invalid                    0x08006cb9   Thumb Code    24  dunder.o(i.__mathlib_dbl_invalid)
    __mathlib_dbl_underflow                  0x08006cd9   Thumb Code    24  dunder.o(i.__mathlib_dbl_underflow)
    __scatterload_copy                       0x08006cf9   Thumb Code    14  handlers.o(i.__scatterload_copy)
    __scatterload_null                       0x08006d07   Thumb Code     2  handlers.o(i.__scatterload_null)
    __scatterload_zeroinit                   0x08006d09   Thumb Code    14  handlers.o(i.__scatterload_zeroinit)
    __set_errno                              0x08006d19   Thumb Code     6  errno.o(i.__set_errno)
    _is_digit                                0x08006e89   Thumb Code    14  scanf_fp.o(i._is_digit)
    atan                                     0x080075d1   Thumb Code    16  atan.o(i.atan)
    fabs                                     0x080075e1   Thumb Code    24  fabs.o(i.fabs)
    fputc                                    0x080075f9   Thumb Code    24  usart.o(i.fputc)
    main                                     0x08007615   Thumb Code   602  main.o(i.main)
    sqrt                                     0x080078f1   Thumb Code   110  sqrt.o(i.sqrt)
    dmpMemory                                0x0800795e   Data        1929  mpu6050_6axis_motionapps20.o(.constdata)
    dmpConfig                                0x080080e7   Data         192  mpu6050_6axis_motionapps20.o(.constdata)
    dmpUpdates                               0x080081a7   Data          47  mpu6050_6axis_motionapps20.o(.constdata)
    APBAHBPrescTable                         0x080081de   Data          16  stm32f4xx_hal_rcc.o(.constdata)
    __mathlib_zero                           0x080082d8   Data           8  qnan.o(.constdata)
    __ctype_categories                       0x080082e0   Data          64  ctype_c.o(.constdata)
    Region$$Table$$Base                      0x08008370   Number         0  anon$$obj.o(Region$$Table)
    Region$$Table$$Limit                     0x08008390   Number         0  anon$$obj.o(Region$$Table)
    SystemCoreClock                          0x20000000   Data           4  system_stm32f4xx.o(.data)
    tick_tock                                0x20000004   Data           1  main.o(.data)
    run                                      0x20000005   Data           1  main.o(.data)
    run10                                    0x20000006   Data           1  main.o(.data)
    mpuIntStatus                             0x20000007   Data           1  main.o(.data)
    packetSize                               0x20000008   Data           2  main.o(.data)
    M_PI                                     0x2000000c   Data           4  main.o(.data)
    tar_y                                    0x20000010   Data           4  main.o(.data)
    pos_x                                    0x20000014   Data           4  main.o(.data)
    pos_y                                    0x20000018   Data           4  main.o(.data)
    tar_x                                    0x2000001c   Data           4  main.o(.data)
    MPUdevAddr                               0x20000020   Data           1  mpu6050.o(.data)
    MPUdmpPacketBuffer                       0x20000024   Data           4  mpu6050_6axis_motionapps20.o(.data)
    uwTick                                   0x20000028   Data           4  stm32f4xx_hal.o(.data)
    __stdout                                 0x2000002c   Data           4  stdout.o(.data)
    rxBuffer                                 0x20000034   Data         256  main.o(.bss)
    positionData                             0x20000134   Data         256  main.o(.bss)
    fifoBuffer                               0x20000234   Data          64  main.o(.bss)
    q                                        0x20000274   Data          16  main.o(.bss)
    euler                                    0x20000284   Data          12  main.o(.bss)
    angle                                    0x20000290   Data          12  main.o(.bss)
    angle_offset                             0x2000029c   Data          12  main.o(.bss)
    hi2c1                                    0x200002a8   Data          84  i2c.o(.bss)
    hi2c3                                    0x200002fc   Data          84  i2c.o(.bss)
    hdma_i2c3_tx                             0x20000350   Data          96  i2c.o(.bss)
    htim1                                    0x200003b0   Data          60  tim.o(.bss)
    htim2                                    0x200003ec   Data          60  tim.o(.bss)
    htim3                                    0x20000428   Data          60  tim.o(.bss)
    htim11                                   0x20000464   Data          60  tim.o(.bss)
    huart2                                   0x200004a0   Data          64  usart.o(.bss)
    hdma_usart2_tx                           0x200004e0   Data          96  usart.o(.bss)
    hdma_usart2_rx                           0x20000540   Data          96  usart.o(.bss)
    MPUbuffer                                0x200005b0   Data          14  mpu6050.o(.bss)
    __initial_sp                             0x200009c0   Data           0  startup_stm32f401xe.o(STACK)



==============================================================================

Memory Map of the image

  Image Entry point : 0x08000195

  Load Region LR_IROM1 (Base: 0x08000000, Size: 0x000083c4, Max: 0x00080000, ABSOLUTE)

    Execution Region ER_IROM1 (Base: 0x08000000, Size: 0x00008390, Max: 0x00080000, ABSOLUTE)

    Base Addr    Size         Type   Attr      Idx    E Section Name        Object

    0x08000000   0x00000194   Data   RO         4988    RESET               startup_stm32f401xe.o
    0x08000194   0x00000000   Code   RO         5045  * .ARM.Collect$$$$00000000  mc_w.l(entry.o)
    0x08000194   0x00000004   Code   RO         5366    .ARM.Collect$$$$00000001  mc_w.l(entry2.o)
    0x08000198   0x00000004   Code   RO         5369    .ARM.Collect$$$$00000004  mc_w.l(entry5.o)
    0x0800019c   0x00000000   Code   RO         5371    .ARM.Collect$$$$00000008  mc_w.l(entry7b.o)
    0x0800019c   0x00000000   Code   RO         5373    .ARM.Collect$$$$0000000A  mc_w.l(entry8b.o)
    0x0800019c   0x00000008   Code   RO         5374    .ARM.Collect$$$$0000000B  mc_w.l(entry9a.o)
    0x080001a4   0x00000000   Code   RO         5376    .ARM.Collect$$$$0000000D  mc_w.l(entry10a.o)
    0x080001a4   0x00000000   Code   RO         5378    .ARM.Collect$$$$0000000F  mc_w.l(entry11a.o)
    0x080001a4   0x00000004   Code   RO         5367    .ARM.Collect$$$$00002712  mc_w.l(entry2.o)
    0x080001a8   0x00000024   Code   RO         4989    .text               startup_stm32f401xe.o
    0x080001cc   0x00000024   Code   RO         5048    .text               mc_w.l(memseta.o)
    0x080001f0   0x00000014   Code   RO         5050    .text               mc_w.l(strchr.o)
    0x08000204   0x0000000e   Code   RO         5052    .text               mc_w.l(strlen.o)
    0x08000212   0x0000001a   Code   RO         5054    .text               mc_w.l(memcmp.o)
    0x0800022c   0x00000012   Code   RO         5056    .text               mc_w.l(strcpy.o)
    0x0800023e   0x00000002   PAD
    0x08000240   0x00000038   Code   RO         5319    .text               mc_w.l(__0sscanf.o)
    0x08000278   0x00000338   Code   RO         5321    .text               mc_w.l(scanf_fp.o)
    0x080005b0   0x00000026   Code   RO         5325    .text               mf_w.l(f2d.o)
    0x080005d6   0x00000038   Code   RO         5327    .text               mf_w.l(d2f.o)
    0x0800060e   0x0000002c   Code   RO         5381    .text               mc_w.l(uidiv.o)
    0x0800063a   0x00000062   Code   RO         5383    .text               mc_w.l(uldiv.o)
    0x0800069c   0x00000028   Code   RO         5392    .text               mc_w.l(scanf_char.o)
    0x080006c4   0x00000040   Code   RO         5394    .text               mc_w.l(_sgetc.o)
    0x08000704   0x00000000   Code   RO         5396    .text               mc_w.l(iusefp.o)
    0x08000704   0x0000006e   Code   RO         5397    .text               mf_w.l(fepilogue.o)
    0x08000772   0x0000014e   Code   RO         5399    .text               mf_w.l(dadd.o)
    0x080008c0   0x000000e4   Code   RO         5401    .text               mf_w.l(dmul.o)
    0x080009a4   0x000000de   Code   RO         5403    .text               mf_w.l(ddiv.o)
    0x08000a82   0x00000018   Code   RO         5407    .text               mf_w.l(dfltul.o)
    0x08000a9a   0x00000030   Code   RO         5409    .text               mf_w.l(dfixul.o)
    0x08000aca   0x00000002   PAD
    0x08000acc   0x00000030   Code   RO         5411    .text               mf_w.l(cdrcmple.o)
    0x08000afc   0x00000024   Code   RO         5413    .text               mc_w.l(init.o)
    0x08000b20   0x0000001e   Code   RO         5415    .text               mc_w.l(llshl.o)
    0x08000b3e   0x00000020   Code   RO         5417    .text               mc_w.l(llushr.o)
    0x08000b5e   0x00000024   Code   RO         5419    .text               mc_w.l(llsshr.o)
    0x08000b82   0x0000000a   Code   RO         5421    .text               mc_w.l(isspace_c.o)
    0x08000b8c   0x0000032c   Code   RO         5423    .text               mc_w.l(_scanf.o)
    0x08000eb8   0x000000ba   Code   RO         5425    .text               mf_w.l(depilogue.o)
    0x08000f72   0x000000a2   Code   RO         5427    .text               mf_w.l(dsqrt.o)
    0x08001014   0x00000028   Code   RO         5431    .text               mc_w.l(ctype_c.o)
    0x0800103c   0x0000000c   Code   RO          284    i.DMA1_Stream4_IRQHandler  stm32f4xx_it.o
    0x08001048   0x0000000c   Code   RO          285    i.DMA1_Stream5_IRQHandler  stm32f4xx_it.o
    0x08001054   0x0000000c   Code   RO          286    i.DMA1_Stream6_IRQHandler  stm32f4xx_it.o
    0x08001060   0x00000002   Code   RO          168    i.Error_Handler     main.o
    0x08001062   0x00000024   Code   RO         4687    i.HAL_DMA_Abort_IT  stm32f4xx_hal_dma.o
    0x08001086   0x00000002   PAD
    0x08001088   0x000001e0   Code   RO         4691    i.HAL_DMA_IRQHandler  stm32f4xx_hal_dma.o
    0x08001268   0x0000015c   Code   RO         4692    i.HAL_DMA_Init      stm32f4xx_hal_dma.o
    0x080013c4   0x000000aa   Code   RO         4696    i.HAL_DMA_Start_IT  stm32f4xx_hal_dma.o
    0x0800146e   0x00000016   Code   RO         4546    i.HAL_Delay         stm32f4xx_hal.o
    0x08001484   0x000001e0   Code   RO         4165    i.HAL_GPIO_Init     stm32f4xx_hal_gpio.o
    0x08001664   0x0000000a   Code   RO         4167    i.HAL_GPIO_ReadPin  stm32f4xx_hal_gpio.o
    0x0800166e   0x00000008   Code   RO         4168    i.HAL_GPIO_TogglePin  stm32f4xx_hal_gpio.o
    0x08001676   0x0000000a   Code   RO         4169    i.HAL_GPIO_WritePin  stm32f4xx_hal_gpio.o
    0x08001680   0x0000000c   Code   RO         4552    i.HAL_GetTick       stm32f4xx_hal.o
    0x0800168c   0x00000002   Code   RO         2716    i.HAL_I2C_AbortCpltCallback  stm32f4xx_hal_i2c.o
    0x0800168e   0x00000002   Code   RO         2717    i.HAL_I2C_AddrCallback  stm32f4xx_hal_i2c.o
    0x08001690   0x00000150   Code   RO         2720    i.HAL_I2C_ER_IRQHandler  stm32f4xx_hal_i2c.o
    0x080017e0   0x000006c0   Code   RO         2721    i.HAL_I2C_EV_IRQHandler  stm32f4xx_hal_i2c.o
    0x08001ea0   0x00000002   Code   RO         2723    i.HAL_I2C_ErrorCallback  stm32f4xx_hal_i2c.o
    0x08001ea2   0x00000002   PAD
    0x08001ea4   0x00000108   Code   RO         2727    i.HAL_I2C_Init      stm32f4xx_hal_i2c.o
    0x08001fac   0x00000002   Code   RO         2729    i.HAL_I2C_ListenCpltCallback  stm32f4xx_hal_i2c.o
    0x08001fae   0x00000002   Code   RO         2730    i.HAL_I2C_MasterRxCpltCallback  stm32f4xx_hal_i2c.o
    0x08001fb0   0x00000002   Code   RO         2731    i.HAL_I2C_MasterTxCpltCallback  stm32f4xx_hal_i2c.o
    0x08001fb2   0x00000002   Code   RO         2741    i.HAL_I2C_MemRxCpltCallback  stm32f4xx_hal_i2c.o
    0x08001fb4   0x00000002   Code   RO         2742    i.HAL_I2C_MemTxCpltCallback  stm32f4xx_hal_i2c.o
    0x08001fb6   0x00000002   PAD
    0x08001fb8   0x00000230   Code   RO         2743    i.HAL_I2C_Mem_Read  stm32f4xx_hal_i2c.o
    0x080021e8   0x0000015c   Code   RO         2746    i.HAL_I2C_Mem_Write  stm32f4xx_hal_i2c.o
    0x08002344   0x00000130   Code   RO          379    i.HAL_I2C_MspInit   i2c.o
    0x08002474   0x00000002   Code   RO         2751    i.HAL_I2C_SlaveRxCpltCallback  stm32f4xx_hal_i2c.o
    0x08002476   0x00000002   Code   RO         2752    i.HAL_I2C_SlaveTxCpltCallback  stm32f4xx_hal_i2c.o
    0x08002478   0x00000010   Code   RO         4553    i.HAL_IncTick       stm32f4xx_hal.o
    0x08002488   0x00000034   Code   RO         4554    i.HAL_Init          stm32f4xx_hal.o
    0x080024bc   0x00000028   Code   RO         4555    i.HAL_InitTick      stm32f4xx_hal.o
    0x080024e4   0x00000058   Code   RO          140    i.HAL_MspInit       stm32f4xx_hal_msp.o
    0x0800253c   0x00000018   Code   RO         3301    i.HAL_NVIC_EnableIRQ  stm32f4xx_hal_cortex.o
    0x08002554   0x00000064   Code   RO         3307    i.HAL_NVIC_SetPriority  stm32f4xx_hal_cortex.o
    0x080025b8   0x00000024   Code   RO         3308    i.HAL_NVIC_SetPriorityGrouping  stm32f4xx_hal_cortex.o
    0x080025dc   0x000001c0   Code   RO         4855    i.HAL_RCC_ClockConfig  stm32f4xx_hal_rcc.o
    0x0800279c   0x0000000c   Code   RO         4860    i.HAL_RCC_GetHCLKFreq  stm32f4xx_hal_rcc.o
    0x080027a8   0x00000030   Code   RO         4862    i.HAL_RCC_GetPCLK1Freq  stm32f4xx_hal_rcc.o
    0x080027d8   0x00000030   Code   RO         4863    i.HAL_RCC_GetPCLK2Freq  stm32f4xx_hal_rcc.o
    0x08002808   0x00000090   Code   RO         4864    i.HAL_RCC_GetSysClockFreq  stm32f4xx_hal_rcc.o
    0x08002898   0x000003cc   Code   RO         4867    i.HAL_RCC_OscConfig  stm32f4xx_hal_rcc.o
    0x08002c64   0x00000016   Code   RO         3310    i.HAL_SYSTICK_CLKSourceConfig  stm32f4xx_hal_cortex.o
    0x08002c7a   0x00000002   Code   RO         3311    i.HAL_SYSTICK_Callback  stm32f4xx_hal_cortex.o
    0x08002c7c   0x0000002c   Code   RO         3312    i.HAL_SYSTICK_Config  stm32f4xx_hal_cortex.o
    0x08002ca8   0x00000008   Code   RO         3313    i.HAL_SYSTICK_IRQHandler  stm32f4xx_hal_cortex.o
    0x08002cb0   0x00000002   Code   RO         3059    i.HAL_TIMEx_BreakCallback  stm32f4xx_hal_tim_ex.o
    0x08002cb2   0x00000002   Code   RO         3060    i.HAL_TIMEx_CommutationCallback  stm32f4xx_hal_tim_ex.o
    0x08002cb4   0x00000064   Code   RO         3076    i.HAL_TIMEx_MasterConfigSynchronization  stm32f4xx_hal_tim_ex.o
    0x08002d18   0x00000036   Code   RO         3516    i.HAL_TIM_Base_Init  stm32f4xx_hal_tim.o
    0x08002d4e   0x00000002   PAD
    0x08002d50   0x00000088   Code   RO          504    i.HAL_TIM_Base_MspInit  tim.o
    0x08002dd8   0x00000018   Code   RO         3521    i.HAL_TIM_Base_Start_IT  stm32f4xx_hal_tim.o
    0x08002df0   0x000001b8   Code   RO         3525    i.HAL_TIM_ConfigClockSource  stm32f4xx_hal_tim.o
    0x08002fa8   0x00000002   Code   RO         3545    i.HAL_TIM_IC_CaptureCallback  stm32f4xx_hal_tim.o
    0x08002faa   0x0000016c   Code   RO         3558    i.HAL_TIM_IRQHandler  stm32f4xx_hal_tim.o
    0x08003116   0x00000002   PAD
    0x08003118   0x00000050   Code   RO          505    i.HAL_TIM_MspPostInit  tim.o
    0x08003168   0x00000002   Code   RO         3561    i.HAL_TIM_OC_DelayElapsedCallback  stm32f4xx_hal_tim.o
    0x0800316a   0x00000002   PAD
    0x0800316c   0x00000164   Code   RO         3582    i.HAL_TIM_PWM_ConfigChannel  stm32f4xx_hal_tim.o
    0x080032d0   0x00000036   Code   RO         3585    i.HAL_TIM_PWM_Init  stm32f4xx_hal_tim.o
    0x08003306   0x00000002   PAD
    0x08003308   0x00000084   Code   RO          507    i.HAL_TIM_PWM_MspInit  tim.o
    0x0800338c   0x00000002   Code   RO         3588    i.HAL_TIM_PWM_PulseFinishedCallback  stm32f4xx_hal_tim.o
    0x0800338e   0x0000002e   Code   RO         3589    i.HAL_TIM_PWM_Start  stm32f4xx_hal_tim.o
    0x080033bc   0x00000030   Code   RO          169    i.HAL_TIM_PeriodElapsedCallback  main.o
    0x080033ec   0x00000002   Code   RO         3599    i.HAL_TIM_TriggerCallback  stm32f4xx_hal_tim.o
    0x080033ee   0x00000002   Code   RO         4249    i.HAL_UART_ErrorCallback  stm32f4xx_hal_uart.o
    0x080033f0   0x0000019c   Code   RO         4252    i.HAL_UART_IRQHandler  stm32f4xx_hal_uart.o
    0x0800358c   0x0000006c   Code   RO         4253    i.HAL_UART_Init     stm32f4xx_hal_uart.o
    0x080035f8   0x000000e8   Code   RO          582    i.HAL_UART_MspInit  usart.o
    0x080036e0   0x00000094   Code   RO         4257    i.HAL_UART_Receive_DMA  stm32f4xx_hal_uart.o
    0x08003774   0x0000004a   Code   RO         4258    i.HAL_UART_Receive_IT  stm32f4xx_hal_uart.o
    0x080037be   0x00000002   Code   RO         4259    i.HAL_UART_RxCpltCallback  stm32f4xx_hal_uart.o
    0x080037c0   0x00000002   Code   RO         4260    i.HAL_UART_RxHalfCpltCallback  stm32f4xx_hal_uart.o
    0x080037c2   0x000000c6   Code   RO         4261    i.HAL_UART_Transmit  stm32f4xx_hal_uart.o
    0x08003888   0x0000008c   Code   RO         4262    i.HAL_UART_Transmit_DMA  stm32f4xx_hal_uart.o
    0x08003914   0x00000002   Code   RO         4264    i.HAL_UART_TxCpltCallback  stm32f4xx_hal_uart.o
    0x08003916   0x00000002   Code   RO         4265    i.HAL_UART_TxHalfCpltCallback  stm32f4xx_hal_uart.o
    0x08003918   0x0000000c   Code   RO          287    i.I2C1_ER_IRQHandler  stm32f4xx_it.o
    0x08003924   0x0000000c   Code   RO          288    i.I2C1_EV_IRQHandler  stm32f4xx_it.o
    0x08003930   0x0000000c   Code   RO          289    i.I2C3_ER_IRQHandler  stm32f4xx_it.o
    0x0800393c   0x0000000c   Code   RO          290    i.I2C3_EV_IRQHandler  stm32f4xx_it.o
    0x08003948   0x0000004e   Code   RO         2761    i.I2C_DMAAbort      stm32f4xx_hal_i2c.o
    0x08003996   0x00000002   PAD
    0x08003998   0x00000134   Code   RO         2764    i.I2C_ITError       stm32f4xx_hal_i2c.o
    0x08003acc   0x00000110   Code   RO         2765    i.I2C_RequestMemoryRead  stm32f4xx_hal_i2c.o
    0x08003bdc   0x000000b4   Code   RO         2766    i.I2C_RequestMemoryWrite  stm32f4xx_hal_i2c.o
    0x08003c90   0x0000007c   Code   RO         2767    i.I2C_WaitOnBTFFlagUntilTimeout  stm32f4xx_hal_i2c.o
    0x08003d0c   0x000000a2   Code   RO         2768    i.I2C_WaitOnFlagUntilTimeout  stm32f4xx_hal_i2c.o
    0x08003dae   0x000000b8   Code   RO         2769    i.I2C_WaitOnMasterAddressFlagUntilTimeout  stm32f4xx_hal_i2c.o
    0x08003e66   0x00000072   Code   RO         2770    i.I2C_WaitOnRXNEFlagUntilTimeout  stm32f4xx_hal_i2c.o
    0x08003ed8   0x0000007c   Code   RO         2771    i.I2C_WaitOnTXEFlagUntilTimeout  stm32f4xx_hal_i2c.o
    0x08003f54   0x00000038   Code   RO          380    i.I2C_readBit       i2c.o
    0x08003f8c   0x0000004c   Code   RO          381    i.I2C_readBits      i2c.o
    0x08003fd8   0x00000024   Code   RO          382    i.I2C_readByte      i2c.o
    0x08003ffc   0x00000024   Code   RO          383    i.I2C_readBytes     i2c.o
    0x08004020   0x00000068   Code   RO          384    i.I2C_writeBit      i2c.o
    0x08004088   0x0000007c   Code   RO          385    i.I2C_writeBits     i2c.o
    0x08004104   0x00000030   Code   RO          386    i.I2C_writeByte     i2c.o
    0x08004134   0x00000024   Code   RO          387    i.I2C_writeBytes    i2c.o
    0x08004158   0x00000038   Code   RO          388    i.I2C_writeWord     i2c.o
    0x08004190   0x0000000c   Code   RO          632    i.MPU6050           mpu6050.o
    0x0800419c   0x00000116   Code   RO         2216    i.MPUdmpGetEuler    mpu6050_6axis_motionapps20.o
    0x080042b2   0x00000004   Code   RO         2217    i.MPUdmpGetFIFOPacketSize  mpu6050_6axis_motionapps20.o
    0x080042b6   0x00000002   PAD
    0x080042b8   0x000000a0   Code   RO         2223    i.MPUdmpGetQuaternion  mpu6050_6axis_motionapps20.o
    0x08004358   0x00000dd8   Code   RO         2227    i.MPUdmpInitialize  mpu6050_6axis_motionapps20.o
    0x08005130   0x00000014   Code   RO          663    i.MPUgetFIFOBytes   mpu6050.o
    0x08005144   0x00000020   Code   RO          664    i.MPUgetFIFOCount   mpu6050.o
    0x08005164   0x0000001c   Code   RO          690    i.MPUgetIntStatus   mpu6050.o
    0x08005180   0x00000020   Code   RO          705    i.MPUgetOTPBankValid  mpu6050.o
    0x080051a0   0x00000024   Code   RO          754    i.MPUgetXGyroOffset  mpu6050.o
    0x080051c4   0x00000024   Code   RO          761    i.MPUgetYGyroOffset  mpu6050.o
    0x080051e8   0x00000024   Code   RO          768    i.MPUgetZGyroOffset  mpu6050.o
    0x0800520c   0x0000004c   Code   RO          775    i.MPUinitialize     mpu6050.o
    0x08005258   0x00000098   Code   RO          776    i.MPUreadMemoryBlock  mpu6050.o
    0x080052f0   0x0000001c   Code   RO          777    i.MPUreadMemoryByte  mpu6050.o
    0x0800530c   0x00000014   Code   RO          778    i.MPUreset          mpu6050.o
    0x08005320   0x00000014   Code   RO          780    i.MPUresetDMP       mpu6050.o
    0x08005334   0x00000014   Code   RO          781    i.MPUresetFIFO      mpu6050.o
    0x08005348   0x00000014   Code   RO          783    i.MPUresetI2CMaster  mpu6050.o
    0x0800535c   0x00000018   Code   RO          793    i.MPUsetClockSource  mpu6050.o
    0x08005374   0x00000018   Code   RO          795    i.MPUsetDLPFMode    mpu6050.o
    0x0800538c   0x00000010   Code   RO          796    i.MPUsetDMPConfig1  mpu6050.o
    0x0800539c   0x00000010   Code   RO          797    i.MPUsetDMPConfig2  mpu6050.o
    0x080053ac   0x00000014   Code   RO          798    i.MPUsetDMPEnabled  mpu6050.o
    0x080053c0   0x00000018   Code   RO          800    i.MPUsetExternalFrameSync  mpu6050.o
    0x080053d8   0x00000014   Code   RO          803    i.MPUsetFIFOEnabled  mpu6050.o
    0x080053ec   0x00000018   Code   RO          810    i.MPUsetFullScaleGyroRange  mpu6050.o
    0x08005404   0x00000014   Code   RO          812    i.MPUsetI2CMasterModeEnabled  mpu6050.o
    0x08005418   0x00000010   Code   RO          815    i.MPUsetIntEnabled  mpu6050.o
    0x08005428   0x00000024   Code   RO          827    i.MPUsetMemoryBank  mpu6050.o
    0x0800544c   0x00000010   Code   RO          828    i.MPUsetMemoryStartAddress  mpu6050.o
    0x0800545c   0x00000010   Code   RO          830    i.MPUsetMotionDetectionDuration  mpu6050.o
    0x0800546c   0x00000010   Code   RO          831    i.MPUsetMotionDetectionThreshold  mpu6050.o
    0x0800547c   0x00000014   Code   RO          833    i.MPUsetOTPBankValid  mpu6050.o
    0x08005490   0x00000010   Code   RO          834    i.MPUsetRate        mpu6050.o
    0x080054a0   0x0000001c   Code   RO          846    i.MPUsetSlaveAddress  mpu6050.o
    0x080054bc   0x00000014   Code   RO          856    i.MPUsetSleepEnabled  mpu6050.o
    0x080054d0   0x0000001c   Code   RO          871    i.MPUsetXGyroOffset  mpu6050.o
    0x080054ec   0x00000010   Code   RO          872    i.MPUsetXGyroOffsetUser  mpu6050.o
    0x080054fc   0x0000001c   Code   RO          876    i.MPUsetYGyroOffset  mpu6050.o
    0x08005518   0x00000010   Code   RO          877    i.MPUsetYGyroOffsetUser  mpu6050.o
    0x08005528   0x0000001c   Code   RO          881    i.MPUsetZGyroOffset  mpu6050.o
    0x08005544   0x00000010   Code   RO          882    i.MPUsetZGyroOffsetUser  mpu6050.o
    0x08005554   0x00000010   Code   RO          883    i.MPUsetZeroMotionDetectionDuration  mpu6050.o
    0x08005564   0x00000010   Code   RO          884    i.MPUsetZeroMotionDetectionThreshold  mpu6050.o
    0x08005574   0x00000028   Code   RO          886    i.MPUtestConnection  mpu6050.o
    0x0800559c   0x00000070   Code   RO          887    i.MPUwriteDMPConfigurationSet  mpu6050.o
    0x0800560c   0x000000e4   Code   RO          888    i.MPUwriteMemoryBlock  mpu6050.o
    0x080056f0   0x00000006   Code   RO          890    i.MPUwriteProgDMPConfigurationSet  mpu6050.o
    0x080056f6   0x00000016   Code   RO          891    i.MPUwriteProgMemoryBlock  mpu6050.o
    0x0800570c   0x0000004c   Code   RO         2351    i.MX_DMA_Init       dma.o
    0x08005758   0x00000104   Code   RO          479    i.MX_GPIO_Init      gpio.o
    0x0800585c   0x00000040   Code   RO          389    i.MX_I2C1_Init      i2c.o
    0x0800589c   0x00000040   Code   RO          390    i.MX_I2C3_Init      i2c.o
    0x080058dc   0x00000034   Code   RO          508    i.MX_TIM11_Init     tim.o
    0x08005910   0x00000060   Code   RO          509    i.MX_TIM1_Init      tim.o
    0x08005970   0x00000078   Code   RO          510    i.MX_TIM2_Init      tim.o
    0x080059e8   0x0000007c   Code   RO          511    i.MX_TIM3_Init      tim.o
    0x08005a64   0x00000038   Code   RO          583    i.MX_USART2_UART_Init  usart.o
    0x08005a9c   0x0000000e   Code   RO          291    i.SysTick_Handler   stm32f4xx_it.o
    0x08005aaa   0x00000002   PAD
    0x08005aac   0x000000a0   Code   RO          170    i.SystemClock_Config  main.o
    0x08005b4c   0x00000058   Code   RO            5    i.SystemInit        system_stm32f4xx.o
    0x08005ba4   0x0000001c   Code   RO          292    i.TIM1_TRG_COM_TIM11_IRQHandler  stm32f4xx_it.o
    0x08005bc0   0x0000000c   Code   RO          293    i.TIM2_IRQHandler   stm32f4xx_it.o
    0x08005bcc   0x0000000c   Code   RO          294    i.TIM3_IRQHandler   stm32f4xx_it.o
    0x08005bd8   0x00000094   Code   RO         3600    i.TIM_Base_SetConfig  stm32f4xx_hal_tim.o
    0x08005c6c   0x0000001a   Code   RO         3601    i.TIM_CCxChannelCmd  stm32f4xx_hal_tim.o
    0x08005c86   0x00000056   Code   RO         3607    i.TIM_OC1_SetConfig  stm32f4xx_hal_tim.o
    0x08005cdc   0x0000005e   Code   RO         3608    i.TIM_OC2_SetConfig  stm32f4xx_hal_tim.o
    0x08005d3a   0x00000010   Code   RO         4266    i.UART_DMAAbortOnError  stm32f4xx_hal_uart.o
    0x08005d4a   0x00000064   Code   RO         4267    i.UART_DMAError     stm32f4xx_hal_uart.o
    0x08005dae   0x0000003e   Code   RO         4268    i.UART_DMAReceiveCplt  stm32f4xx_hal_uart.o
    0x08005dec   0x0000000a   Code   RO         4270    i.UART_DMARxHalfCplt  stm32f4xx_hal_uart.o
    0x08005df6   0x00000030   Code   RO         4272    i.UART_DMATransmitCplt  stm32f4xx_hal_uart.o
    0x08005e26   0x0000000a   Code   RO         4274    i.UART_DMATxHalfCplt  stm32f4xx_hal_uart.o
    0x08005e30   0x0000008a   Code   RO         4276    i.UART_Receive_IT   stm32f4xx_hal_uart.o
    0x08005eba   0x00000002   PAD
    0x08005ebc   0x00000340   Code   RO         4277    i.UART_SetConfig    stm32f4xx_hal_uart.o
    0x080061fc   0x00000074   Code   RO         4278    i.UART_WaitOnFlagUntilTimeout  stm32f4xx_hal_uart.o
    0x08006270   0x0000002c   Code   RO          295    i.USART2_IRQHandler  stm32f4xx_it.o
    0x0800629c   0x00000058   Code   RO          171    i.USER_UART_IDLECallback  main.o
    0x080062f4   0x00000020   Code   RO         5291    i.__0printf         mc_w.l(printfa.o)
    0x08006314   0x00000028   Code   RO         5293    i.__0sprintf        mc_w.l(printfa.o)
    0x0800633c   0x00000030   Code   RO         5349    i.__ARM_fpclassify  m_wm.l(fpclassify.o)
    0x0800636c   0x00000004   PAD
    0x08006370   0x00000360   Code   RO         4993    i.__hardfp_asin     m_wm.l(asin.o)
    0x080066d0   0x000002d8   Code   RO         5007    i.__hardfp_atan     m_wm.l(atan.o)
    0x080069a8   0x000001f0   Code   RO         5021    i.__hardfp_atan2    m_wm.l(atan2.o)
    0x08006b98   0x000000f8   Code   RO         5351    i.__kernel_poly     m_wm.l(poly.o)
    0x08006c90   0x00000014   Code   RO         5330    i.__mathlib_dbl_infnan  m_wm.l(dunder.o)
    0x08006ca4   0x00000014   Code   RO         5331    i.__mathlib_dbl_infnan2  m_wm.l(dunder.o)
    0x08006cb8   0x00000020   Code   RO         5332    i.__mathlib_dbl_invalid  m_wm.l(dunder.o)
    0x08006cd8   0x00000020   Code   RO         5335    i.__mathlib_dbl_underflow  m_wm.l(dunder.o)
    0x08006cf8   0x0000000e   Code   RO         5436    i.__scatterload_copy  mc_w.l(handlers.o)
    0x08006d06   0x00000002   Code   RO         5437    i.__scatterload_null  mc_w.l(handlers.o)
    0x08006d08   0x0000000e   Code   RO         5438    i.__scatterload_zeroinit  mc_w.l(handlers.o)
    0x08006d16   0x00000002   PAD
    0x08006d18   0x0000000c   Code   RO         5387    i.__set_errno       mc_w.l(errno.o)
    0x08006d24   0x00000164   Code   RO         5298    i._fp_digits        mc_w.l(printfa.o)
    0x08006e88   0x0000000e   Code   RO         5323    i._is_digit         mc_w.l(scanf_fp.o)
    0x08006e96   0x00000002   PAD
    0x08006e98   0x000006dc   Code   RO         5299    i._printf_core      mc_w.l(printfa.o)
    0x08007574   0x00000024   Code   RO         5300    i._printf_post_padding  mc_w.l(printfa.o)
    0x08007598   0x0000002e   Code   RO         5301    i._printf_pre_padding  mc_w.l(printfa.o)
    0x080075c6   0x0000000a   Code   RO         5303    i._sputc            mc_w.l(printfa.o)
    0x080075d0   0x00000010   Code   RO         5009    i.atan              m_wm.l(atan.o)
    0x080075e0   0x00000018   Code   RO         5345    i.fabs              m_wm.l(fabs.o)
    0x080075f8   0x0000001c   Code   RO          584    i.fputc             usart.o
    0x08007614   0x000002dc   Code   RO          172    i.main              main.o
    0x080078f0   0x0000006e   Code   RO         5356    i.sqrt              m_wm.l(sqrt.o)
    0x0800795e   0x00000878   Data   RO         2232    .constdata          mpu6050_6axis_motionapps20.o
    0x080081d6   0x00000008   Data   RO         4698    .constdata          stm32f4xx_hal_dma.o
    0x080081de   0x00000010   Data   RO         4868    .constdata          stm32f4xx_hal_rcc.o
    0x080081ee   0x00000002   PAD
    0x080081f0   0x00000050   Data   RO         4996    .constdata          m_wm.l(asin.o)
    0x08008240   0x00000098   Data   RO         5010    .constdata          m_wm.l(atan.o)
    0x080082d8   0x00000008   Data   RO         5353    .constdata          m_wm.l(qnan.o)
    0x080082e0   0x00000040   Data   RO         5432    .constdata          mc_w.l(ctype_c.o)
    0x08008320   0x00000050   Data   RO          177    .conststring        main.o
    0x08008370   0x00000020   Data   RO         5434    Region$$Table       anon$$obj.o


    Execution Region RW_IRAM1 (Base: 0x20000000, Size: 0x000009c0, Max: 0x00018000, ABSOLUTE)

    Base Addr    Size         Type   Attr      Idx    E Section Name        Object

    0x20000000   0x00000004   Data   RW            8    .data               system_stm32f4xx.o
    0x20000004   0x0000001c   Data   RW          178    .data               main.o
    0x20000020   0x00000001   Data   RW          894    .data               mpu6050.o
    0x20000021   0x00000003   PAD
    0x20000024   0x00000004   Data   RW         2233    .data               mpu6050_6axis_motionapps20.o
    0x20000028   0x00000004   Data   RW         4560    .data               stm32f4xx_hal.o
    0x2000002c   0x00000004   Data   RW         5380    .data               mc_w.l(stdout.o)
    0x20000030   0x00000004   Data   RW         5388    .data               mc_w.l(errno.o)
    0x20000034   0x00000274   Zero   RW          176    .bss                main.o
    0x200002a8   0x00000108   Zero   RW          391    .bss                i2c.o
    0x200003b0   0x000000f0   Zero   RW          512    .bss                tim.o
    0x200004a0   0x00000100   Zero   RW          585    .bss                usart.o
    0x200005a0   0x0000001e   Zero   RW          892    .bss                mpu6050.o
    0x200005be   0x00000002   PAD
    0x200005c0   0x00000400   Zero   RW         4986    STACK               startup_stm32f401xe.o


==============================================================================

Image component sizes


      Code (inc. data)   RO Data    RW Data    ZI Data      Debug   Object Name

        76          4          0          0          0        786   dma.o
       260         20          0          0          0       1039   gpio.o
      1004         94          0          0        264       8041   i2c.o
      1030        158         80         28        628       5812   main.o
      1512        256          0          1         30      36272   mpu6050.o
      3986       2330       2168          4          0      16744   mpu6050_6axis_motionapps20.o
        36          8        404          0       1024        812   startup_stm32f401xe.o
       142         22          0          4          0       4419   stm32f4xx_hal.o
       236         16          0          0          0      31397   stm32f4xx_hal_cortex.o
      1034         24          8          0          0       4666   stm32f4xx_hal_dma.o
       508         18          0          0          0       3500   stm32f4xx_hal_gpio.o
      4802         92          0          0          0      23640   stm32f4xx_hal_i2c.o
        88          0          0          0          0        530   stm32f4xx_hal_msp.o
      1672        100         16          0          0       5935   stm32f4xx_hal_rcc.o
      1700         20          0          0          0      12906   stm32f4xx_hal_tim.o
       104          0          0          0          0       2402   stm32f4xx_hal_tim_ex.o
      2422         44          0          0          0      14640   stm32f4xx_hal_uart.o
       194         70          0          0          0       6541   stm32f4xx_it.o
        88         24          0          4          0     414543   system_stm32f4xx.o
       740         58          0          0        240       5127   tim.o
       316         38          0          0        256       2400   usart.o

    ----------------------------------------------------------------------
     21972       3396       2710         44       2444     602152   Object Totals
         0          0         32          0          0          0   (incl. Generated)
        22          0          2          3          2          0   (incl. Padding)

    ----------------------------------------------------------------------

      Code (inc. data)   RO Data    RW Data    ZI Data      Debug   Library Member Name

       864         94         80          0          0        280   asin.o
       744        106        152          0          0        352   atan.o
       496         64          0          0          0        192   atan2.o
       104         16          0          0          0        496   dunder.o
        24          0          0          0          0        124   fabs.o
        48          0          0          0          0        124   fpclassify.o
       248          0          0          0          0        152   poly.o
         0          0          8          0          0          0   qnan.o
       110          0          0          0          0        148   sqrt.o
        56          8          0          0          0         84   __0sscanf.o
       812          4          0          0          0        112   _scanf.o
        64          0          0          0          0         84   _sgetc.o
        40          6         64          0          0         68   ctype_c.o
         0          0          0          0          0          0   entry.o
         0          0          0          0          0          0   entry10a.o
         0          0          0          0          0          0   entry11a.o
         8          4          0          0          0          0   entry2.o
         4          0          0          0          0          0   entry5.o
         0          0          0          0          0          0   entry7b.o
         0          0          0          0          0          0   entry8b.o
         8          4          0          0          0          0   entry9a.o
        12          6          0          4          0         68   errno.o
        30          0          0          0          0          0   handlers.o
        36          8          0          0          0         68   init.o
        10          0          0          0          0         68   isspace_c.o
         0          0          0          0          0          0   iusefp.o
        30          0          0          0          0         68   llshl.o
        36          0          0          0          0         68   llsshr.o
        32          0          0          0          0         68   llushr.o
        26          0          0          0          0         80   memcmp.o
        36          0          0          0          0        108   memseta.o
      2276         96          0          0          0        596   printfa.o
        40          8          0          0          0         84   scanf_char.o
       838         12          0          0          0        216   scanf_fp.o
         0          0          0          4          0          0   stdout.o
        20          0          0          0          0         68   strchr.o
        18          0          0          0          0         68   strcpy.o
        14          0          0          0          0         68   strlen.o
        44          0          0          0          0         80   uidiv.o
        98          0          0          0          0         92   uldiv.o
        48          0          0          0          0         68   cdrcmple.o
        56          0          0          0          0         88   d2f.o
       334          0          0          0          0        148   dadd.o
       222          0          0          0          0        100   ddiv.o
       186          0          0          0          0        176   depilogue.o
        48          0          0          0          0         68   dfixul.o
        24          0          0          0          0         76   dfltul.o
       228          0          0          0          0         96   dmul.o
       162          0          0          0          0        100   dsqrt.o
        38          0          0          0          0         68   f2d.o
       110          0          0          0          0        168   fepilogue.o

    ----------------------------------------------------------------------
      8694        436        304          8          0       5240   Library Totals
        12          0          0          0          0          0   (incl. Padding)

    ----------------------------------------------------------------------

      Code (inc. data)   RO Data    RW Data    ZI Data      Debug   Library Name

      2638        280        240          0          0       1868   m_wm.l
      4588        156         64          8          0       2216   mc_w.l
      1456          0          0          0          0       1156   mf_w.l

    ----------------------------------------------------------------------
      8694        436        304          8          0       5240   Library Totals

    ----------------------------------------------------------------------

==============================================================================


      Code (inc. data)   RO Data    RW Data    ZI Data      Debug   

     30666       3832       3014         52       2444     587276   Grand Totals
     30666       3832       3014         52       2444     587276   ELF Image Totals
     30666       3832       3014         52          0          0   ROM Totals

==============================================================================

    Total RO  Size (Code + RO Data)                33680 (  32.89kB)
    Total RW  Size (RW Data + ZI Data)              2496 (   2.44kB)
    Total ROM Size (Code + RO Data + RW Data)      33732 (  32.94kB)

==============================================================================

