<html>
<body>
<pre>
<h1>µVision Build Log</h1>
<h2>Tool Versions:</h2>
IDE-Version: ¦ÌVision V5.14.0.0
Copyright (C) 2015 ARM Ltd and ARM Germany GmbH. All rights reserved.
License Information: Tinchun Mok, 123, LIC=GE72Z-JA2I2-TJU6H-WN6II-27WGQ-8BR03
 
Tool Versions:
Toolchain:       MDK-ARM Professional  Version: 5.14.0.0
Toolchain Path:  D:\Keil_v5\ARM\ARMCC\Bin
C Compiler:      Armcc.exe V5.05 update 1 (build 106)
Assembler:       Armasm.exe V5.05 update 1 (build 106)
Linker/Locator:  ArmLink.exe V5.05 update 1 (build 106)
Library Manager: ArmAr.exe V5.05 update 1 (build 106)
Hex Converter:   FromElf.exe V5.05 update 1 (build 106)
CPU DLL:         SARMCM3.DLL V5.14.0.0
Dialog DLL:      DCM.DLL V1.13.1.0
Target DLL:      STLink\ST-LINKIII-KEIL_SWO.dll V2.0.14.0_KEIL
Dialog DLL:      TCM.DLL V1.14.4.0
 
<h2>Project:</h2>
D:\Users\motianjun4\Desktop\STM32Project\AGV\MDK-ARM\AGV.uvprojx
Project File Date:  03/13/2018

<h2>Output:</h2>
Build target 'AGV'
compiling main.c...
../Src/main.c(93): warning:  #167-D: argument of type "char *" is incompatible with parameter of type "uint8_t *"
        HAL_UART_Transmit_IT(&huart2, tmpstr, strlen(tmpstr));
../Src/main.c(99): warning:  #167-D: argument of type "char *" is incompatible with parameter of type "uint8_t *"
        HAL_UART_Transmit_DMA(&huart2, tmpstr, strlen(tmpstr));
../Src/main.c(230): warning:  #167-D: argument of type "uint8_t *" is incompatible with parameter of type "const char *restrict"
                sscanf(positionData,"A%f,%f,%f,%fF",&pos_x,&pos_y,&tar_x,&tar_y);
../Src/main.c(317): warning:  #167-D: argument of type "uint8_t *" is incompatible with parameter of type "const char *"
                if(strchr(rxBuffer,'F')!=NULL && strchr(rxBuffer,'A')!=NULL)
../Src/main.c(317): warning:  #167-D: argument of type "uint8_t *" is incompatible with parameter of type "const char *"
                if(strchr(rxBuffer,'F')!=NULL && strchr(rxBuffer,'A')!=NULL)
../Src/main.c(319): warning:  #167-D: argument of type "uint8_t *" is incompatible with parameter of type "char *restrict"
                        strcpy(positionData, rxBuffer);
../Src/main.c(319): warning:  #167-D: argument of type "uint8_t *" is incompatible with parameter of type "const char *restrict"
                        strcpy(positionData, rxBuffer);
../Src/main.c: 7 warnings, 0 errors
linking...
Program Size: Code=30666 RO-data=3014 RW-data=52 ZI-data=2444  
"AGV\AGV.axf" - 0 Error(s), 7 Warning(s).

<h2>Software Packages used:</h2>

Package Vendor: ARM
                http://www.keil.com/pack/ARM.CMSIS.4.2.0.pack
                ARM::CMSIS:CORE:3.40.0
                CMSIS (Cortex Microcontroller Software Interface Standard)
   * Component: CORE Version: 3.40.0

<h2>Collection of Component include folders:</h2>
  D:\Users\motianjun4\Desktop\STM32Project\AGV\MDK-ARM\RTE
  D:\Keil_v5\ARM\PACK\ARM\CMSIS\4.2.0\CMSIS\Include
  D:\Keil_v5\ARM\PACK\Keil\STM32F4xx_DFP\2.12.0

<h2>Collection of Component Files used:</h2>

   * Component: ARM::CMSIS:CORE:3.40.0
      Source file:   CMSIS\UserCodeTemplates\ARM\ITM_Retarget.c
</pre>
</body>
</html>
