Component: ARM Compiler 5.05 update 1 (build 106) Tool: armlink [4d0efa]

==============================================================================

Section Cross References

    system_stm32f4xx.o(i.SystemCoreClockUpdate) refers to system_stm32f4xx.o(.data) for .data
    system_stm32f4xx.o(i.SystemCoreClockUpdate) refers to system_stm32f4xx.o(.constdata) for .constdata
    stm32f4xx_hal_msp.o(i.HAL_MspInit) refers to stm32f4xx_hal_cortex.o(i.HAL_NVIC_SetPriorityGrouping) for HAL_NVIC_SetPriorityGrouping
    stm32f4xx_hal_msp.o(i.HAL_MspInit) refers to stm32f4xx_hal_cortex.o(i.HAL_NVIC_SetPriority) for HAL_NVIC_SetPriority
    main.o(i.HAL_TIM_PeriodElapsedCallback) refers to tim.o(.bss) for htim11
    main.o(i.HAL_TIM_PeriodElapsedCallback) refers to main.o(.data) for .data
    main.o(i.SystemClock_Config) refers to stm32f4xx_hal_rcc.o(i.HAL_RCC_OscConfig) for HAL_RCC_OscConfig
    main.o(i.SystemClock_Config) refers to stm32f4xx_hal_rcc.o(i.HAL_RCC_ClockConfig) for HAL_RCC_ClockConfig
    main.o(i.SystemClock_Config) refers to stm32f4xx_hal_rcc.o(i.HAL_RCC_GetHCLKFreq) for HAL_RCC_GetHCLKFreq
    main.o(i.SystemClock_Config) refers to stm32f4xx_hal_cortex.o(i.HAL_SYSTICK_Config) for HAL_SYSTICK_Config
    main.o(i.SystemClock_Config) refers to stm32f4xx_hal_cortex.o(i.HAL_SYSTICK_CLKSourceConfig) for HAL_SYSTICK_CLKSourceConfig
    main.o(i.SystemClock_Config) refers to stm32f4xx_hal_cortex.o(i.HAL_NVIC_SetPriority) for HAL_NVIC_SetPriority
    main.o(i.USER_UART_IDLECallback) refers to stm32f4xx_hal_dma.o(i.HAL_DMA_Abort_IT) for HAL_DMA_Abort_IT
    main.o(i.USER_UART_IDLECallback) refers to strchr.o(.text) for strchr
    main.o(i.USER_UART_IDLECallback) refers to strcpy.o(.text) for strcpy
    main.o(i.USER_UART_IDLECallback) refers to memseta.o(.text) for __aeabi_memclr4
    main.o(i.USER_UART_IDLECallback) refers to stm32f4xx_hal_uart.o(i.HAL_UART_Receive_DMA) for HAL_UART_Receive_DMA
    main.o(i.USER_UART_IDLECallback) refers to usart.o(.bss) for huart2
    main.o(i.USER_UART_IDLECallback) refers to main.o(.bss) for .bss
    main.o(i.convert_position_data) refers to scanf_fp.o(.text) for _scanf_real
    main.o(i.convert_position_data) refers to __0sscanf.o(.text) for __0sscanf
    main.o(i.convert_position_data) refers to main.o(.data) for .data
    main.o(i.get_direction) refers to f2d.o(.text) for __aeabi_f2d
    main.o(i.get_direction) refers to atan.o(i.__hardfp_atan) for __hardfp_atan
    main.o(i.get_direction) refers to d2f.o(.text) for __aeabi_d2f
    main.o(i.get_target_distance) refers to f2d.o(.text) for __aeabi_f2d
    main.o(i.get_target_distance) refers to pow.o(i.__hardfp_pow) for __hardfp_pow
    main.o(i.get_target_distance) refers to dadd.o(.text) for __aeabi_dadd
    main.o(i.get_target_distance) refers to sqrt.o(i.__hardfp_sqrt) for __hardfp_sqrt
    main.o(i.get_target_distance) refers to d2f.o(.text) for __aeabi_d2f
    main.o(i.main) refers to scanf_fp.o(.text) for _scanf_real
    main.o(i.main) refers to memseta.o(.text) for __aeabi_memclr4
    main.o(i.main) refers to stm32f4xx_hal.o(i.HAL_Init) for HAL_Init
    main.o(i.main) refers to main.o(i.SystemClock_Config) for SystemClock_Config
    main.o(i.main) refers to gpio.o(i.MX_GPIO_Init) for MX_GPIO_Init
    main.o(i.main) refers to dma.o(i.MX_DMA_Init) for MX_DMA_Init
    main.o(i.main) refers to i2c.o(i.MX_I2C1_Init) for MX_I2C1_Init
    main.o(i.main) refers to tim.o(i.MX_TIM2_Init) for MX_TIM2_Init
    main.o(i.main) refers to usart.o(i.MX_USART2_UART_Init) for MX_USART2_UART_Init
    main.o(i.main) refers to tim.o(i.MX_TIM3_Init) for MX_TIM3_Init
    main.o(i.main) refers to tim.o(i.MX_TIM11_Init) for MX_TIM11_Init
    main.o(i.main) refers to tim.o(i.MX_TIM1_Init) for MX_TIM1_Init
    main.o(i.main) refers to i2c.o(i.MX_I2C3_Init) for MX_I2C3_Init
    main.o(i.main) refers to stm32f4xx_hal_tim.o(i.HAL_TIM_PWM_Start) for HAL_TIM_PWM_Start
    main.o(i.main) refers to mpu6050.o(i.MPU6050) for MPU6050
    main.o(i.main) refers to mpu6050.o(i.MPUinitialize) for MPUinitialize
    main.o(i.main) refers to mpu6050.o(i.MPUtestConnection) for MPUtestConnection
    main.o(i.main) refers to printfa.o(i.__0printf) for __2printf
    main.o(i.main) refers to mpu6050_6axis_motionapps20.o(i.MPUdmpInitialize) for MPUdmpInitialize
    main.o(i.main) refers to mpu6050.o(i.MPUsetDMPEnabled) for MPUsetDMPEnabled
    main.o(i.main) refers to mpu6050.o(i.MPUgetIntStatus) for MPUgetIntStatus
    main.o(i.main) refers to mpu6050_6axis_motionapps20.o(i.MPUdmpGetFIFOPacketSize) for MPUdmpGetFIFOPacketSize
    main.o(i.main) refers to stm32f4xx_hal.o(i.HAL_Delay) for HAL_Delay
    main.o(i.main) refers to stm32f4xx_hal_tim.o(i.HAL_TIM_Base_Start_IT) for HAL_TIM_Base_Start_IT
    main.o(i.main) refers to stm32f4xx_hal_uart.o(i.HAL_UART_Receive_IT) for HAL_UART_Receive_IT
    main.o(i.main) refers to stm32f4xx_hal_gpio.o(i.HAL_GPIO_ReadPin) for HAL_GPIO_ReadPin
    main.o(i.main) refers to __0sscanf.o(.text) for __0sscanf
[...]
    i.MPUdmpInitialize                       0x080043ac   Section        0  mpu6050_6axis_motionapps20.o(i.MPUdmpInitialize)
    i.MPUgetFIFOBytes                        0x08005184   Section        0  mpu6050.o(i.MPUgetFIFOBytes)
    i.MPUgetFIFOCount                        0x08005198   Section        0  mpu6050.o(i.MPUgetFIFOCount)
    i.MPUgetIntStatus                        0x080051b8   Section        0  mpu6050.o(i.MPUgetIntStatus)
    i.MPUgetOTPBankValid                     0x080051d4   Section        0  mpu6050.o(i.MPUgetOTPBankValid)
    i.MPUgetXGyroOffset                      0x080051f4   Section        0  mpu6050.o(i.MPUgetXGyroOffset)
    i.MPUgetYGyroOffset                      0x08005218   Section        0  mpu6050.o(i.MPUgetYGyroOffset)
    i.MPUgetZGyroOffset                      0x0800523c   Section        0  mpu6050.o(i.MPUgetZGyroOffset)
    i.MPUinitialize                          0x08005260   Section        0  mpu6050.o(i.MPUinitialize)
    i.MPUreadMemoryBlock                     0x080052ac   Section        0  mpu6050.o(i.MPUreadMemoryBlock)
    i.MPUreadMemoryByte                      0x08005344   Section        0  mpu6050.o(i.MPUreadMemoryByte)
    i.MPUreset                               0x08005360   Section        0  mpu6050.o(i.MPUreset)
    i.MPUresetDMP                            0x08005374   Section        0  mpu6050.o(i.MPUresetDMP)
    i.MPUresetFIFO                           0x08005388   Section        0  mpu6050.o(i.MPUresetFIFO)
    i.MPUresetI2CMaster                      0x0800539c   Section        0  mpu6050.o(i.MPUresetI2CMaster)
    i.MPUsetClockSource                      0x080053b0   Section        0  mpu6050.o(i.MPUsetClockSource)
    i.MPUsetDLPFMode                         0x080053c8   Section        0  mpu6050.o(i.MPUsetDLPFMode)
    i.MPUsetDMPConfig1                       0x080053e0   Section        0  mpu6050.o(i.MPUsetDMPConfig1)
    i.MPUsetDMPConfig2                       0x080053f0   Section        0  mpu6050.o(i.MPUsetDMPConfig2)
    i.MPUsetDMPEnabled                       0x08005400   Section        0  mpu6050.o(i.MPUsetDMPEnabled)
    i.MPUsetExternalFrameSync                0x08005414   Section        0  mpu6050.o(i.MPUsetExternalFrameSync)
    i.MPUsetFIFOEnabled                      0x0800542c   Section        0  mpu6050.o(i.MPUsetFIFOEnabled)
    i.MPUsetFullScaleGyroRange               0x08005440   Section        0  mpu6050.o(i.MPUsetFullScaleGyroRange)
    i.MPUsetI2CMasterModeEnabled             0x08005458   Section        0  mpu6050.o(i.MPUsetI2CMasterModeEnabled)
    i.MPUsetIntEnabled                       0x0800546c   Section        0  mpu6050.o(i.MPUsetIntEnabled)
    i.MPUsetMemoryBank                       0x0800547c   Section        0  mpu6050.o(i.MPUsetMemoryBank)
    i.MPUsetMemoryStartAddress               0x080054a0   Section        0  mpu6050.o(i.MPUsetMemoryStartAddress)
    i.MPUsetMotionDetectionDuration          0x080054b0   Section        0  mpu6050.o(i.MPUsetMotionDetectionDuration)
    i.MPUsetMotionDetectionThreshold         0x080054c0   Section        0  mpu6050.o(i.MPUsetMotionDetectionThreshold)
    i.MPUsetOTPBankValid                     0x080054d0   Section        0  mpu6050.o(i.MPUsetOTPBankValid)
    i.MPUsetRate                             0x080054e4   Section        0  mpu6050.o(i.MPUsetRate)
    i.MPUsetSlaveAddress                     0x080054f4   Section        0  mpu6050.o(i.MPUsetSlaveAddress)
    i.MPUsetSleepEnabled                     0x08005510   Section        0  mpu6050.o(i.MPUsetSleepEnabled)
    i.MPUsetXGyroOffset                      0x08005524   Section        0  mpu6050.o(i.MPUsetXGyroOffset)
    i.MPUsetXGyroOffsetUser                  0x08005540   Section        0  mpu6050.o(i.MPUsetXGyroOffsetUser)
    i.MPUsetYGyroOffset                      0x08005550   Section        0  mpu6050.o(i.MPUsetYGyroOffset)
    i.MPUsetYGyroOffsetUser                  0x0800556c   Section        0  mpu6050.o(i.MPUsetYGyroOffsetUser)
    i.MPUsetZGyroOffset                      0x0800557c   Section        0  mpu6050.o(i.MPUsetZGyroOffset)
    i.MPUsetZGyroOffsetUser                  0x08005598   Section        0  mpu6050.o(i.MPUsetZGyroOffsetUser)
    i.MPUsetZeroMotionDetectionDuration      0x080055a8   Section        0  mpu6050.o(i.MPUsetZeroMotionDetectionDuration)
    i.MPUsetZeroMotionDetectionThreshold     0x080055b8   Section        0  mpu6050.o(i.MPUsetZeroMotionDetectionThreshold)
    i.MPUtestConnection                      0x080055c8   Section        0  mpu6050.o(i.MPUtestConnection)
    i.MPUwriteDMPConfigurationSet            0x080055f0   Section        0  mpu6050.o(i.MPUwriteDMPConfigurationSet)
    i.MPUwriteMemoryBlock                    0x08005660   Section        0  mpu6050.o(i.MPUwriteMemoryBlock)
    i.MPUwriteProgDMPConfigurationSet        0x08005744   Section        0  mpu6050.o(i.MPUwriteProgDMPConfigurationSet)
    i.MPUwriteProgMemoryBlock                0x0800574a   Section        0  mpu6050.o(i.MPUwriteProgMemoryBlock)
    i.MX_DMA_Init                            0x08005760   Section        0  dma.o(i.MX_DMA_Init)
    i.MX_GPIO_Init                           0x080057ac   Section        0  gpio.o(i.MX_GPIO_Init)
    i.MX_I2C1_Init                           0x080058b0   Section        0  i2c.o(i.MX_I2C1_Init)
    i.MX_I2C3_Init                           0x080058f0   Section        0  i2c.o(i.MX_I2C3_Init)
    i.MX_TIM11_Init                          0x08005930   Section        0  tim.o(i.MX_TIM11_Init)
    i.MX_TIM1_Init                           0x08005964   Section        0  tim.o(i.MX_TIM1_Init)
    i.MX_TIM2_Init                           0x080059c4   Section        0  tim.o(i.MX_TIM2_Init)
    i.MX_TIM3_Init                           0x08005a3c   Section        0  tim.o(i.MX_TIM3_Init)
    i.MX_USART2_UART_Init                    0x08005ab8   Section        0  usart.o(i.MX_USART2_UART_Init)
    i.SysTick_Handler                        0x08005af0   Section        0  stm32f4xx_it.o(i.SysTick_Handler)
    i.SystemClock_Config                     0x08005b00   Section        0  main.o(i.SystemClock_Config)
    i.SystemInit                             0x08005ba0   Section        0  system_stm32f4xx.o(i.SystemInit)
    i.TIM1_TRG_COM_TIM11_IRQHandler          0x08005bf8   Section        0  stm32f4xx_it.o(i.TIM1_TRG_COM_TIM11_IRQHandler)
    i.TIM2_IRQHandler                        0x08005c14   Section        0  stm32f4xx_it.o(i.TIM2_IRQHandler)
    i.TIM3_IRQHandler                        0x08005c20   Section        0  stm32f4xx_it.o(i.TIM3_IRQHandler)
    i.TIM_Base_SetConfig                     0x08005c2c   Section        0  stm32f4xx_hal_tim.o(i.TIM_Base_SetConfig)
    i.TIM_CCxChannelCmd                      0x08005cc0   Section        0  stm32f4xx_hal_tim.o(i.TIM_CCxChannelCmd)
    i.TIM_OC1_SetConfig                      0x08005cda   Section        0  stm32f4xx_hal_tim.o(i.TIM_OC1_SetConfig)
    TIM_OC1_SetConfig                        0x08005cdb   Thumb Code    86  stm32f4xx_hal_tim.o(i.TIM_OC1_SetConfig)
    i.TIM_OC2_SetConfig                      0x08005d30   Section        0  stm32f4xx_hal_tim.o(i.TIM_OC2_SetConfig)
    i.UART_DMAAbortOnError                   0x08005d8e   Section        0  stm32f4xx_hal_uart.o(i.UART_DMAAbortOnError)
    UART_DMAAbortOnError                     0x08005d8f   Thumb Code    16  stm32f4xx_hal_uart.o(i.UART_DMAAbortOnError)
    i.UART_DMAError                          0x08005d9e   Section        0  stm32f4xx_hal_uart.o(i.UART_DMAError)
    UART_DMAError                            0x08005d9f   Thumb Code   100  stm32f4xx_hal_uart.o(i.UART_DMAError)
    i.UART_DMAReceiveCplt                    0x08005e02   Section        0  stm32f4xx_hal_uart.o(i.UART_DMAReceiveCplt)
    UART_DMAReceiveCplt                      0x08005e03   Thumb Code    62  stm32f4xx_hal_uart.o(i.UART_DMAReceiveCplt)
    i.UART_DMARxHalfCplt                     0x08005e40   Section        0  stm32f4xx_hal_uart.o(i.UART_DMARxHalfCplt)
    UART_DMARxHalfCplt                       0x08005e41   Thumb Code    10  stm32f4xx_hal_uart.o(i.UART_DMARxHalfCplt)
    i.UART_DMATransmitCplt                   0x08005e4a   Section        0  stm32f4xx_hal_uart.o(i.UART_DMATransmitCplt)
    UART_DMATransmitCplt                     0x08005e4b   Thumb Code    48  stm32f4xx_hal_uart.o(i.UART_DMATransmitCplt)
    i.UART_DMATxHalfCplt                     0x08005e7a   Section        0  stm32f4xx_hal_uart.o(i.UART_DMATxHalfCplt)
    UART_DMATxHalfCplt                       0x08005e7b   Thumb Code    10  stm32f4xx_hal_uart.o(i.UART_DMATxHalfCplt)
    i.UART_Receive_IT                        0x08005e84   Section        0  stm32f4xx_hal_uart.o(i.UART_Receive_IT)
    UART_Receive_IT                          0x08005e85   Thumb Code   138  stm32f4xx_hal_uart.o(i.UART_Receive_IT)
    i.UART_SetConfig                         0x08005f10   Section        0  stm32f4xx_hal_uart.o(i.UART_SetConfig)
    UART_SetConfig                           0x08005f11   Thumb Code   820  stm32f4xx_hal_uart.o(i.UART_SetConfig)
    i.UART_WaitOnFlagUntilTimeout            0x08006250   Section        0  stm32f4xx_hal_uart.o(i.UART_WaitOnFlagUntilTimeout)
    UART_WaitOnFlagUntilTimeout              0x08006251   Thumb Code   116  stm32f4xx_hal_uart.o(i.UART_WaitOnFlagUntilTimeout)
    i.USART2_IRQHandler                      0x080062c4   Section        0  stm32f4xx_it.o(i.USART2_IRQHandler)
    i.USER_UART_IDLECallback                 0x080062f0   Section        0  main.o(i.USER_UART_IDLECallback)
    i.__0printf                              0x08006348   Section        0  printfa.o(i.__0printf)
    i.__0sprintf                             0x08006368   Section        0  printfa.o(i.__0sprintf)
    i.__ARM_fpclassify                       0x08006390   Section        0  fpclassify.o(i.__ARM_fpclassify)
    i.__hardfp_asin                          0x080063c0   Section        0  asin.o(i.__hardfp_asin)
    i.__hardfp_atan                          0x08006720   Section        0  atan.o(i.__hardfp_atan)
    i.__hardfp_atan2                         0x080069f8   Section        0  atan2.o(i.__hardfp_atan2)
    i.__hardfp_pow                           0x08006be8   Section        0  pow.o(i.__hardfp_pow)
    i.__hardfp_sqrt                          0x08007820   Section        0  sqrt.o(i.__hardfp_sqrt)
    i.__kernel_poly                          0x0800789a   Section        0  poly.o(i.__kernel_poly)
    i.__mathlib_dbl_divzero                  0x08007998   Section        0  dunder.o(i.__mathlib_dbl_divzero)
    i.__mathlib_dbl_infnan                   0x080079c8   Section        0  dunder.o(i.__mathlib_dbl_infnan)
    i.__mathlib_dbl_infnan2                  0x080079dc   Section        0  dunder.o(i.__mathlib_dbl_infnan2)
    i.__mathlib_dbl_invalid                  0x080079f0   Section        0  dunder.o(i.__mathlib_dbl_invalid)
    i.__mathlib_dbl_overflow                 0x08007a10   Section        0  dunder.o(i.__mathlib_dbl_overflow)
    i.__mathlib_dbl_underflow                0x08007a30   Section        0  dunder.o(i.__mathlib_dbl_underflow)
    i.__scatterload_copy                     0x08007a50   Section       14  handlers.o(i.__scatterload_copy)
    i.__scatterload_null                     0x08007a5e   Section        2  handlers.o(i.__scatterload_null)
    i.__scatterload_zeroinit                 0x08007a60   Section       14  handlers.o(i.__scatterload_zeroinit)
    i.__set_errno                            0x08007a70   Section        0  errno.o(i.__set_errno)
    i._fp_digits                             0x08007a7c   Section        0  printfa.o(i._fp_digits)
    _fp_digits                               0x08007a7d   Thumb Code   334  printfa.o(i._fp_digits)
    i._is_digit                              0x08007be0   Section        0  scanf_fp.o(i._is_digit)
    i._printf_core                           0x08007bf0   Section        0  printfa.o(i._printf_core)
    _printf_core                             0x08007bf1   Thumb Code  1744  printfa.o(i._printf_core)
    i._printf_post_padding                   0x080082cc   Section        0  printfa.o(i._printf_post_padding)
    _printf_post_padding                     0x080082cd   Thumb Code    36  printfa.o(i._printf_post_padding)
    i._printf_pre_padding                    0x080082f0   Section        0  printfa.o(i._printf_pre_padding)
    _printf_pre_padding                      0x080082f1   Thumb Code    46  printfa.o(i._printf_pre_padding)
    i._sputc                                 0x0800831e   Section        0  printfa.o(i._sputc)
    _sputc                                   0x0800831f   Thumb Code    10  printfa.o(i._sputc)
    i.atan                                   0x08008328   Section        0  atan.o(i.atan)
    i.convert_position_data                  0x08008338   Section        0  main.o(i.convert_position_data)
    i.fabs                                   0x0800836c   Section        0  fabs.o(i.fabs)
    i.fputc                                  0x08008384   Section        0  usart.o(i.fputc)
    i.main                                   0x080083a0   Section        0  main.o(i.main)
    i.sqrt                                   0x080087b0   Section        0  sqrt.o(i.sqrt)
    .constdata                               0x0800881e   Section     2168  mpu6050_6axis_motionapps20.o(.constdata)
    .constdata                               0x08009096   Section        8  stm32f4xx_hal_dma.o(.constdata)
    flagBitshiftOffset                       0x08009096   Data           8  stm32f4xx_hal_dma.o(.constdata)
    .constdata                               0x0800909e   Section       16  stm32f4xx_hal_rcc.o(.constdata)
    .constdata                               0x080090b0   Section       80  asin.o(.constdata)
    pS                                       0x080090b0   Data          48  asin.o(.constdata)
    qS                                       0x080090e0   Data          32  asin.o(.constdata)
    .constdata                               0x08009100   Section      152  atan.o(.constdata)
    atanhi                                   0x08009100   Data          32  atan.o(.constdata)
    atanlo                                   0x08009120   Data          32  atan.o(.constdata)
    aTodd                                    0x08009140   Data          40  atan.o(.constdata)
    aTeven                                   0x08009168   Data          48  atan.o(.constdata)
    .constdata                               0x08009198   Section      136  pow.o(.constdata)
    bp                                       0x08009198   Data          16  pow.o(.constdata)
    dp_h                                     0x080091a8   Data          16  pow.o(.constdata)
    dp_l                                     0x080091b8   Data          16  pow.o(.constdata)
    L                                        0x080091c8   Data          48  pow.o(.constdata)
    P                                        0x080091f8   Data          40  pow.o(.constdata)
    .constdata                               0x08009220   Section        8  qnan.o(.constdata)
    .constdata                               0x08009228   Section       64  ctype_c.o(.constdata)
    .conststring                             0x08009268   Section       82  main.o(.conststring)
    .data                                    0x20000000   Section        4  system_stm32f4xx.o(.data)
    .data                                    0x20000004   Section       40  main.o(.data)
    .data                                    0x2000002c   Section        1  mpu6050.o(.data)
    .data                                    0x20000030   Section        4  mpu6050_6axis_motionapps20.o(.data)
    .data                                    0x20000034   Section        4  stm32f4xx_hal.o(.data)
    .data                                    0x20000038   Section        4  stdout.o(.data)
    .data                                    0x2000003c   Section        4  errno.o(.data)
    _errno                                   0x2000003c   Data           4  errno.o(.data)
    .bss                                     0x20000040   Section      628  main.o(.bss)
    .bss                                     0x200002b4   Section      264  i2c.o(.bss)
    .bss                                     0x200003bc   Section      240  tim.o(.bss)
    .bss                                     0x200004ac   Section      256  usart.o(.bss)
    .bss                                     0x200005ac   Section       30  mpu6050.o(.bss)
    MPUverifyBuffer                          0x200005ac   Data          16  mpu6050.o(.bss)
    STACK                                    0x200005d0   Section     1024  startup_stm32f401xe.o(STACK)

    Global Symbols

    Symbol Name                              Value     Ov Type        Size  Object(Section)

    BuildAttributes$$THM_ISAv4$E$P$D$K$B$S$7EM$VFPi3$EXTD16$VFPS$VFMA$PE$A:L22UL41UL21$X:L11$S22US41US21$IEEE1$IW$USESV6$~STKCKD$USESV7$~SHL$OTIME$ROPI$IEEEX$EBA8$MICROLIB$REQ8$PRES8$EABIv2 0x00000000   Number         0  anon$$obj.o ABSOLUTE
    __ARM_use_no_argv                        0x00000000   Number         0  main.o ABSOLUTE
    _printf_a                                0x00000000   Number         0  stubs.o ABSOLUTE
    _printf_c                                0x00000000   Number         0  stubs.o ABSOLUTE
    _printf_charcount                        0x00000000   Number         0  stubs.o ABSOLUTE
    _printf_d                                0x00000000   Number         0  stubs.o ABSOLUTE
    _printf_e                                0x00000000   Number         0  stubs.o ABSOLUTE
    _printf_f                                0x00000000   Number         0  stubs.o ABSOLUTE
    _printf_flags                            0x00000000   Number         0  stubs.o ABSOLUTE
    _printf_fp_dec                           0x00000000   Number         0  stubs.o ABSOLUTE
    _printf_fp_hex                           0x00000000   Number         0  stubs.o ABSOLUTE
    _printf_g                                0x00000000   Number         0  stubs.o ABSOLUTE
    _printf_i                                0x00000000   Number         0  stubs.o ABSOLUTE
    _printf_int_dec                          0x00000000   Number         0  stubs.o ABSOLUTE
    _printf_l                                0x00000000   Number         0  stubs.o ABSOLUTE
    _printf_lc                               0x00000000   Number         0  stubs.o ABSOLUTE
    _printf_ll                               0x00000000   Number         0  stubs.o ABSOLUTE
    _printf_lld                              0x00000000   Number         0  stubs.o ABSOLUTE
    _printf_lli                              0x00000000   Number         0  stubs.o ABSOLUTE
    _printf_llo                              0x00000000   Number         0  stubs.o ABSOLUTE
    _printf_llu                              0x00000000   Number         0  stubs.o ABSOLUTE
    _printf_llx                              0x00000000   Number         0  stubs.o ABSOLUTE
    _printf_longlong_dec                     0x00000000   Number         0  stubs.o ABSOLUTE
    _printf_longlong_hex                     0x00000000   Number         0  stubs.o ABSOLUTE
    _printf_longlong_oct                     0x00000000   Number         0  stubs.o ABSOLUTE
    _printf_ls                               0x00000000   Number         0  stubs.o ABSOLUTE
    _printf_mbtowc                           0x00000000   Number         0  stubs.o ABSOLUTE
    _printf_n                                0x00000000   Number         0  stubs.o ABSOLUTE
    _printf_o                                0x00000000   Number         0  stubs.o ABSOLUTE
    _printf_p                                0x00000000   Number         0  stubs.o ABSOLUTE
    _printf_percent                          0x00000000   Number         0  stubs.o ABSOLUTE
    _printf_pre_padding                      0x00000000   Number         0  stubs.o ABSOLUTE
    _printf_return_value                     0x00000000   Number         0  stubs.o ABSOLUTE
    _printf_s                                0x00000000   Number         0  stubs.o ABSOLUTE
    _printf_sizespec                         0x00000000   Number         0  stubs.o ABSOLUTE
    _printf_str                              0x00000000   Number         0  stubs.o ABSOLUTE
    _printf_truncate_signed                  0x00000000   Number         0  stubs.o ABSOLUTE
    _printf_truncate_unsigned                0x00000000   Number         0  stubs.o ABSOLUTE
    _printf_u                                0x00000000   Number         0  stubs.o ABSOLUTE
    _printf_wc                               0x00000000   Number         0  stubs.o ABSOLUTE
    _printf_wctomb                           0x00000000   Number         0  stubs.o ABSOLUTE
    _printf_widthprec                        0x00000000   Number         0  stubs.o ABSOLUTE
    _printf_x                                0x00000000   Number         0  stubs.o ABSOLUTE
    __cpp_initialize__aeabi_                  - Undefined Weak Reference
    __cxa_finalize                            - Undefined Weak Reference
    __decompress                              - Undefined Weak Reference
    _clock_init                               - Undefined Weak Reference
    _microlib_exit                            - Undefined Weak Reference
    _scanf_int                                - Undefined Weak Reference
    _scanf_longlong                           - Undefined Weak Reference
    _scanf_string                             - Undefined Weak Reference
    __Vectors_Size                           0x00000194   Number         0  startup_stm32f401xe.o ABSOLUTE
    __Vectors                                0x08000000   Data           4  startup_stm32f401xe.o(RESET)
    __Vectors_End                            0x08000194   Data           0  startup_stm32f401xe.o(RESET)
    __main                                   0x08000195   Thumb Code     0  entry.o(.ARM.Collect$$$$00000000)
    _main_stk                                0x08000195   Thumb Code     0  entry2.o(.ARM.Collect$$$$00000001)
    _main_scatterload                        0x08000199   Thumb Code     0  entry5.o(.ARM.Collect$$$$00000004)
    __main_after_scatterload                 0x0800019d   Thumb Code     0  entry5.o(.ARM.Collect$$$$00000004)
    _main_clock                              0x0800019d   Thumb Code     0  entry7b.o(.ARM.Collect$$$$00000008)
    _main_cpp_init                           0x0800019d   Thumb Code     0  entry8b.o(.ARM.Collect$$$$0000000A)
    _main_init                               0x0800019d   Thumb Code     0  entry9a.o(.ARM.Collect$$$$0000000B)
    __rt_final_cpp                           0x080001a5   Thumb Code     0  entry10a.o(.ARM.Collect$$$$0000000D)
    __rt_final_exit                          0x080001a5   Thumb Code     0  entry11a.o(.ARM.Collect$$$$0000000F)
    Reset_Handler                            0x080001a9   Thumb Code     8  startup_stm32f401xe.o(.text)
    NMI_Handler                              0x080001b1   Thumb Code     2  startup_stm32f401xe.o(.text)
    HardFault_Handler                        0x080001b3   Thumb Code     2  startup_stm32f401xe.o(.text)
    MemManage_Handler                        0x080001b5   Thumb Code     2  startup_stm32f401xe.o(.text)
    BusFault_Handler                         0x080001b7   Thumb Code     2  startup_stm32f401xe.o(.text)
    UsageFault_Handler                       0x080001b9   Thumb Code     2  startup_stm32f401xe.o(.text)
    SVC_Handler                              0x080001bb   Thumb Code     2  startup_stm32f401xe.o(.text)
    DebugMon_Handler                         0x080001bd   Thumb Code     2  startup_stm32f401xe.o(.text)
    PendSV_Handler                           0x080001bf   Thumb Code     2  startup_stm32f401xe.o(.text)
    ADC_IRQHandler                           0x080001c3   Thumb Code     0  startup_stm32f401xe.o(.text)
    DMA1_Stream0_IRQHandler                  0x080001c3   Thumb Code     0  startup_stm32f401xe.o(.text)
    DMA1_Stream1_IRQHandler                  0x080001c3   Thumb Code     0  startup_stm32f401xe.o(.text)
    DMA1_Stream2_IRQHandler                  0x080001c3   Thumb Code     0  startup_stm32f401xe.o(.text)
    DMA1_Stream3_IRQHandler                  0x080001c3   Thumb Code     0  startup_stm32f401xe.o(.text)
    DMA1_Stream7_IRQHandler                  0x080001c3   Thumb Code     0  startup_stm32f401xe.o(.text)
    DMA2_Stream0_IRQHandler                  0x080001c3   Thumb Code     0  startup_stm32f401xe.o(.text)
    DMA2_Stream1_IRQHandler                  0x080001c3   Thumb Code     0  startup_stm32f401xe.o(.text)
    DMA2_Stream2_IRQHandler                  0x080001c3   Thumb Code     0  startup_stm32f401xe.o(.text)
    DMA2_Stream3_IRQHandler                  0x080001c3   Thumb Code     0  startup_stm32f401xe.o(.text)
    DMA2_Stream4_IRQHandler                  0x080001c3   Thumb Code     0  startup_stm32f401xe.o(.text)
    DMA2_Stream5_IRQHandler                  0x080001c3   Thumb Code     0  startup_stm32f401xe.o(.text)
    DMA2_Stream6_IRQHandler                  0x080001c3   Thumb Code     0  startup_stm32f401xe.o(.text)
    DMA2_Stream7_IRQHandler                  0x080001c3   Thumb Code     0  startup_stm32f401xe.o(.text)
    EXTI0_IRQHandler                         0x080001c3   Thumb Code     0  startup_stm32f401xe.o(.text)
    EXTI15_10_IRQHandler                     0x080001c3   Thumb Code     0  startup_stm32f401xe.o(.text)
    EXTI1_IRQHandler                         0x080001c3   Thumb Code     0  startup_stm32f401xe.o(.text)
    EXTI2_IRQHandler                         0x080001c3   Thumb Code     0  startup_stm32f401xe.o(.text)
    EXTI3_IRQHandler                         0x080001c3   Thumb Code     0  startup_stm32f401xe.o(.text)
    EXTI4_IRQHandler                         0x080001c3   Thumb Code     0  startup_stm32f401xe.o(.text)
    EXTI9_5_IRQHandler                       0x080001c3   Thumb Code     0  startup_stm32f401xe.o(.text)
    FLASH_IRQHandler                         0x080001c3   Thumb Code     0  startup_stm32f401xe.o(.text)
    FPU_IRQHandler                           0x080001c3   Thumb Code     0  startup_stm32f401xe.o(.text)
    I2C2_ER_IRQHandler                       0x080001c3   Thumb Code     0  startup_stm32f401xe.o(.text)
    I2C2_EV_IRQHandler                       0x080001c3   Thumb Code     0  startup_stm32f401xe.o(.text)
    OTG_FS_IRQHandler                        0x080001c3   Thumb Code     0  startup_stm32f401xe.o(.text)
    OTG_FS_WKUP_IRQHandler                   0x080001c3   Thumb Code     0  startup_stm32f401xe.o(.text)
    PVD_IRQHandler                           0x080001c3   Thumb Code     0  startup_stm32f401xe.o(.text)
    RCC_IRQHandler                           0x080001c3   Thumb Code     0  startup_stm32f401xe.o(.text)
    RTC_Alarm_IRQHandler                     0x080001c3   Thumb Code     0  startup_stm32f401xe.o(.text)
    RTC_WKUP_IRQHandler                      0x080001c3   Thumb Code     0  startup_stm32f401xe.o(.text)
    SDIO_IRQHandler                          0x080001c3   Thumb Code     0  startup_stm32f401xe.o(.text)
    SPI1_IRQHandler                          0x080001c3   Thumb Code     0  startup_stm32f401xe.o(.text)
    SPI2_IRQHandler                          0x080001c3   Thumb Code     0  startup_stm32f401xe.o(.text)
    SPI3_IRQHandler                          0x080001c3   Thumb Code     0  startup_stm32f401xe.o(.text)
    SPI4_IRQHandler                          0x080001c3   Thumb Code     0  startup_stm32f401xe.o(.text)
    TAMP_STAMP_IRQHandler                    0x080001c3   Thumb Code     0  startup_stm32f401xe.o(.text)
    TIM1_BRK_TIM9_IRQHandler                 0x080001c3   Thumb Code     0  startup_stm32f401xe.o(.text)
    TIM1_CC_IRQHandler                       0x080001c3   Thumb Code     0  startup_stm32f401xe.o(.text)
    TIM1_UP_TIM10_IRQHandler                 0x080001c3   Thumb Code     0  startup_stm32f401xe.o(.text)
    TIM4_IRQHandler                          0x080001c3   Thumb Code     0  startup_stm32f401xe.o(.text)
    TIM5_IRQHandler                          0x080001c3   Thumb Code     0  startup_stm32f401xe.o(.text)
    USART1_IRQHandler                        0x080001c3   Thumb Code     0  startup_stm32f401xe.o(.text)
    USART6_IRQHandler                        0x080001c3   Thumb Code     0  startup_stm32f401xe.o(.text)
    WWDG_IRQHandler                          0x080001c3   Thumb Code     0  startup_stm32f401xe.o(.text)
    __aeabi_memset                           0x080001cd   Thumb Code    14  memseta.o(.text)
    __aeabi_memset4                          0x080001cd   Thumb Code     0  memseta.o(.text)
    __aeabi_memset8                          0x080001cd   Thumb Code     0  memseta.o(.text)
    __aeabi_memclr                           0x080001db   Thumb Code     4  memseta.o(.text)
    __aeabi_memclr4                          0x080001db   Thumb Code     0  memseta.o(.text)
    __aeabi_memclr8                          0x080001db   Thumb Code     0  memseta.o(.text)
    _memset$wrapper                          0x080001df   Thumb Code    18  memseta.o(.text)
    strchr                                   0x080001f1   Thumb Code    20  strchr.o(.text)
    strlen                                   0x08000205   Thumb Code    14  strlen.o(.text)
    memcmp                                   0x08000213   Thumb Code    26  memcmp.o(.text)
    strcpy                                   0x0800022d   Thumb Code    18  strcpy.o(.text)
    __0sscanf                                0x08000241   Thumb Code    48  __0sscanf.o(.text)
    _scanf_real                              0x08000379   Thumb Code     0  scanf_fp.o(.text)
    _scanf_really_real                       0x08000379   Thumb Code   556  scanf_fp.o(.text)
    __aeabi_dadd                             0x080005b1   Thumb Code   322  dadd.o(.text)
    __aeabi_dsub                             0x080006f3   Thumb Code     6  dadd.o(.text)
    __aeabi_drsub                            0x080006f9   Thumb Code     6  dadd.o(.text)
    __aeabi_dmul                             0x080006ff   Thumb Code   228  dmul.o(.text)
    __aeabi_ddiv                             0x080007e3   Thumb Code   222  ddiv.o(.text)
    __aeabi_f2d                              0x080008c1   Thumb Code    38  f2d.o(.text)
    __aeabi_d2f                              0x080008e7   Thumb Code    56  d2f.o(.text)
    __aeabi_uidiv                            0x0800091f   Thumb Code     0  uidiv.o(.text)
    __aeabi_uidivmod                         0x0800091f   Thumb Code    44  uidiv.o(.text)
    __aeabi_uldivmod                         0x0800094b   Thumb Code    98  uldiv.o(.text)
    __aeabi_llsl                             0x080009ad   Thumb Code    30  llshl.o(.text)
    _ll_shift_l                              0x080009ad   Thumb Code     0  llshl.o(.text)
    __aeabi_lasr                             0x080009cb   Thumb Code    36  llsshr.o(.text)
    _ll_sshift_r                             0x080009cb   Thumb Code     0  llsshr.o(.text)
    __vfscanf_char                           0x080009fd   Thumb Code    20  scanf_char.o(.text)
    _sgetc                                   0x08000a19   Thumb Code    30  _sgetc.o(.text)
    _sbackspace                              0x08000a37   Thumb Code    34  _sgetc.o(.text)
    __I$use$fp                               0x08000a59   Thumb Code     0  iusefp.o(.text)
    _float_round                             0x08000a59   Thumb Code    18  fepilogue.o(.text)
    _float_epilogue                          0x08000a6b   Thumb Code    92  fepilogue.o(.text)
    _double_round                            0x08000ac7   Thumb Code    30  depilogue.o(.text)
    _double_epilogue                         0x08000ae5   Thumb Code   156  depilogue.o(.text)
    __ARM_scalbn                             0x08000b81   Thumb Code    46  dscalb.o(.text)
    scalbn                                   0x08000b81   Thumb Code     0  dscalb.o(.text)
    _dsqrt                                   0x08000baf   Thumb Code   162  dsqrt.o(.text)
    __aeabi_i2d                              0x08000c51   Thumb Code    34  dflti.o(.text)
    __aeabi_ul2d                             0x08000c73   Thumb Code    24  dfltul.o(.text)
    __aeabi_d2ulz                            0x08000c8b   Thumb Code    48  dfixul.o(.text)
    __aeabi_cdrcmple                         0x08000cbd   Thumb Code    48  cdrcmple.o(.text)
    __scatterload                            0x08000ced   Thumb Code    28  init.o(.text)
    __scatterload_rt2                        0x08000ced   Thumb Code     0  init.o(.text)
    __aeabi_llsr                             0x08000d11   Thumb Code    32  llushr.o(.text)
    _ll_ushift_r                             0x08000d11   Thumb Code     0  llushr.o(.text)
    isspace                                  0x08000d31   Thumb Code    10  isspace_c.o(.text)
    __vfscanf                                0x08000d3d   Thumb Code   808  _scanf.o(.text)
    __ctype_lookup                           0x08001069   Thumb Code    34  ctype_c.o(.text)
    DMA1_Stream4_IRQHandler                  0x08001091   Thumb Code     6  stm32f4xx_it.o(i.DMA1_Stream4_IRQHandler)
    DMA1_Stream5_IRQHandler                  0x0800109d   Thumb Code     6  stm32f4xx_it.o(i.DMA1_Stream5_IRQHandler)
    DMA1_Stream6_IRQHandler                  0x080010a9   Thumb Code     6  stm32f4xx_it.o(i.DMA1_Stream6_IRQHandler)
    Error_Handler                            0x080010b5   Thumb Code     2  main.o(i.Error_Handler)
    HAL_DMA_Abort_IT                         0x080010b7   Thumb Code    36  stm32f4xx_hal_dma.o(i.HAL_DMA_Abort_IT)
    HAL_DMA_IRQHandler                       0x080010dd   Thumb Code   468  stm32f4xx_hal_dma.o(i.HAL_DMA_IRQHandler)
    HAL_DMA_Init                             0x080012bd   Thumb Code   336  stm32f4xx_hal_dma.o(i.HAL_DMA_Init)
    HAL_DMA_Start_IT                         0x08001419   Thumb Code   170  stm32f4xx_hal_dma.o(i.HAL_DMA_Start_IT)
    HAL_Delay                                0x080014c3   Thumb Code    22  stm32f4xx_hal.o(i.HAL_Delay)
    HAL_GPIO_Init                            0x080014d9   Thumb Code   462  stm32f4xx_hal_gpio.o(i.HAL_GPIO_Init)
    HAL_GPIO_ReadPin                         0x080016b9   Thumb Code    10  stm32f4xx_hal_gpio.o(i.HAL_GPIO_ReadPin)
    HAL_GPIO_TogglePin                       0x080016c3   Thumb Code     8  stm32f4xx_hal_gpio.o(i.HAL_GPIO_TogglePin)
    HAL_GPIO_WritePin                        0x080016cb   Thumb Code    10  stm32f4xx_hal_gpio.o(i.HAL_GPIO_WritePin)
    HAL_GetTick                              0x080016d5   Thumb Code     6  stm32f4xx_hal.o(i.HAL_GetTick)
    HAL_I2C_AbortCpltCallback                0x080016e1   Thumb Code     2  stm32f4xx_hal_i2c.o(i.HAL_I2C_AbortCpltCallback)
    HAL_I2C_AddrCallback                     0x080016e3   Thumb Code     2  stm32f4xx_hal_i2c.o(i.HAL_I2C_AddrCallback)
    HAL_I2C_ER_IRQHandler                    0x080016e5   Thumb Code   328  stm32f4xx_hal_i2c.o(i.HAL_I2C_ER_IRQHandler)
    HAL_I2C_EV_IRQHandler                    0x08001835   Thumb Code  1714  stm32f4xx_hal_i2c.o(i.HAL_I2C_EV_IRQHandler)
    HAL_I2C_ErrorCallback                    0x08001ef5   Thumb Code     2  stm32f4xx_hal_i2c.o(i.HAL_I2C_ErrorCallback)
    HAL_I2C_Init                             0x08001ef9   Thumb Code   254  stm32f4xx_hal_i2c.o(i.HAL_I2C_Init)
    HAL_I2C_ListenCpltCallback               0x08002001   Thumb Code     2  stm32f4xx_hal_i2c.o(i.HAL_I2C_ListenCpltCallback)
    HAL_I2C_MasterRxCpltCallback             0x08002003   Thumb Code     2  stm32f4xx_hal_i2c.o(i.HAL_I2C_MasterRxCpltCallback)
    HAL_I2C_MasterTxCpltCallback             0x08002005   Thumb Code     2  stm32f4xx_hal_i2c.o(i.HAL_I2C_MasterTxCpltCallback)
    HAL_I2C_MemRxCpltCallback                0x08002007   Thumb Code     2  stm32f4xx_hal_i2c.o(i.HAL_I2C_MemRxCpltCallback)
    HAL_I2C_MemTxCpltCallback                0x08002009   Thumb Code     2  stm32f4xx_hal_i2c.o(i.HAL_I2C_MemTxCpltCallback)
    HAL_I2C_Mem_Read                         0x0800200d   Thumb Code   546  stm32f4xx_hal_i2c.o(i.HAL_I2C_Mem_Read)
    HAL_I2C_Mem_Write                        0x0800223d   Thumb Code   340  stm32f4xx_hal_i2c.o(i.HAL_I2C_Mem_Write)
    HAL_I2C_MspInit                          0x08002399   Thumb Code   278  i2c.o(i.HAL_I2C_MspInit)
    HAL_I2C_SlaveRxCpltCallback              0x080024c9   Thumb Code     2  stm32f4xx_hal_i2c.o(i.HAL_I2C_SlaveRxCpltCallback)
    HAL_I2C_SlaveTxCpltCallback              0x080024cb   Thumb Code     2  stm32f4xx_hal_i2c.o(i.HAL_I2C_SlaveTxCpltCallback)
    HAL_IncTick                              0x080024cd   Thumb Code    10  stm32f4xx_hal.o(i.HAL_IncTick)
    HAL_Init                                 0x080024dd   Thumb Code    48  stm32f4xx_hal.o(i.HAL_Init)
    HAL_InitTick                             0x08002511   Thumb Code    34  stm32f4xx_hal.o(i.HAL_InitTick)
    HAL_MspInit                              0x08002539   Thumb Code    88  stm32f4xx_hal_msp.o(i.HAL_MspInit)
    HAL_NVIC_EnableIRQ                       0x08002591   Thumb Code    24  stm32f4xx_hal_cortex.o(i.HAL_NVIC_EnableIRQ)
    HAL_NVIC_SetPriority                     0x080025a9   Thumb Code    96  stm32f4xx_hal_cortex.o(i.HAL_NVIC_SetPriority)
    HAL_NVIC_SetPriorityGrouping             0x0800260d   Thumb Code    30  stm32f4xx_hal_cortex.o(i.HAL_NVIC_SetPriorityGrouping)
    HAL_RCC_ClockConfig                      0x08002631   Thumb Code   428  stm32f4xx_hal_rcc.o(i.HAL_RCC_ClockConfig)
    HAL_RCC_GetHCLKFreq                      0x080027f1   Thumb Code     6  stm32f4xx_hal_rcc.o(i.HAL_RCC_GetHCLKFreq)
    HAL_RCC_GetPCLK1Freq                     0x080027fd   Thumb Code    34  stm32f4xx_hal_rcc.o(i.HAL_RCC_GetPCLK1Freq)
    HAL_RCC_GetPCLK2Freq                     0x0800282d   Thumb Code    34  stm32f4xx_hal_rcc.o(i.HAL_RCC_GetPCLK2Freq)
    HAL_RCC_GetSysClockFreq                  0x0800285d   Thumb Code   128  stm32f4xx_hal_rcc.o(i.HAL_RCC_GetSysClockFreq)
    HAL_RCC_OscConfig                        0x080028ed   Thumb Code   942  stm32f4xx_hal_rcc.o(i.HAL_RCC_OscConfig)
    HAL_SYSTICK_CLKSourceConfig              0x08002cb9   Thumb Code    22  stm32f4xx_hal_cortex.o(i.HAL_SYSTICK_CLKSourceConfig)
    HAL_SYSTICK_Callback                     0x08002ccf   Thumb Code     2  stm32f4xx_hal_cortex.o(i.HAL_SYSTICK_Callback)
    HAL_SYSTICK_Config                       0x08002cd1   Thumb Code    38  stm32f4xx_hal_cortex.o(i.HAL_SYSTICK_Config)
    HAL_SYSTICK_IRQHandler                   0x08002cfd   Thumb Code     8  stm32f4xx_hal_cortex.o(i.HAL_SYSTICK_IRQHandler)
    HAL_TIMEx_BreakCallback                  0x08002d05   Thumb Code     2  stm32f4xx_hal_tim_ex.o(i.HAL_TIMEx_BreakCallback)
    HAL_TIMEx_CommutationCallback            0x08002d07   Thumb Code     2  stm32f4xx_hal_tim_ex.o(i.HAL_TIMEx_CommutationCallback)
    HAL_TIMEx_MasterConfigSynchronization    0x08002d09   Thumb Code   100  stm32f4xx_hal_tim_ex.o(i.HAL_TIMEx_MasterConfigSynchronization)
    HAL_TIM_Base_Init                        0x08002d6d   Thumb Code    54  stm32f4xx_hal_tim.o(i.HAL_TIM_Base_Init)
    HAL_TIM_Base_MspInit                     0x08002da5   Thumb Code   128  tim.o(i.HAL_TIM_Base_MspInit)
    HAL_TIM_Base_Start_IT                    0x08002e2d   Thumb Code    24  stm32f4xx_hal_tim.o(i.HAL_TIM_Base_Start_IT)
    HAL_TIM_ConfigClockSource                0x08002e45   Thumb Code   440  stm32f4xx_hal_tim.o(i.HAL_TIM_ConfigClockSource)
    HAL_TIM_IC_CaptureCallback               0x08002ffd   Thumb Code     2  stm32f4xx_hal_tim.o(i.HAL_TIM_IC_CaptureCallback)
    HAL_TIM_IRQHandler                       0x08002fff   Thumb Code   364  stm32f4xx_hal_tim.o(i.HAL_TIM_IRQHandler)
    HAL_TIM_MspPostInit                      0x0800316d   Thumb Code    74  tim.o(i.HAL_TIM_MspPostInit)
    HAL_TIM_OC_DelayElapsedCallback          0x080031bd   Thumb Code     2  stm32f4xx_hal_tim.o(i.HAL_TIM_OC_DelayElapsedCallback)
    HAL_TIM_PWM_ConfigChannel                0x080031c1   Thumb Code   352  stm32f4xx_hal_tim.o(i.HAL_TIM_PWM_ConfigChannel)
    HAL_TIM_PWM_Init                         0x08003325   Thumb Code    54  stm32f4xx_hal_tim.o(i.HAL_TIM_PWM_Init)
    HAL_TIM_PWM_MspInit                      0x0800335d   Thumb Code   122  tim.o(i.HAL_TIM_PWM_MspInit)
    HAL_TIM_PWM_PulseFinishedCallback        0x080033e1   Thumb Code     2  stm32f4xx_hal_tim.o(i.HAL_TIM_PWM_PulseFinishedCallback)
    HAL_TIM_PWM_Start                        0x080033e3   Thumb Code    46  stm32f4xx_hal_tim.o(i.HAL_TIM_PWM_Start)
    HAL_TIM_PeriodElapsedCallback            0x08003411   Thumb Code    40  main.o(i.HAL_TIM_PeriodElapsedCallback)
    HAL_TIM_TriggerCallback                  0x08003441   Thumb Code     2  stm32f4xx_hal_tim.o(i.HAL_TIM_TriggerCallback)
    HAL_UART_ErrorCallback                   0x08003443   Thumb Code     2  stm32f4xx_hal_uart.o(i.HAL_UART_ErrorCallback)
    HAL_UART_IRQHandler                      0x08003445   Thumb Code   406  stm32f4xx_hal_uart.o(i.HAL_UART_IRQHandler)
    HAL_UART_Init                            0x080035e1   Thumb Code   108  stm32f4xx_hal_uart.o(i.HAL_UART_Init)
    HAL_UART_MspInit                         0x0800364d   Thumb Code   206  usart.o(i.HAL_UART_MspInit)
    HAL_UART_Receive_DMA                     0x08003735   Thumb Code   134  stm32f4xx_hal_uart.o(i.HAL_UART_Receive_DMA)
    HAL_UART_Receive_IT                      0x080037c9   Thumb Code    74  stm32f4xx_hal_uart.o(i.HAL_UART_Receive_IT)
    HAL_UART_RxCpltCallback                  0x08003813   Thumb Code     2  stm32f4xx_hal_uart.o(i.HAL_UART_RxCpltCallback)
    HAL_UART_RxHalfCpltCallback              0x08003815   Thumb Code     2  stm32f4xx_hal_uart.o(i.HAL_UART_RxHalfCpltCallback)
    HAL_UART_Transmit                        0x08003817   Thumb Code   198  stm32f4xx_hal_uart.o(i.HAL_UART_Transmit)
    HAL_UART_Transmit_DMA                    0x080038dd   Thumb Code   128  stm32f4xx_hal_uart.o(i.HAL_UART_Transmit_DMA)
    HAL_UART_TxCpltCallback                  0x08003969   Thumb Code     2  stm32f4xx_hal_uart.o(i.HAL_UART_TxCpltCallback)
    HAL_UART_TxHalfCpltCallback              0x0800396b   Thumb Code     2  stm32f4xx_hal_uart.o(i.HAL_UART_TxHalfCpltCallback)
    I2C1_ER_IRQHandler                       0x0800396d   Thumb Code     6  stm32f4xx_it.o(i.I2C1_ER_IRQHandler)
    I2C1_EV_IRQHandler                       0x08003979   Thumb Code     6  stm32f4xx_it.o(i.I2C1_EV_IRQHandler)
    I2C3_ER_IRQHandler                       0x08003985   Thumb Code     6  stm32f4xx_it.o(i.I2C3_ER_IRQHandler)
    I2C3_EV_IRQHandler                       0x08003991   Thumb Code     6  stm32f4xx_it.o(i.I2C3_EV_IRQHandler)
    I2C_readBit                              0x08003fa9   Thumb Code    52  i2c.o(i.I2C_readBit)
    I2C_readBits                             0x08003fe1   Thumb Code    72  i2c.o(i.I2C_readBits)
    I2C_readByte                             0x0800402d   Thumb Code    32  i2c.o(i.I2C_readByte)
    I2C_readBytes                            0x08004051   Thumb Code    32  i2c.o(i.I2C_readBytes)
    I2C_writeBit                             0x08004075   Thumb Code   100  i2c.o(i.I2C_writeBit)
    I2C_writeBits                            0x080040dd   Thumb Code   118  i2c.o(i.I2C_writeBits)
    I2C_writeByte                            0x08004159   Thumb Code    44  i2c.o(i.I2C_writeByte)
    I2C_writeBytes                           0x08004189   Thumb Code    32  i2c.o(i.I2C_writeBytes)
    I2C_writeWord                            0x080041ad   Thumb Code    50  i2c.o(i.I2C_writeWord)
    MPU6050                                  0x080041e5   Thumb Code     6  mpu6050.o(i.MPU6050)
    MPUdmpGetEuler                           0x080041f1   Thumb Code   278  mpu6050_6axis_motionapps20.o(i.MPUdmpGetEuler)
    MPUdmpGetFIFOPacketSize                  0x08004307   Thumb Code     4  mpu6050_6axis_motionapps20.o(i.MPUdmpGetFIFOPacketSize)
    MPUdmpGetQuaternion                      0x0800430d   Thumb Code   150  mpu6050_6axis_motionapps20.o(i.MPUdmpGetQuaternion)
    MPUdmpInitialize                         0x080043ad   Thumb Code  3202  mpu6050_6axis_motionapps20.o(i.MPUdmpInitialize)
    MPUgetFIFOBytes                          0x08005185   Thumb Code    14  mpu6050.o(i.MPUgetFIFOBytes)
    MPUgetFIFOCount                          0x08005199   Thumb Code    24  mpu6050.o(i.MPUgetFIFOCount)
    MPUgetIntStatus                          0x080051b9   Thumb Code    20  mpu6050.o(i.MPUgetIntStatus)
    MPUgetOTPBankValid                       0x080051d5   Thumb Code    22  mpu6050.o(i.MPUgetOTPBankValid)
    MPUgetXGyroOffset                        0x080051f5   Thumb Code    26  mpu6050.o(i.MPUgetXGyroOffset)
    MPUgetYGyroOffset                        0x08005219   Thumb Code    26  mpu6050.o(i.MPUgetYGyroOffset)
    MPUgetZGyroOffset                        0x0800523d   Thumb Code    26  mpu6050.o(i.MPUgetZGyroOffset)
    MPUinitialize                            0x08005261   Thumb Code    70  mpu6050.o(i.MPUinitialize)
    MPUreadMemoryBlock                       0x080052ad   Thumb Code   146  mpu6050.o(i.MPUreadMemoryBlock)
    MPUreadMemoryByte                        0x08005345   Thumb Code    20  mpu6050.o(i.MPUreadMemoryByte)
    MPUreset                                 0x08005361   Thumb Code    14  mpu6050.o(i.MPUreset)
    MPUresetDMP                              0x08005375   Thumb Code    14  mpu6050.o(i.MPUresetDMP)
    MPUresetFIFO                             0x08005389   Thumb Code    14  mpu6050.o(i.MPUresetFIFO)
    MPUresetI2CMaster                        0x0800539d   Thumb Code    14  mpu6050.o(i.MPUresetI2CMaster)
    MPUsetClockSource                        0x080053b1   Thumb Code    20  mpu6050.o(i.MPUsetClockSource)
    MPUsetDLPFMode                           0x080053c9   Thumb Code    20  mpu6050.o(i.MPUsetDLPFMode)
    MPUsetDMPConfig1                         0x080053e1   Thumb Code    12  mpu6050.o(i.MPUsetDMPConfig1)
    MPUsetDMPConfig2                         0x080053f1   Thumb Code    12  mpu6050.o(i.MPUsetDMPConfig2)
    MPUsetDMPEnabled                         0x08005401   Thumb Code    14  mpu6050.o(i.MPUsetDMPEnabled)
    MPUsetExternalFrameSync                  0x08005415   Thumb Code    20  mpu6050.o(i.MPUsetExternalFrameSync)
    MPUsetFIFOEnabled                        0x0800542d   Thumb Code    14  mpu6050.o(i.MPUsetFIFOEnabled)
    MPUsetFullScaleGyroRange                 0x08005441   Thumb Code    20  mpu6050.o(i.MPUsetFullScaleGyroRange)
    MPUsetI2CMasterModeEnabled               0x08005459   Thumb Code    14  mpu6050.o(i.MPUsetI2CMasterModeEnabled)
    MPUsetIntEnabled                         0x0800546d   Thumb Code    12  mpu6050.o(i.MPUsetIntEnabled)
    MPUsetMemoryBank                         0x0800547d   Thumb Code    30  mpu6050.o(i.MPUsetMemoryBank)
    MPUsetMemoryStartAddress                 0x080054a1   Thumb Code    12  mpu6050.o(i.MPUsetMemoryStartAddress)
    MPUsetMotionDetectionDuration            0x080054b1   Thumb Code    12  mpu6050.o(i.MPUsetMotionDetectionDuration)
    MPUsetMotionDetectionThreshold           0x080054c1   Thumb Code    12  mpu6050.o(i.MPUsetMotionDetectionThreshold)
    MPUsetOTPBankValid                       0x080054d1   Thumb Code    14  mpu6050.o(i.MPUsetOTPBankValid)
    MPUsetRate                               0x080054e5   Thumb Code    12  mpu6050.o(i.MPUsetRate)
    MPUsetSlaveAddress                       0x080054f5   Thumb Code    24  mpu6050.o(i.MPUsetSlaveAddress)
    MPUsetSleepEnabled                       0x08005511   Thumb Code    14  mpu6050.o(i.MPUsetSleepEnabled)
    MPUsetXGyroOffset                        0x08005525   Thumb Code    22  mpu6050.o(i.MPUsetXGyroOffset)
    MPUsetXGyroOffsetUser                    0x08005541   Thumb Code    12  mpu6050.o(i.MPUsetXGyroOffsetUser)
    MPUsetYGyroOffset                        0x08005551   Thumb Code    22  mpu6050.o(i.MPUsetYGyroOffset)
    MPUsetYGyroOffsetUser                    0x0800556d   Thumb Code    12  mpu6050.o(i.MPUsetYGyroOffsetUser)
    MPUsetZGyroOffset                        0x0800557d   Thumb Code    22  mpu6050.o(i.MPUsetZGyroOffset)
    MPUsetZGyroOffsetUser                    0x08005599   Thumb Code    12  mpu6050.o(i.MPUsetZGyroOffsetUser)
    MPUsetZeroMotionDetectionDuration        0x080055a9   Thumb Code    12  mpu6050.o(i.MPUsetZeroMotionDetectionDuration)
    MPUsetZeroMotionDetectionThreshold       0x080055b9   Thumb Code    12  mpu6050.o(i.MPUsetZeroMotionDetectionThreshold)
    MPUtestConnection                        0x080055c9   Thumb Code    32  mpu6050.o(i.MPUtestConnection)
    MPUwriteDMPConfigurationSet              0x080055f1   Thumb Code   108  mpu6050.o(i.MPUwriteDMPConfigurationSet)
    MPUwriteMemoryBlock                      0x08005661   Thumb Code   218  mpu6050.o(i.MPUwriteMemoryBlock)
    MPUwriteProgDMPConfigurationSet          0x08005745   Thumb Code     6  mpu6050.o(i.MPUwriteProgDMPConfigurationSet)
    MPUwriteProgMemoryBlock                  0x0800574b   Thumb Code    22  mpu6050.o(i.MPUwriteProgMemoryBlock)
    MX_DMA_Init                              0x08005761   Thumb Code    72  dma.o(i.MX_DMA_Init)
    MX_GPIO_Init                             0x080057ad   Thumb Code   240  gpio.o(i.MX_GPIO_Init)
    MX_I2C1_Init                             0x080058b1   Thumb Code    50  i2c.o(i.MX_I2C1_Init)
    MX_I2C3_Init                             0x080058f1   Thumb Code    50  i2c.o(i.MX_I2C3_Init)
    MX_TIM11_Init                            0x08005931   Thumb Code    42  tim.o(i.MX_TIM11_Init)
    MX_TIM1_Init                             0x08005965   Thumb Code    86  tim.o(i.MX_TIM1_Init)
    MX_TIM2_Init                             0x080059c5   Thumb Code   116  tim.o(i.MX_TIM2_Init)
    MX_TIM3_Init                             0x08005a3d   Thumb Code   114  tim.o(i.MX_TIM3_Init)
    MX_USART2_UART_Init                      0x08005ab9   Thumb Code    48  usart.o(i.MX_USART2_UART_Init)
    SysTick_Handler                          0x08005af1   Thumb Code    14  stm32f4xx_it.o(i.SysTick_Handler)
    SystemClock_Config                       0x08005b01   Thumb Code   152  main.o(i.SystemClock_Config)
    SystemInit                               0x08005ba1   Thumb Code    64  system_stm32f4xx.o(i.SystemInit)
    TIM1_TRG_COM_TIM11_IRQHandler            0x08005bf9   Thumb Code    18  stm32f4xx_it.o(i.TIM1_TRG_COM_TIM11_IRQHandler)
    TIM2_IRQHandler                          0x08005c15   Thumb Code     6  stm32f4xx_it.o(i.TIM2_IRQHandler)
    TIM3_IRQHandler                          0x08005c21   Thumb Code     6  stm32f4xx_it.o(i.TIM3_IRQHandler)
    TIM_Base_SetConfig                       0x08005c2d   Thumb Code   132  stm32f4xx_hal_tim.o(i.TIM_Base_SetConfig)
    TIM_CCxChannelCmd                        0x08005cc1   Thumb Code    26  stm32f4xx_hal_tim.o(i.TIM_CCxChannelCmd)
    TIM_OC2_SetConfig                        0x08005d31   Thumb Code    94  stm32f4xx_hal_tim.o(i.TIM_OC2_SetConfig)
    USART2_IRQHandler                        0x080062c5   Thumb Code    38  stm32f4xx_it.o(i.USART2_IRQHandler)
    USER_UART_IDLECallback                   0x080062f1   Thumb Code    76  main.o(i.USER_UART_IDLECallback)
    __0printf                                0x08006349   Thumb Code    22  printfa.o(i.__0printf)
    __1printf                                0x08006349   Thumb Code     0  printfa.o(i.__0printf)
    __2printf                                0x08006349   Thumb Code     0  printfa.o(i.__0printf)
    __c89printf                              0x08006349   Thumb Code     0  printfa.o(i.__0printf)
    printf                                   0x08006349   Thumb Code     0  printfa.o(i.__0printf)
    __0sprintf                               0x08006369   Thumb Code    34  printfa.o(i.__0sprintf)
    __1sprintf                               0x08006369   Thumb Code     0  printfa.o(i.__0sprintf)
    __2sprintf                               0x08006369   Thumb Code     0  printfa.o(i.__0sprintf)
    __c89sprintf                             0x08006369   Thumb Code     0  printfa.o(i.__0sprintf)
    sprintf                                  0x08006369   Thumb Code     0  printfa.o(i.__0sprintf)
    __ARM_fpclassify                         0x08006391   Thumb Code    48  fpclassify.o(i.__ARM_fpclassify)
    __hardfp_asin                            0x080063c1   Thumb Code   770  asin.o(i.__hardfp_asin)
    __hardfp_atan                            0x08006721   Thumb Code   622  atan.o(i.__hardfp_atan)
    __hardfp_atan2                           0x080069f9   Thumb Code   432  atan2.o(i.__hardfp_atan2)
    __hardfp_pow                             0x08006be9   Thumb Code  3044  pow.o(i.__hardfp_pow)
    __hardfp_sqrt                            0x08007821   Thumb Code   122  sqrt.o(i.__hardfp_sqrt)
    __kernel_poly                            0x0800789b   Thumb Code   248  poly.o(i.__kernel_poly)
    __mathlib_dbl_divzero                    0x08007999   Thumb Code    28  dunder.o(i.__mathlib_dbl_divzero)
    __mathlib_dbl_infnan                     0x080079c9   Thumb Code    20  dunder.o(i.__mathlib_dbl_infnan)
    __mathlib_dbl_infnan2                    0x080079dd   Thumb Code    20  dunder.o(i.__mathlib_dbl_infnan2)
    __mathlib_dbl_invalid                    0x080079f1   Thumb Code    24  dunder.o(i.__mathlib_dbl_invalid)
    __mathlib_dbl_overflow                   0x08007a11   Thumb Code    24  dunder.o(i.__mathlib_dbl_overflow)
    __mathlib_dbl_underflow                  0x08007a31   Thumb Code    24  dunder.o(i.__mathlib_dbl_underflow)
    __scatterload_copy                       0x08007a51   Thumb Code    14  handlers.o(i.__scatterload_copy)
    __scatterload_null                       0x08007a5f   Thumb Code     2  handlers.o(i.__scatterload_null)
    __scatterload_zeroinit                   0x08007a61   Thumb Code    14  handlers.o(i.__scatterload_zeroinit)
    __set_errno                              0x08007a71   Thumb Code     6  errno.o(i.__set_errno)
    _is_digit                                0x08007be1   Thumb Code    14  scanf_fp.o(i._is_digit)
    atan                                     0x08008329   Thumb Code    16  atan.o(i.atan)
    convert_position_data                    0x08008339   Thumb Code    30  main.o(i.convert_position_data)
    fabs                                     0x0800836d   Thumb Code    24  fabs.o(i.fabs)
    fputc                                    0x08008385   Thumb Code    24  usart.o(i.fputc)
    main                                     0x080083a1   Thumb Code   878  main.o(i.main)
    sqrt                                     0x080087b1   Thumb Code   110  sqrt.o(i.sqrt)
    dmpMemory                                0x0800881e   Data        1929  mpu6050_6axis_motionapps20.o(.constdata)
    dmpConfig                                0x08008fa7   Data         192  mpu6050_6axis_motionapps20.o(.constdata)
    dmpUpdates                               0x08009067   Data          47  mpu6050_6axis_motionapps20.o(.constdata)
    APBAHBPrescTable                         0x0800909e   Data          16  stm32f4xx_hal_rcc.o(.constdata)
    __mathlib_zero                           0x08009220   Data           8  qnan.o(.constdata)
    __ctype_categories                       0x08009228   Data          64  ctype_c.o(.constdata)
    Region$$Table$$Base                      0x080092bc   Number         0  anon$$obj.o(Region$$Table)
    Region$$Table$$Limit                     0x080092dc   Number         0  anon$$obj.o(Region$$Table)
    SystemCoreClock                          0x20000000   Data           4  system_stm32f4xx.o(.data)
    tick_tock                                0x20000004   Data           1  main.o(.data)
    run                                      0x20000005   Data           1  main.o(.data)
    run10                                    0x20000006   Data           1  main.o(.data)
    turn_direction                           0x20000007   Data           1  main.o(.data)
    go_forward                               0x20000008   Data           1  main.o(.data)
    mpuIntStatus                             0x20000009   Data           1  main.o(.data)
    packetSize                               0x2000000a   Data           2  main.o(.data)
    M_PI                                     0x2000000c   Data           4  main.o(.data)
    tar_y                                    0x20000010   Data           4  main.o(.data)
    direction                                0x20000014   Data           4  main.o(.data)
    target_direction                         0x20000018   Data           4  main.o(.data)
    distance                                 0x2000001c   Data           4  main.o(.data)
    pos_x                                    0x20000020   Data           4  main.o(.data)
    pos_y                                    0x20000024   Data           4  main.o(.data)
    tar_x                                    0x20000028   Data           4  main.o(.data)
    MPUdevAddr                               0x2000002c   Data           1  mpu6050.o(.data)
    MPUdmpPacketBuffer                       0x20000030   Data           4  mpu6050_6axis_motionapps20.o(.data)
    uwTick                                   0x20000034   Data           4  stm32f4xx_hal.o(.data)
    __stdout                                 0x20000038   Data           4  stdout.o(.data)
    rxBuffer                                 0x20000040   Data         256  main.o(.bss)
    positionData                             0x20000140   Data         256  main.o(.bss)
    fifoBuffer                               0x20000240   Data          64  main.o(.bss)
    q                                        0x20000280   Data          16  main.o(.bss)
    euler                                    0x20000290   Data          12  main.o(.bss)
    angle                                    0x2000029c   Data          12  main.o(.bss)
    angle_offset                             0x200002a8   Data          12  main.o(.bss)
    hi2c1                                    0x200002b4   Data          84  i2c.o(.bss)
    hi2c3                                    0x20000308   Data          84  i2c.o(.bss)
    hdma_i2c3_tx                             0x2000035c   Data          96  i2c.o(.bss)
    htim1                                    0x200003bc   Data          60  tim.o(.bss)
    htim2                                    0x200003f8   Data          60  tim.o(.bss)
    htim3                                    0x20000434   Data          60  tim.o(.bss)
    htim11                                   0x20000470   Data          60  tim.o(.bss)
    huart2                                   0x200004ac   Data          64  usart.o(.bss)
    hdma_usart2_tx                           0x200004ec   Data          96  usart.o(.bss)
    hdma_usart2_rx                           0x2000054c   Data          96  usart.o(.bss)
    MPUbuffer                                0x200005bc   Data          14  mpu6050.o(.bss)
    __initial_sp                             0x200009d0   Data           0  startup_stm32f401xe.o(STACK)



==============================================================================

Memory Map of the image

  Image Entry point : 0x08000195

  Load Region LR_IROM1 (Base: 0x08000000, Size: 0x0000931c, Max: 0x00080000, ABSOLUTE)

    Execution Region ER_IROM1 (Base: 0x08000000, Size: 0x000092dc, Max: 0x00080000, ABSOLUTE)

    Base Addr    Size         Type   Attr      Idx    E Section Name        Object

    0x08000000   0x00000194   Data   RO         5018    RESET               startup_stm32f401xe.o
    0x08000194   0x00000000   Code   RO         5101  * .ARM.Collect$$$$00000000  mc_w.l(entry.o)
    0x08000194   0x00000004   Code   RO         5416    .ARM.Collect$$$$00000001  mc_w.l(entry2.o)
    0x08000198   0x00000004   Code   RO         5419    .ARM.Collect$$$$00000004  mc_w.l(entry5.o)
    0x0800019c   0x00000000   Code   RO         5421    .ARM.Collect$$$$00000008  mc_w.l(entry7b.o)
    0x0800019c   0x00000000   Code   RO         5423    .ARM.Collect$$$$0000000A  mc_w.l(entry8b.o)
    0x0800019c   0x00000008   Code   RO         5424    .ARM.Collect$$$$0000000B  mc_w.l(entry9a.o)
    0x080001a4   0x00000000   Code   RO         5426    .ARM.Collect$$$$0000000D  mc_w.l(entry10a.o)
    0x080001a4   0x00000000   Code   RO         5428    .ARM.Collect$$$$0000000F  mc_w.l(entry11a.o)
    0x080001a4   0x00000004   Code   RO         5417    .ARM.Collect$$$$00002712  mc_w.l(entry2.o)
    0x080001a8   0x00000024   Code   RO         5019    .text               startup_stm32f401xe.o
    0x080001cc   0x00000024   Code   RO         5104    .text               mc_w.l(memseta.o)
    0x080001f0   0x00000014   Code   RO         5106    .text               mc_w.l(strchr.o)
    0x08000204   0x0000000e   Code   RO         5108    .text               mc_w.l(strlen.o)
    0x08000212   0x0000001a   Code   RO         5110    .text               mc_w.l(memcmp.o)
    0x0800022c   0x00000012   Code   RO         5112    .text               mc_w.l(strcpy.o)
    0x0800023e   0x00000002   PAD
    0x08000240   0x00000038   Code   RO         5375    .text               mc_w.l(__0sscanf.o)
    0x08000278   0x00000338   Code   RO         5377    .text               mc_w.l(scanf_fp.o)
    0x080005b0   0x0000014e   Code   RO         5381    .text               mf_w.l(dadd.o)
    0x080006fe   0x000000e4   Code   RO         5383    .text               mf_w.l(dmul.o)
    0x080007e2   0x000000de   Code   RO         5385    .text               mf_w.l(ddiv.o)
    0x080008c0   0x00000026   Code   RO         5387    .text               mf_w.l(f2d.o)
    0x080008e6   0x00000038   Code   RO         5389    .text               mf_w.l(d2f.o)
    0x0800091e   0x0000002c   Code   RO         5431    .text               mc_w.l(uidiv.o)
    0x0800094a   0x00000062   Code   RO         5433    .text               mc_w.l(uldiv.o)
    0x080009ac   0x0000001e   Code   RO         5435    .text               mc_w.l(llshl.o)
    0x080009ca   0x00000024   Code   RO         5437    .text               mc_w.l(llsshr.o)
    0x080009ee   0x00000002   PAD
    0x080009f0   0x00000028   Code   RO         5446    .text               mc_w.l(scanf_char.o)
    0x08000a18   0x00000040   Code   RO         5448    .text               mc_w.l(_sgetc.o)
    0x08000a58   0x00000000   Code   RO         5450    .text               mc_w.l(iusefp.o)
    0x08000a58   0x0000006e   Code   RO         5451    .text               mf_w.l(fepilogue.o)
    0x08000ac6   0x000000ba   Code   RO         5453    .text               mf_w.l(depilogue.o)
    0x08000b80   0x0000002e   Code   RO         5457    .text               mf_w.l(dscalb.o)
    0x08000bae   0x000000a2   Code   RO         5459    .text               mf_w.l(dsqrt.o)
    0x08000c50   0x00000022   Code   RO         5461    .text               mf_w.l(dflti.o)
    0x08000c72   0x00000018   Code   RO         5463    .text               mf_w.l(dfltul.o)
    0x08000c8a   0x00000030   Code   RO         5465    .text               mf_w.l(dfixul.o)
    0x08000cba   0x00000002   PAD
    0x08000cbc   0x00000030   Code   RO         5469    .text               mf_w.l(cdrcmple.o)
    0x08000cec   0x00000024   Code   RO         5471    .text               mc_w.l(init.o)
    0x08000d10   0x00000020   Code   RO         5473    .text               mc_w.l(llushr.o)
    0x08000d30   0x0000000a   Code   RO         5475    .text               mc_w.l(isspace_c.o)
    0x08000d3a   0x00000002   PAD
    0x08000d3c   0x0000032c   Code   RO         5477    .text               mc_w.l(_scanf.o)
    0x08001068   0x00000028   Code   RO         5479    .text               mc_w.l(ctype_c.o)
    0x08001090   0x0000000c   Code   RO          314    i.DMA1_Stream4_IRQHandler  stm32f4xx_it.o
    0x0800109c   0x0000000c   Code   RO          315    i.DMA1_Stream5_IRQHandler  stm32f4xx_it.o
    0x080010a8   0x0000000c   Code   RO          316    i.DMA1_Stream6_IRQHandler  stm32f4xx_it.o
    0x080010b4   0x00000002   Code   RO          168    i.Error_Handler     main.o
    0x080010b6   0x00000024   Code   RO         4717    i.HAL_DMA_Abort_IT  stm32f4xx_hal_dma.o
    0x080010da   0x00000002   PAD
    0x080010dc   0x000001e0   Code   RO         4721    i.HAL_DMA_IRQHandler  stm32f4xx_hal_dma.o
    0x080012bc   0x0000015c   Code   RO         4722    i.HAL_DMA_Init      stm32f4xx_hal_dma.o
    0x08001418   0x000000aa   Code   RO         4726    i.HAL_DMA_Start_IT  stm32f4xx_hal_dma.o
    0x080014c2   0x00000016   Code   RO         4576    i.HAL_Delay         stm32f4xx_hal.o
    0x080014d8   0x000001e0   Code   RO         4195    i.HAL_GPIO_Init     stm32f4xx_hal_gpio.o
    0x080016b8   0x0000000a   Code   RO         4197    i.HAL_GPIO_ReadPin  stm32f4xx_hal_gpio.o
    0x080016c2   0x00000008   Code   RO         4198    i.HAL_GPIO_TogglePin  stm32f4xx_hal_gpio.o
    0x080016ca   0x0000000a   Code   RO         4199    i.HAL_GPIO_WritePin  stm32f4xx_hal_gpio.o
    0x080016d4   0x0000000c   Code   RO         4582    i.HAL_GetTick       stm32f4xx_hal.o
    0x080016e0   0x00000002   Code   RO         2746    i.HAL_I2C_AbortCpltCallback  stm32f4xx_hal_i2c.o
    0x080016e2   0x00000002   Code   RO         2747    i.HAL_I2C_AddrCallback  stm32f4xx_hal_i2c.o
    0x080016e4   0x00000150   Code   RO         2750    i.HAL_I2C_ER_IRQHandler  stm32f4xx_hal_i2c.o
    0x08001834   0x000006c0   Code   RO         2751    i.HAL_I2C_EV_IRQHandler  stm32f4xx_hal_i2c.o
    0x08001ef4   0x00000002   Code   RO         2753    i.HAL_I2C_ErrorCallback  stm32f4xx_hal_i2c.o
    0x08001ef6   0x00000002   PAD
    0x08001ef8   0x00000108   Code   RO         2757    i.HAL_I2C_Init      stm32f4xx_hal_i2c.o
    0x08002000   0x00000002   Code   RO         2759    i.HAL_I2C_ListenCpltCallback  stm32f4xx_hal_i2c.o
    0x08002002   0x00000002   Code   RO         2760    i.HAL_I2C_MasterRxCpltCallback  stm32f4xx_hal_i2c.o
    0x08002004   0x00000002   Code   RO         2761    i.HAL_I2C_MasterTxCpltCallback  stm32f4xx_hal_i2c.o
    0x08002006   0x00000002   Code   RO         2771    i.HAL_I2C_MemRxCpltCallback  stm32f4xx_hal_i2c.o
    0x08002008   0x00000002   Code   RO         2772    i.HAL_I2C_MemTxCpltCallback  stm32f4xx_hal_i2c.o
    0x0800200a   0x00000002   PAD
    0x0800200c   0x00000230   Code   RO         2773    i.HAL_I2C_Mem_Read  stm32f4xx_hal_i2c.o
    0x0800223c   0x0000015c   Code   RO         2776    i.HAL_I2C_Mem_Write  stm32f4xx_hal_i2c.o
    0x08002398   0x00000130   Code   RO          409    i.HAL_I2C_MspInit   i2c.o
    0x080024c8   0x00000002   Code   RO         2781    i.HAL_I2C_SlaveRxCpltCallback  stm32f4xx_hal_i2c.o
    0x080024ca   0x00000002   Code   RO         2782    i.HAL_I2C_SlaveTxCpltCallback  stm32f4xx_hal_i2c.o
    0x080024cc   0x00000010   Code   RO         4583    i.HAL_IncTick       stm32f4xx_hal.o
    0x080024dc   0x00000034   Code   RO         4584    i.HAL_Init          stm32f4xx_hal.o
    0x08002510   0x00000028   Code   RO         4585    i.HAL_InitTick      stm32f4xx_hal.o
    0x08002538   0x00000058   Code   RO          140    i.HAL_MspInit       stm32f4xx_hal_msp.o
    0x08002590   0x00000018   Code   RO         3331    i.HAL_NVIC_EnableIRQ  stm32f4xx_hal_cortex.o
    0x080025a8   0x00000064   Code   RO         3337    i.HAL_NVIC_SetPriority  stm32f4xx_hal_cortex.o
    0x0800260c   0x00000024   Code   RO         3338    i.HAL_NVIC_SetPriorityGrouping  stm32f4xx_hal_cortex.o
    0x08002630   0x000001c0   Code   RO         4885    i.HAL_RCC_ClockConfig  stm32f4xx_hal_rcc.o
    0x080027f0   0x0000000c   Code   RO         4890    i.HAL_RCC_GetHCLKFreq  stm32f4xx_hal_rcc.o
    0x080027fc   0x00000030   Code   RO         4892    i.HAL_RCC_GetPCLK1Freq  stm32f4xx_hal_rcc.o
    0x0800282c   0x00000030   Code   RO         4893    i.HAL_RCC_GetPCLK2Freq  stm32f4xx_hal_rcc.o
    0x0800285c   0x00000090   Code   RO         4894    i.HAL_RCC_GetSysClockFreq  stm32f4xx_hal_rcc.o
    0x080028ec   0x000003cc   Code   RO         4897    i.HAL_RCC_OscConfig  stm32f4xx_hal_rcc.o
    0x08002cb8   0x00000016   Code   RO         3340    i.HAL_SYSTICK_CLKSourceConfig  stm32f4xx_hal_cortex.o
    0x08002cce   0x00000002   Code   RO         3341    i.HAL_SYSTICK_Callback  stm32f4xx_hal_cortex.o
    0x08002cd0   0x0000002c   Code   RO         3342    i.HAL_SYSTICK_Config  stm32f4xx_hal_cortex.o
    0x08002cfc   0x00000008   Code   RO         3343    i.HAL_SYSTICK_IRQHandler  stm32f4xx_hal_cortex.o
    0x08002d04   0x00000002   Code   RO         3089    i.HAL_TIMEx_BreakCallback  stm32f4xx_hal_tim_ex.o
    0x08002d06   0x00000002   Code   RO         3090    i.HAL_TIMEx_CommutationCallback  stm32f4xx_hal_tim_ex.o
    0x08002d08   0x00000064   Code   RO         3106    i.HAL_TIMEx_MasterConfigSynchronization  stm32f4xx_hal_tim_ex.o
    0x08002d6c   0x00000036   Code   RO         3546    i.HAL_TIM_Base_Init  stm32f4xx_hal_tim.o
    0x08002da2   0x00000002   PAD
    0x08002da4   0x00000088   Code   RO          534    i.HAL_TIM_Base_MspInit  tim.o
    0x08002e2c   0x00000018   Code   RO         3551    i.HAL_TIM_Base_Start_IT  stm32f4xx_hal_tim.o
    0x08002e44   0x000001b8   Code   RO         3555    i.HAL_TIM_ConfigClockSource  stm32f4xx_hal_tim.o
    0x08002ffc   0x00000002   Code   RO         3575    i.HAL_TIM_IC_CaptureCallback  stm32f4xx_hal_tim.o
    0x08002ffe   0x0000016c   Code   RO         3588    i.HAL_TIM_IRQHandler  stm32f4xx_hal_tim.o
    0x0800316a   0x00000002   PAD
    0x0800316c   0x00000050   Code   RO          535    i.HAL_TIM_MspPostInit  tim.o
    0x080031bc   0x00000002   Code   RO         3591    i.HAL_TIM_OC_DelayElapsedCallback  stm32f4xx_hal_tim.o
    0x080031be   0x00000002   PAD
    0x080031c0   0x00000164   Code   RO         3612    i.HAL_TIM_PWM_ConfigChannel  stm32f4xx_hal_tim.o
    0x08003324   0x00000036   Code   RO         3615    i.HAL_TIM_PWM_Init  stm32f4xx_hal_tim.o
    0x0800335a   0x00000002   PAD
    0x0800335c   0x00000084   Code   RO          537    i.HAL_TIM_PWM_MspInit  tim.o
    0x080033e0   0x00000002   Code   RO         3618    i.HAL_TIM_PWM_PulseFinishedCallback  stm32f4xx_hal_tim.o
    0x080033e2   0x0000002e   Code   RO         3619    i.HAL_TIM_PWM_Start  stm32f4xx_hal_tim.o
    0x08003410   0x00000030   Code   RO          169    i.HAL_TIM_PeriodElapsedCallback  main.o
    0x08003440   0x00000002   Code   RO         3629    i.HAL_TIM_TriggerCallback  stm32f4xx_hal_tim.o
    0x08003442   0x00000002   Code   RO         4279    i.HAL_UART_ErrorCallback  stm32f4xx_hal_uart.o
    0x08003444   0x0000019c   Code   RO         4282    i.HAL_UART_IRQHandler  stm32f4xx_hal_uart.o
    0x080035e0   0x0000006c   Code   RO         4283    i.HAL_UART_Init     stm32f4xx_hal_uart.o
    0x0800364c   0x000000e8   Code   RO          612    i.HAL_UART_MspInit  usart.o
    0x08003734   0x00000094   Code   RO         4287    i.HAL_UART_Receive_DMA  stm32f4xx_hal_uart.o
    0x080037c8   0x0000004a   Code   RO         4288    i.HAL_UART_Receive_IT  stm32f4xx_hal_uart.o
    0x08003812   0x00000002   Code   RO         4289    i.HAL_UART_RxCpltCallback  stm32f4xx_hal_uart.o
    0x08003814   0x00000002   Code   RO         4290    i.HAL_UART_RxHalfCpltCallback  stm32f4xx_hal_uart.o
    0x08003816   0x000000c6   Code   RO         4291    i.HAL_UART_Transmit  stm32f4xx_hal_uart.o
    0x080038dc   0x0000008c   Code   RO         4292    i.HAL_UART_Transmit_DMA  stm32f4xx_hal_uart.o
    0x08003968   0x00000002   Code   RO         4294    i.HAL_UART_TxCpltCallback  stm32f4xx_hal_uart.o
    0x0800396a   0x00000002   Code   RO         4295    i.HAL_UART_TxHalfCpltCallback  stm32f4xx_hal_uart.o
    0x0800396c   0x0000000c   Code   RO          317    i.I2C1_ER_IRQHandler  stm32f4xx_it.o
    0x08003978   0x0000000c   Code   RO          318    i.I2C1_EV_IRQHandler  stm32f4xx_it.o
    0x08003984   0x0000000c   Code   RO          319    i.I2C3_ER_IRQHandler  stm32f4xx_it.o
    0x08003990   0x0000000c   Code   RO          320    i.I2C3_EV_IRQHandler  stm32f4xx_it.o
    0x0800399c   0x0000004e   Code   RO         2791    i.I2C_DMAAbort      stm32f4xx_hal_i2c.o
    0x080039ea   0x00000002   PAD
    0x080039ec   0x00000134   Code   RO         2794    i.I2C_ITError       stm32f4xx_hal_i2c.o
    0x08003b20   0x00000110   Code   RO         2795    i.I2C_RequestMemoryRead  stm32f4xx_hal_i2c.o
    0x08003c30   0x000000b4   Code   RO         2796    i.I2C_RequestMemoryWrite  stm32f4xx_hal_i2c.o
    0x08003ce4   0x0000007c   Code   RO         2797    i.I2C_WaitOnBTFFlagUntilTimeout  stm32f4xx_hal_i2c.o
    0x08003d60   0x000000a2   Code   RO         2798    i.I2C_WaitOnFlagUntilTimeout  stm32f4xx_hal_i2c.o
    0x08003e02   0x000000b8   Code   RO         2799    i.I2C_WaitOnMasterAddressFlagUntilTimeout  stm32f4xx_hal_i2c.o
    0x08003eba   0x00000072   Code   RO         2800    i.I2C_WaitOnRXNEFlagUntilTimeout  stm32f4xx_hal_i2c.o
    0x08003f2c   0x0000007c   Code   RO         2801    i.I2C_WaitOnTXEFlagUntilTimeout  stm32f4xx_hal_i2c.o
    0x08003fa8   0x00000038   Code   RO          410    i.I2C_readBit       i2c.o
    0x08003fe0   0x0000004c   Code   RO          411    i.I2C_readBits      i2c.o
    0x0800402c   0x00000024   Code   RO          412    i.I2C_readByte      i2c.o
    0x08004050   0x00000024   Code   RO          413    i.I2C_readBytes     i2c.o
    0x08004074   0x00000068   Code   RO          414    i.I2C_writeBit      i2c.o
    0x080040dc   0x0000007c   Code   RO          415    i.I2C_writeBits     i2c.o
    0x08004158   0x00000030   Code   RO          416    i.I2C_writeByte     i2c.o
    0x08004188   0x00000024   Code   RO          417    i.I2C_writeBytes    i2c.o
    0x080041ac   0x00000038   Code   RO          418    i.I2C_writeWord     i2c.o
    0x080041e4   0x0000000c   Code   RO          662    i.MPU6050           mpu6050.o
    0x080041f0   0x00000116   Code   RO         2246    i.MPUdmpGetEuler    mpu6050_6axis_motionapps20.o
    0x08004306   0x00000004   Code   RO         2247    i.MPUdmpGetFIFOPacketSize  mpu6050_6axis_motionapps20.o
    0x0800430a   0x00000002   PAD
    0x0800430c   0x000000a0   Code   RO         2253    i.MPUdmpGetQuaternion  mpu6050_6axis_motionapps20.o
    0x080043ac   0x00000dd8   Code   RO         2257    i.MPUdmpInitialize  mpu6050_6axis_motionapps20.o
    0x08005184   0x00000014   Code   RO          693    i.MPUgetFIFOBytes   mpu6050.o
    0x08005198   0x00000020   Code   RO          694    i.MPUgetFIFOCount   mpu6050.o
    0x080051b8   0x0000001c   Code   RO          720    i.MPUgetIntStatus   mpu6050.o
    0x080051d4   0x00000020   Code   RO          735    i.MPUgetOTPBankValid  mpu6050.o
    0x080051f4   0x00000024   Code   RO          784    i.MPUgetXGyroOffset  mpu6050.o
    0x08005218   0x00000024   Code   RO          791    i.MPUgetYGyroOffset  mpu6050.o
    0x0800523c   0x00000024   Code   RO          798    i.MPUgetZGyroOffset  mpu6050.o
    0x08005260   0x0000004c   Code   RO          805    i.MPUinitialize     mpu6050.o
    0x080052ac   0x00000098   Code   RO          806    i.MPUreadMemoryBlock  mpu6050.o
    0x08005344   0x0000001c   Code   RO          807    i.MPUreadMemoryByte  mpu6050.o
    0x08005360   0x00000014   Code   RO          808    i.MPUreset          mpu6050.o
    0x08005374   0x00000014   Code   RO          810    i.MPUresetDMP       mpu6050.o
    0x08005388   0x00000014   Code   RO          811    i.MPUresetFIFO      mpu6050.o
    0x0800539c   0x00000014   Code   RO          813    i.MPUresetI2CMaster  mpu6050.o
    0x080053b0   0x00000018   Code   RO          823    i.MPUsetClockSource  mpu6050.o
    0x080053c8   0x00000018   Code   RO          825    i.MPUsetDLPFMode    mpu6050.o
    0x080053e0   0x00000010   Code   RO          826    i.MPUsetDMPConfig1  mpu6050.o
    0x080053f0   0x00000010   Code   RO          827    i.MPUsetDMPConfig2  mpu6050.o
    0x08005400   0x00000014   Code   RO          828    i.MPUsetDMPEnabled  mpu6050.o
    0x08005414   0x00000018   Code   RO          830    i.MPUsetExternalFrameSync  mpu6050.o
    0x0800542c   0x00000014   Code   RO          833    i.MPUsetFIFOEnabled  mpu6050.o
    0x08005440   0x00000018   Code   RO          840    i.MPUsetFullScaleGyroRange  mpu6050.o
    0x08005458   0x00000014   Code   RO          842    i.MPUsetI2CMasterModeEnabled  mpu6050.o
    0x0800546c   0x00000010   Code   RO          845    i.MPUsetIntEnabled  mpu6050.o
    0x0800547c   0x00000024   Code   RO          857    i.MPUsetMemoryBank  mpu6050.o
    0x080054a0   0x00000010   Code   RO          858    i.MPUsetMemoryStartAddress  mpu6050.o
    0x080054b0   0x00000010   Code   RO          860    i.MPUsetMotionDetectionDuration  mpu6050.o
    0x080054c0   0x00000010   Code   RO          861    i.MPUsetMotionDetectionThreshold  mpu6050.o
    0x080054d0   0x00000014   Code   RO          863    i.MPUsetOTPBankValid  mpu6050.o
    0x080054e4   0x00000010   Code   RO          864    i.MPUsetRate        mpu6050.o
    0x080054f4   0x0000001c   Code   RO          876    i.MPUsetSlaveAddress  mpu6050.o
    0x08005510   0x00000014   Code   RO          886    i.MPUsetSleepEnabled  mpu6050.o
    0x08005524   0x0000001c   Code   RO          901    i.MPUsetXGyroOffset  mpu6050.o
    0x08005540   0x00000010   Code   RO          902    i.MPUsetXGyroOffsetUser  mpu6050.o
    0x08005550   0x0000001c   Code   RO          906    i.MPUsetYGyroOffset  mpu6050.o
    0x0800556c   0x00000010   Code   RO          907    i.MPUsetYGyroOffsetUser  mpu6050.o
    0x0800557c   0x0000001c   Code   RO          911    i.MPUsetZGyroOffset  mpu6050.o
    0x08005598   0x00000010   Code   RO          912    i.MPUsetZGyroOffsetUser  mpu6050.o
    0x080055a8   0x00000010   Code   RO          913    i.MPUsetZeroMotionDetectionDuration  mpu6050.o
    0x080055b8   0x00000010   Code   RO          914    i.MPUsetZeroMotionDetectionThreshold  mpu6050.o
    0x080055c8   0x00000028   Code   RO          916    i.MPUtestConnection  mpu6050.o
    0x080055f0   0x00000070   Code   RO          917    i.MPUwriteDMPConfigurationSet  mpu6050.o
    0x08005660   0x000000e4   Code   RO          918    i.MPUwriteMemoryBlock  mpu6050.o
    0x08005744   0x00000006   Code   RO          920    i.MPUwriteProgDMPConfigurationSet  mpu6050.o
    0x0800574a   0x00000016   Code   RO          921    i.MPUwriteProgMemoryBlock  mpu6050.o
    0x08005760   0x0000004c   Code   RO         2381    i.MX_DMA_Init       dma.o
    0x080057ac   0x00000104   Code   RO          509    i.MX_GPIO_Init      gpio.o
    0x080058b0   0x00000040   Code   RO          419    i.MX_I2C1_Init      i2c.o
    0x080058f0   0x00000040   Code   RO          420    i.MX_I2C3_Init      i2c.o
    0x08005930   0x00000034   Code   RO          538    i.MX_TIM11_Init     tim.o
    0x08005964   0x00000060   Code   RO          539    i.MX_TIM1_Init      tim.o
    0x080059c4   0x00000078   Code   RO          540    i.MX_TIM2_Init      tim.o
    0x08005a3c   0x0000007c   Code   RO          541    i.MX_TIM3_Init      tim.o
    0x08005ab8   0x00000038   Code   RO          613    i.MX_USART2_UART_Init  usart.o
    0x08005af0   0x0000000e   Code   RO          321    i.SysTick_Handler   stm32f4xx_it.o
    0x08005afe   0x00000002   PAD
    0x08005b00   0x000000a0   Code   RO          170    i.SystemClock_Config  main.o
    0x08005ba0   0x00000058   Code   RO            5    i.SystemInit        system_stm32f4xx.o
    0x08005bf8   0x0000001c   Code   RO          322    i.TIM1_TRG_COM_TIM11_IRQHandler  stm32f4xx_it.o
    0x08005c14   0x0000000c   Code   RO          323    i.TIM2_IRQHandler   stm32f4xx_it.o
    0x08005c20   0x0000000c   Code   RO          324    i.TIM3_IRQHandler   stm32f4xx_it.o
    0x08005c2c   0x00000094   Code   RO         3630    i.TIM_Base_SetConfig  stm32f4xx_hal_tim.o
    0x08005cc0   0x0000001a   Code   RO         3631    i.TIM_CCxChannelCmd  stm32f4xx_hal_tim.o
    0x08005cda   0x00000056   Code   RO         3637    i.TIM_OC1_SetConfig  stm32f4xx_hal_tim.o
    0x08005d30   0x0000005e   Code   RO         3638    i.TIM_OC2_SetConfig  stm32f4xx_hal_tim.o
    0x08005d8e   0x00000010   Code   RO         4296    i.UART_DMAAbortOnError  stm32f4xx_hal_uart.o
    0x08005d9e   0x00000064   Code   RO         4297    i.UART_DMAError     stm32f4xx_hal_uart.o
    0x08005e02   0x0000003e   Code   RO         4298    i.UART_DMAReceiveCplt  stm32f4xx_hal_uart.o
    0x08005e40   0x0000000a   Code   RO         4300    i.UART_DMARxHalfCplt  stm32f4xx_hal_uart.o
    0x08005e4a   0x00000030   Code   RO         4302    i.UART_DMATransmitCplt  stm32f4xx_hal_uart.o
    0x08005e7a   0x0000000a   Code   RO         4304    i.UART_DMATxHalfCplt  stm32f4xx_hal_uart.o
    0x08005e84   0x0000008a   Code   RO         4306    i.UART_Receive_IT   stm32f4xx_hal_uart.o
    0x08005f0e   0x00000002   PAD
    0x08005f10   0x00000340   Code   RO         4307    i.UART_SetConfig    stm32f4xx_hal_uart.o
    0x08006250   0x00000074   Code   RO         4308    i.UART_WaitOnFlagUntilTimeout  stm32f4xx_hal_uart.o
    0x080062c4   0x0000002c   Code   RO          325    i.USART2_IRQHandler  stm32f4xx_it.o
    0x080062f0   0x00000058   Code   RO          171    i.USER_UART_IDLECallback  main.o
    0x08006348   0x00000020   Code   RO         5347    i.__0printf         mc_w.l(printfa.o)
    0x08006368   0x00000028   Code   RO         5349    i.__0sprintf        mc_w.l(printfa.o)
    0x08006390   0x00000030   Code   RO         5411    i.__ARM_fpclassify  m_wm.l(fpclassify.o)
    0x080063c0   0x00000360   Code   RO         5023    i.__hardfp_asin     m_wm.l(asin.o)
    0x08006720   0x000002d8   Code   RO         5037    i.__hardfp_atan     m_wm.l(atan.o)
    0x080069f8   0x000001f0   Code   RO         5051    i.__hardfp_atan2    m_wm.l(atan2.o)
    0x08006be8   0x00000c38   Code   RO         5063    i.__hardfp_pow      m_wm.l(pow.o)
    0x08007820   0x0000007a   Code   RO         5077    i.__hardfp_sqrt     m_wm.l(sqrt.o)
    0x0800789a   0x000000f8   Code   RO         5413    i.__kernel_poly     m_wm.l(poly.o)
    0x08007992   0x00000006   PAD
    0x08007998   0x00000030   Code   RO         5391    i.__mathlib_dbl_divzero  m_wm.l(dunder.o)
    0x080079c8   0x00000014   Code   RO         5392    i.__mathlib_dbl_infnan  m_wm.l(dunder.o)
    0x080079dc   0x00000014   Code   RO         5393    i.__mathlib_dbl_infnan2  m_wm.l(dunder.o)
    0x080079f0   0x00000020   Code   RO         5394    i.__mathlib_dbl_invalid  m_wm.l(dunder.o)
    0x08007a10   0x00000020   Code   RO         5395    i.__mathlib_dbl_overflow  m_wm.l(dunder.o)
    0x08007a30   0x00000020   Code   RO         5397    i.__mathlib_dbl_underflow  m_wm.l(dunder.o)
    0x08007a50   0x0000000e   Code   RO         5484    i.__scatterload_copy  mc_w.l(handlers.o)
    0x08007a5e   0x00000002   Code   RO         5485    i.__scatterload_null  mc_w.l(handlers.o)
    0x08007a60   0x0000000e   Code   RO         5486    i.__scatterload_zeroinit  mc_w.l(handlers.o)
    0x08007a6e   0x00000002   PAD
    0x08007a70   0x0000000c   Code   RO         5441    i.__set_errno       mc_w.l(errno.o)
    0x08007a7c   0x00000164   Code   RO         5354    i._fp_digits        mc_w.l(printfa.o)
    0x08007be0   0x0000000e   Code   RO         5379    i._is_digit         mc_w.l(scanf_fp.o)
    0x08007bee   0x00000002   PAD
    0x08007bf0   0x000006dc   Code   RO         5355    i._printf_core      mc_w.l(printfa.o)
    0x080082cc   0x00000024   Code   RO         5356    i._printf_post_padding  mc_w.l(printfa.o)
    0x080082f0   0x0000002e   Code   RO         5357    i._printf_pre_padding  mc_w.l(printfa.o)
    0x0800831e   0x0000000a   Code   RO         5359    i._sputc            mc_w.l(printfa.o)
    0x08008328   0x00000010   Code   RO         5039    i.atan              m_wm.l(atan.o)
    0x08008338   0x00000034   Code   RO          172    i.convert_position_data  main.o
    0x0800836c   0x00000018   Code   RO         5407    i.fabs              m_wm.l(fabs.o)
    0x08008384   0x0000001c   Code   RO          614    i.fputc             usart.o
    0x080083a0   0x00000410   Code   RO          178    i.main              main.o
    0x080087b0   0x0000006e   Code   RO         5079    i.sqrt              m_wm.l(sqrt.o)
    0x0800881e   0x00000878   Data   RO         2262    .constdata          mpu6050_6axis_motionapps20.o
    0x08009096   0x00000008   Data   RO         4728    .constdata          stm32f4xx_hal_dma.o
    0x0800909e   0x00000010   Data   RO         4898    .constdata          stm32f4xx_hal_rcc.o
    0x080090ae   0x00000002   PAD
    0x080090b0   0x00000050   Data   RO         5026    .constdata          m_wm.l(asin.o)
    0x08009100   0x00000098   Data   RO         5040    .constdata          m_wm.l(atan.o)
    0x08009198   0x00000088   Data   RO         5066    .constdata          m_wm.l(pow.o)
    0x08009220   0x00000008   Data   RO         5415    .constdata          m_wm.l(qnan.o)
    0x08009228   0x00000040   Data   RO         5480    .constdata          mc_w.l(ctype_c.o)
    0x08009268   0x00000052   Data   RO          183    .conststring        main.o
    0x080092ba   0x00000002   PAD
    0x080092bc   0x00000020   Data   RO         5482    Region$$Table       anon$$obj.o


    Execution Region RW_IRAM1 (Base: 0x20000000, Size: 0x000009d0, Max: 0x00018000, ABSOLUTE)

    Base Addr    Size         Type   Attr      Idx    E Section Name        Object

    0x20000000   0x00000004   Data   RW            8    .data               system_stm32f4xx.o
    0x20000004   0x00000028   Data   RW          184    .data               main.o
    0x2000002c   0x00000001   Data   RW          924    .data               mpu6050.o
    0x2000002d   0x00000003   PAD
    0x20000030   0x00000004   Data   RW         2263    .data               mpu6050_6axis_motionapps20.o
    0x20000034   0x00000004   Data   RW         4590    .data               stm32f4xx_hal.o
    0x20000038   0x00000004   Data   RW         5430    .data               mc_w.l(stdout.o)
    0x2000003c   0x00000004   Data   RW         5442    .data               mc_w.l(errno.o)
    0x20000040   0x00000274   Zero   RW          182    .bss                main.o
    0x200002b4   0x00000108   Zero   RW          421    .bss                i2c.o
    0x200003bc   0x000000f0   Zero   RW          542    .bss                tim.o
    0x200004ac   0x00000100   Zero   RW          615    .bss                usart.o
    0x200005ac   0x0000001e   Zero   RW          922    .bss                mpu6050.o
    0x200005ca   0x00000006   PAD
    0x200005d0   0x00000400   Zero   RW         5016    STACK               startup_stm32f401xe.o


==============================================================================

Image component sizes


      Code (inc. data)   RO Data    RW Data    ZI Data      Debug   Object Name

        76          4          0          0          0        786   dma.o
       260         20          0          0          0       1039   gpio.o
      1004         94          0          0        264       8041   i2c.o
      1390        212         82         40        628       7678   main.o
      1512        256          0          1         30      36272   mpu6050.o
      3986       2330       2168          4          0      16744   mpu6050_6axis_motionapps20.o
        36          8        404          0       1024        812   startup_stm32f401xe.o
       142         22          0          4          0       4419   stm32f4xx_hal.o
       236         16          0          0          0      31397   stm32f4xx_hal_cortex.o
      1034         24          8          0          0       4666   stm32f4xx_hal_dma.o
       508         18          0          0          0       3500   stm32f4xx_hal_gpio.o
      4802         92          0          0          0      23640   stm32f4xx_hal_i2c.o
        88          0          0          0          0        530   stm32f4xx_hal_msp.o
      1672        100         16          0          0       5935   stm32f4xx_hal_rcc.o
      1700         20          0          0          0      12906   stm32f4xx_hal_tim.o
       104          0          0          0          0       2402   stm32f4xx_hal_tim_ex.o
      2422         44          0          0          0      14640   stm32f4xx_hal_uart.o
       194         70          0          0          0       6541   stm32f4xx_it.o
        88         24          0          4          0     414543   system_stm32f4xx.o
       740         58          0          0        240       5127   tim.o
       316         38          0          0        256       2400   usart.o

    ----------------------------------------------------------------------
     22332       3450       2714         56       2448     604018   Object Totals
         0          0         32          0          0          0   (incl. Generated)
        22          0          4          3          6          0   (incl. Padding)

    ----------------------------------------------------------------------

      Code (inc. data)   RO Data    RW Data    ZI Data      Debug   Library Member Name

       864         94         80          0          0        280   asin.o
       744        106        152          0          0        352   atan.o
       496         64          0          0          0        192   atan2.o
       184         44          0          0          0        744   dunder.o
        24          0          0          0          0        124   fabs.o
        48          0          0          0          0        124   fpclassify.o
       248          0          0          0          0        152   poly.o
      3128        302        136          0          0        356   pow.o
         0          0          8          0          0          0   qnan.o
       232          0          0          0          0        296   sqrt.o
        56          8          0          0          0         84   __0sscanf.o
       812          4          0          0          0        112   _scanf.o
        64          0          0          0          0         84   _sgetc.o
        40          6         64          0          0         68   ctype_c.o
         0          0          0          0          0          0   entry.o
         0          0          0          0          0          0   entry10a.o
         0          0          0          0          0          0   entry11a.o
         8          4          0          0          0          0   entry2.o
         4          0          0          0          0          0   entry5.o
         0          0          0          0          0          0   entry7b.o
         0          0          0          0          0          0   entry8b.o
         8          4          0          0          0          0   entry9a.o
        12          6          0          4          0         68   errno.o
        30          0          0          0          0          0   handlers.o
        36          8          0          0          0         68   init.o
        10          0          0          0          0         68   isspace_c.o
         0          0          0          0          0          0   iusefp.o
        30          0          0          0          0         68   llshl.o
        36          0          0          0          0         68   llsshr.o
        32          0          0          0          0         68   llushr.o
        26          0          0          0          0         80   memcmp.o
        36          0          0          0          0        108   memseta.o
      2276         96          0          0          0        596   printfa.o
        40          8          0          0          0         84   scanf_char.o
       838         12          0          0          0        216   scanf_fp.o
         0          0          0          4          0          0   stdout.o
        20          0          0          0          0         68   strchr.o
        18          0          0          0          0         68   strcpy.o
        14          0          0          0          0         68   strlen.o
        44          0          0          0          0         80   uidiv.o
        98          0          0          0          0         92   uldiv.o
        48          0          0          0          0         68   cdrcmple.o
        56          0          0          0          0         88   d2f.o
       334          0          0          0          0        148   dadd.o
       222          0          0          0          0        100   ddiv.o
       186          0          0          0          0        176   depilogue.o
        48          0          0          0          0         68   dfixul.o
        34          0          0          0          0         76   dflti.o
        24          0          0          0          0         76   dfltul.o
       228          0          0          0          0         96   dmul.o
        46          0          0          0          0         80   dscalb.o
       162          0          0          0          0        100   dsqrt.o
        38          0          0          0          0         68   f2d.o
       110          0          0          0          0        168   fepilogue.o

    ----------------------------------------------------------------------
     12110        766        440          8          0       6148   Library Totals
        18          0          0          0          0          0   (incl. Padding)

    ----------------------------------------------------------------------

      Code (inc. data)   RO Data    RW Data    ZI Data      Debug   Library Name

      5968        610        376          0          0       2620   m_wm.l
      4588        156         64          8          0       2216   mc_w.l
      1536          0          0          0          0       1312   mf_w.l

    ----------------------------------------------------------------------
     12110        766        440          8          0       6148   Library Totals

    ----------------------------------------------------------------------

==============================================================================


      Code (inc. data)   RO Data    RW Data    ZI Data      Debug   

     34442       4216       3154         64       2448     589446   Grand Totals
     34442       4216       3154         64       2448     589446   ELF Image Totals
     34442       4216       3154         64          0          0   ROM Totals

==============================================================================

    Total RO  Size (Code + RO Data)                37596 (  36.71kB)
    Total RW  Size (RW Data + ZI Data)              2512 (   2.45kB)
    Total ROM Size (Code + RO Data + RW Data)      37660 (  36.78kB)

==============================================================================

